17:26:24 **** Clean-only build of configuration Debug for project AD128S_SPI ****
make clean 
rm -rf  ./src/COMMON.o ./src/ISR.o ./src/main.o  ./ACZ702_Lib/SCU/SCU_GIC.o ./ACZ702_Lib/SCU/SCU_TIMER.o  ./ACZ702_Lib/PS_SPI/PS_SPI.o  ./ACZ702_Lib/PS_GPIO/PS_GPIO.o  ./src/COMMON.d ./src/ISR.d ./src/main.d  ./ACZ702_Lib/SCU/SCU_GIC.d ./ACZ702_Lib/SCU/SCU_TIMER.d  ./ACZ702_Lib/PS_SPI/PS_SPI.d  ./ACZ702_Lib/PS_GPIO/PS_GPIO.d  AD128S_SPI.elf.size  AD128S_SPI.elf
' '
17:26:25 **** Clean-only build of project AD128S_SPI_bsp ****
make -k clean 
make -C ps7_cortexa9_0/libsrc/coresightps_dcc_v1_4/src -s clean 
make -C ps7_cortexa9_0/libsrc/cpu_cortexa9_v2_7/src -s clean 
make -C ps7_cortexa9_0/libsrc/ddrps_v1_0/src -s clean 
make -C ps7_cortexa9_0/libsrc/devcfg_v3_5/src -s clean 
make -C ps7_cortexa9_0/libsrc/dmaps_v2_4/src -s clean 
make -C ps7_cortexa9_0/libsrc/emacps_v3_8/src -s clean 
make -C ps7_cortexa9_0/libsrc/gpiops_v3_4/src -s clean 
make -C ps7_cortexa9_0/libsrc/qspips_v3_5/src -s clean 
make -C ps7_cortexa9_0/libsrc/scugic_v3_10/src -s clean 
make -C ps7_cortexa9_0/libsrc/scutimer_v2_1/src -s clean 
make -C ps7_cortexa9_0/libsrc/scuwdt_v2_1/src -s clean 
make -C ps7_cortexa9_0/libsrc/sdps_v3_6/src -s clean 
make -C ps7_cortexa9_0/libsrc/spips_v3_1/src -s clean 
make -C ps7_cortexa9_0/libsrc/standalone_v6_8/src -s clean 
make -C ps7_cortexa9_0/libsrc/uartps_v3_7/src -s clean 
make -C ps7_cortexa9_0/libsrc/xadcps_v2_3/src -s clean 
rm -f ps7_cortexa9_0/lib/libxil.a
17:26:26 **** Build of project AD128S_SPI_bsp ****
make -k all 
"Running Make include in ps7_cortexa9_0/libsrc/coresightps_dcc_v1_4/src"
make -C ps7_cortexa9_0/libsrc/coresightps_dcc_v1_4/src -s include  "SHELL=CMD" "COMPILER=arm-none-eabi-gcc" "ARCHIVER=arm-none-eabi-ar" "COMPILER_FLAGS=  -O2 -c" "EXTRA_COMPILER_FLAGS=-mcpu=cortex-a9 -mfpu=vfpv3 -mfloat-abi=hard -nostartfiles -g -Wall -Wextra"
"Running Make include in ps7_cortexa9_0/libsrc/cpu_cortexa9_v2_7/src"
make -C ps7_cortexa9_0/libsrc/cpu_cortexa9_v2_7/src -s include  "SHELL=CMD" "COMPILER=arm-none-eabi-gcc" "ARCHIVER=arm-none-eabi-ar" "COMPILER_FLAGS=  -O2 -c" "EXTRA_COMPILER_FLAGS=-mcpu=cortex-a9 -mfpu=vfpv3 -mfloat-abi=hard -nostartfiles -g -Wall -Wextra"
"Running Make include in ps7_cortexa9_0/libsrc/ddrps_v1_0/src"
make -C ps7_cortexa9_0/libsrc/ddrps_v1_0/src -s include  "SHELL=CMD" "COMPILER=arm-none-eabi-gcc" "ARCHIVER=arm-none-eabi-ar" "COMPILER_FLAGS=  -O2 -c" "EXTRA_COMPILER_FLAGS=-mcpu=cortex-a9 -mfpu=vfpv3 -mfloat-abi=hard -nostartfiles -g -Wall -Wextra"
"Running Make include in ps7_cortexa9_0/libsrc/devcfg_v3_5/src"
make -C ps7_cortexa9_0/libsrc/devcfg_v3_5/src -s include  "SHELL=CMD" "COMPILER=arm-none-eabi-gcc" "ARCHIVER=arm-none-eabi-ar" "COMPILER_FLAGS=  -O2 -c" "EXTRA_COMPILER_FLAGS=-mcpu=cortex-a9 -mfpu=vfpv3 -mfloat-abi=hard -nostartfiles -g -Wall -Wextra"
"Running Make include in ps7_cortexa9_0/libsrc/dmaps_v2_4/src"
make -C ps7_cortexa9_0/libsrc/dmaps_v2_4/src -s include  "SHELL=CMD" "COMPILER=arm-none-eabi-gcc" "ARCHIVER=arm-none-eabi-ar" "COMPILER_FLAGS=  -O2 -c" "EXTRA_COMPILER_FLAGS=-mcpu=cortex-a9 -mfpu=vfpv3 -mfloat-abi=hard -nostartfiles -g -Wall -Wextra"
"Running Make include in ps7_cortexa9_0/libsrc/emacps_v3_8/src"
make -C ps7_cortexa9_0/libsrc/emacps_v3_8/src -s include  "SHELL=CMD" "COMPILER=arm-none-eabi-gcc" "ARCHIVER=arm-none-eabi-ar" "COMPILER_FLAGS=  -O2 -c" "EXTRA_COMPILER_FLAGS=-mcpu=cortex-a9 -mfpu=vfpv3 -mfloat-abi=hard -nostartfiles -g -Wall -Wextra"
"Running Make include in ps7_cortexa9_0/libsrc/gpiops_v3_4/src"
make -C ps7_cortexa9_0/libsrc/gpiops_v3_4/src -s include  "SHELL=CMD" "COMPILER=arm-none-eabi-gcc" "ARCHIVER=arm-none-eabi-ar" "COMPILER_FLAGS=  -O2 -c" "EXTRA_COMPILER_FLAGS=-mcpu=cortex-a9 -mfpu=vfpv3 -mfloat-abi=hard -nostartfiles -g -Wall -Wextra"
"Running Make include in ps7_cortexa9_0/libsrc/qspips_v3_5/src"
make -C ps7_cortexa9_0/libsrc/qspips_v3_5/src -s include  "SHELL=CMD" "COMPILER=arm-none-eabi-gcc" "ARCHIVER=arm-none-eabi-ar" "COMPILER_FLAGS=  -O2 -c" "EXTRA_COMPILER_FLAGS=-mcpu=cortex-a9 -mfpu=vfpv3 -mfloat-abi=hard -nostartfiles -g -Wall -Wextra"
"Running Make include in ps7_cortexa9_0/libsrc/scugic_v3_10/src"
make -C ps7_cortexa9_0/libsrc/scugic_v3_10/src -s include  "SHELL=CMD" "COMPILER=arm-none-eabi-gcc" "ARCHIVER=arm-none-eabi-ar" "COMPILER_FLAGS=  -O2 -c" "EXTRA_COMPILER_FLAGS=-mcpu=cortex-a9 -mfpu=vfpv3 -mfloat-abi=hard -nostartfiles -g -Wall -Wextra"
"Running Make include in ps7_cortexa9_0/libsrc/scutimer_v2_1/src"
make -C ps7_cortexa9_0/libsrc/scutimer_v2_1/src -s include  "SHELL=CMD" "COMPILER=arm-none-eabi-gcc" "ARCHIVER=arm-none-eabi-ar" "COMPILER_FLAGS=  -O2 -c" "EXTRA_COMPILER_FLAGS=-mcpu=cortex-a9 -mfpu=vfpv3 -mfloat-abi=hard -nostartfiles -g -Wall -Wextra"
"Running Make include in ps7_cortexa9_0/libsrc/scuwdt_v2_1/src"
make -C ps7_cortexa9_0/libsrc/scuwdt_v2_1/src -s include  "SHELL=CMD" "COMPILER=arm-none-eabi-gcc" "ARCHIVER=arm-none-eabi-ar" "COMPILER_FLAGS=  -O2 -c" "EXTRA_COMPILER_FLAGS=-mcpu=cortex-a9 -mfpu=vfpv3 -mfloat-abi=hard -nostartfiles -g -Wall -Wextra"
"Running Make include in ps7_cortexa9_0/libsrc/sdps_v3_6/src"
make -C ps7_cortexa9_0/libsrc/sdps_v3_6/src -s include  "SHELL=CMD" "COMPILER=arm-none-eabi-gcc" "ARCHIVER=arm-none-eabi-ar" "COMPILER_FLAGS=  -O2 -c" "EXTRA_COMPILER_FLAGS=-mcpu=cortex-a9 -mfpu=vfpv3 -mfloat-abi=hard -nostartfiles -g -Wall -Wextra"
"Running Make include in ps7_cortexa9_0/libsrc/spips_v3_1/src"
make -C ps7_cortexa9_0/libsrc/spips_v3_1/src -s include  "SHELL=CMD" "COMPILER=arm-none-eabi-gcc" "ARCHIVER=arm-none-eabi-ar" "COMPILER_FLAGS=  -O2 -c" "EXTRA_COMPILER_FLAGS=-mcpu=cortex-a9 -mfpu=vfpv3 -mfloat-abi=hard -nostartfiles -g -Wall -Wextra"
"Running Make include in ps7_cortexa9_0/libsrc/standalone_v6_8/src"
make -C ps7_cortexa9_0/libsrc/standalone_v6_8/src -s include  "SHELL=CMD" "COMPILER=arm-none-eabi-gcc" "ARCHIVER=arm-none-eabi-ar" "COMPILER_FLAGS=  -O2 -c" "EXTRA_COMPILER_FLAGS=-mcpu=cortex-a9 -mfpu=vfpv3 -mfloat-abi=hard -nostartfiles -g -Wall -Wextra"
"Running Make include in ps7_cortexa9_0/libsrc/uartps_v3_7/src"
make -C ps7_cortexa9_0/libsrc/uartps_v3_7/src -s include  "SHELL=CMD" "COMPILER=arm-none-eabi-gcc" "ARCHIVER=arm-none-eabi-ar" "COMPILER_FLAGS=  -O2 -c" "EXTRA_COMPILER_FLAGS=-mcpu=cortex-a9 -mfpu=vfpv3 -mfloat-abi=hard -nostartfiles -g -Wall -Wextra"
"Running Make include in ps7_cortexa9_0/libsrc/xadcps_v2_3/src"
make -C ps7_cortexa9_0/libsrc/xadcps_v2_3/src -s include  "SHELL=CMD" "COMPILER=arm-none-eabi-gcc" "ARCHIVER=arm-none-eabi-ar" "COMPILER_FLAGS=  -O2 -c" "EXTRA_COMPILER_FLAGS=-mcpu=cortex-a9 -mfpu=vfpv3 -mfloat-abi=hard -nostartfiles -g -Wall -Wextra"
"Running Make libs in ps7_cortexa9_0/libsrc/coresightps_dcc_v1_4/src"
make -C ps7_cortexa9_0/libsrc/coresightps_dcc_v1_4/src -s libs  "SHELL=CMD" "COMPILER=arm-none-eabi-gcc" "ARCHIVER=arm-none-eabi-ar" "COMPILER_FLAGS=  -O2 -c" "EXTRA_COMPILER_FLAGS=-mcpu=cortex-a9 -mfpu=vfpv3 -mfloat-abi=hard -nostartfiles -g -Wall -Wextra"
"Compiling coresightps_dcc"
arm-none-eabi-ar: creating ../../../lib/libxil.a
"Running Make libs in ps7_cortexa9_0/libsrc/cpu_cortexa9_v2_7/src"
make -C ps7_cortexa9_0/libsrc/cpu_cortexa9_v2_7/src -s libs  "SHELL=CMD" "COMPILER=arm-none-eabi-gcc" "ARCHIVER=arm-none-eabi-ar" "COMPILER_FLAGS=  -O2 -c" "EXTRA_COMPILER_FLAGS=-mcpu=cortex-a9 -mfpu=vfpv3 -mfloat-abi=hard -nostartfiles -g -Wall -Wextra"
"Compiling cpu_cortexa9"
"Running Make libs in ps7_cortexa9_0/libsrc/ddrps_v1_0/src"
make -C ps7_cortexa9_0/libsrc/ddrps_v1_0/src -s libs  "SHELL=CMD" "COMPILER=arm-none-eabi-gcc" "ARCHIVER=arm-none-eabi-ar" "COMPILER_FLAGS=  -O2 -c" "EXTRA_COMPILER_FLAGS=-mcpu=cortex-a9 -mfpu=vfpv3 -mfloat-abi=hard -nostartfiles -g -Wall -Wextra"
"Compiling ddrps"
"Running Make libs in ps7_cortexa9_0/libsrc/devcfg_v3_5/src"
make -C ps7_cortexa9_0/libsrc/devcfg_v3_5/src -s libs  "SHELL=CMD" "COMPILER=arm-none-eabi-gcc" "ARCHIVER=arm-none-eabi-ar" "COMPILER_FLAGS=  -O2 -c" "EXTRA_COMPILER_FLAGS=-mcpu=cortex-a9 -mfpu=vfpv3 -mfloat-abi=hard -nostartfiles -g -Wall -Wextra"
"Compiling devcfg"
"Running Make libs in ps7_cortexa9_0/libsrc/dmaps_v2_4/src"
make -C ps7_cortexa9_0/libsrc/dmaps_v2_4/src -s libs  "SHELL=CMD" "COMPILER=arm-none-eabi-gcc" "ARCHIVER=arm-none-eabi-ar" "COMPILER_FLAGS=  -O2 -c" "EXTRA_COMPILER_FLAGS=-mcpu=cortex-a9 -mfpu=vfpv3 -mfloat-abi=hard -nostartfiles -g -Wall -Wextra"
"Compiling dmaps"
"Running Make libs in ps7_cortexa9_0/libsrc/emacps_v3_8/src"
make -C ps7_cortexa9_0/libsrc/emacps_v3_8/src -s libs  "SHELL=CMD" "COMPILER=arm-none-eabi-gcc" "ARCHIVER=arm-none-eabi-ar" "COMPILER_FLAGS=  -O2 -c" "EXTRA_COMPILER_FLAGS=-mcpu=cortex-a9 -mfpu=vfpv3 -mfloat-abi=hard -nostartfiles -g -Wall -Wextra"
"Compiling emacps"
"Running Make libs in ps7_cortexa9_0/libsrc/gpiops_v3_4/src"
make -C ps7_cortexa9_0/libsrc/gpiops_v3_4/src -s libs  "SHELL=CMD" "COMPILER=arm-none-eabi-gcc" "ARCHIVER=arm-none-eabi-ar" "COMPILER_FLAGS=  -O2 -c" "EXTRA_COMPILER_FLAGS=-mcpu=cortex-a9 -mfpu=vfpv3 -mfloat-abi=hard -nostartfiles -g -Wall -Wextra"
"Compiling gpiops"
"Running Make libs in ps7_cortexa9_0/libsrc/qspips_v3_5/src"
make -C ps7_cortexa9_0/libsrc/qspips_v3_5/src -s libs  "SHELL=CMD" "COMPILER=arm-none-eabi-gcc" "ARCHIVER=arm-none-eabi-ar" "COMPILER_FLAGS=  -O2 -c" "EXTRA_COMPILER_FLAGS=-mcpu=cortex-a9 -mfpu=vfpv3 -mfloat-abi=hard -nostartfiles -g -Wall -Wextra"
"Compiling qspips"
"Running Make libs in ps7_cortexa9_0/libsrc/scugic_v3_10/src"
make -C ps7_cortexa9_0/libsrc/scugic_v3_10/src -s libs  "SHELL=CMD" "COMPILER=arm-none-eabi-gcc" "ARCHIVER=arm-none-eabi-ar" "COMPILER_FLAGS=  -O2 -c" "EXTRA_COMPILER_FLAGS=-mcpu=cortex-a9 -mfpu=vfpv3 -mfloat-abi=hard -nostartfiles -g -Wall -Wextra"
"Compiling scugic"
"Running Make libs in ps7_cortexa9_0/libsrc/scutimer_v2_1/src"
make -C ps7_cortexa9_0/libsrc/scutimer_v2_1/src -s libs  "SHELL=CMD" "COMPILER=arm-none-eabi-gcc" "ARCHIVER=arm-none-eabi-ar" "COMPILER_FLAGS=  -O2 -c" "EXTRA_COMPILER_FLAGS=-mcpu=cortex-a9 -mfpu=vfpv3 -mfloat-abi=hard -nostartfiles -g -Wall -Wextra"
"Compiling scutimer"
"Running Make libs in ps7_cortexa9_0/libsrc/scuwdt_v2_1/src"
make -C ps7_cortexa9_0/libsrc/scuwdt_v2_1/src -s libs  "SHELL=CMD" "COMPILER=arm-none-eabi-gcc" "ARCHIVER=arm-none-eabi-ar" "COMPILER_FLAGS=  -O2 -c" "EXTRA_COMPILER_FLAGS=-mcpu=cortex-a9 -mfpu=vfpv3 -mfloat-abi=hard -nostartfiles -g -Wall -Wextra"
"Compiling scuwdt"
"Running Make libs in ps7_cortexa9_0/libsrc/sdps_v3_6/src"
make -C ps7_cortexa9_0/libsrc/sdps_v3_6/src -s libs  "SHELL=CMD" "COMPILER=arm-none-eabi-gcc" "ARCHIVER=arm-none-eabi-ar" "COMPILER_FLAGS=  -O2 -c" "EXTRA_COMPILER_FLAGS=-mcpu=cortex-a9 -mfpu=vfpv3 -mfloat-abi=hard -nostartfiles -g -Wall -Wextra"
"Compiling sdps"
"Running Make libs in ps7_cortexa9_0/libsrc/spips_v3_1/src"
make -C ps7_cortexa9_0/libsrc/spips_v3_1/src -s libs  "SHELL=CMD" "COMPILER=arm-none-eabi-gcc" "ARCHIVER=arm-none-eabi-ar" "COMPILER_FLAGS=  -O2 -c" "EXTRA_COMPILER_FLAGS=-mcpu=cortex-a9 -mfpu=vfpv3 -mfloat-abi=hard -nostartfiles -g -Wall -Wextra"
"Compiling spips"
"Running Make libs in ps7_cortexa9_0/libsrc/standalone_v6_8/src"
make -C ps7_cortexa9_0/libsrc/standalone_v6_8/src -s libs  "SHELL=CMD" "COMPILER=arm-none-eabi-gcc" "ARCHIVER=arm-none-eabi-ar" "COMPILER_FLAGS=  -O2 -c" "EXTRA_COMPILER_FLAGS=-mcpu=cortex-a9 -mfpu=vfpv3 -mfloat-abi=hard -nostartfiles -g -Wall -Wextra"
"Compiling standalone"
In file included from usleep.c:56:0:
xtime_l.h:87:9: note: #pragma message: For the sleep routines, Global timer is being used
 #pragma message ("For the sleep routines, Global timer is being used")
         ^~~~~~~
In file included from xil_sleeptimer.c:51:0:
xtime_l.h:87:9: note: #pragma message: For the sleep routines, Global timer is being used
 #pragma message ("For the sleep routines, Global timer is being used")
         ^~~~~~~
In file included from xtime_l.c:49:0:
xtime_l.h:87:9: note: #pragma message: For the sleep routines, Global timer is being used
 #pragma message ("For the sleep routines, Global timer is being used")
         ^~~~~~~
In file included from sleep.c:53:0:
xtime_l.h:87:9: note: #pragma message: For the sleep routines, Global timer is being used
 #pragma message ("For the sleep routines, Global timer is being used")
         ^~~~~~~
"Running Make libs in ps7_cortexa9_0/libsrc/uartps_v3_7/src"
make -C ps7_cortexa9_0/libsrc/uartps_v3_7/src -s libs  "SHELL=CMD" "COMPILER=arm-none-eabi-gcc" "ARCHIVER=arm-none-eabi-ar" "COMPILER_FLAGS=  -O2 -c" "EXTRA_COMPILER_FLAGS=-mcpu=cortex-a9 -mfpu=vfpv3 -mfloat-abi=hard -nostartfiles -g -Wall -Wextra"
"Compiling uartps"
"Running Make libs in ps7_cortexa9_0/libsrc/xadcps_v2_3/src"
make -C ps7_cortexa9_0/libsrc/xadcps_v2_3/src -s libs  "SHELL=CMD" "COMPILER=arm-none-eabi-gcc" "ARCHIVER=arm-none-eabi-ar" "COMPILER_FLAGS=  -O2 -c" "EXTRA_COMPILER_FLAGS=-mcpu=cortex-a9 -mfpu=vfpv3 -mfloat-abi=hard -nostartfiles -g -Wall -Wextra"
"Compiling xadcps"
'Finished building libraries'
17:26:43 **** Build of configuration Debug for project AD128S_SPI ****
make pre-build main-build 
a9-linaro-pre-build-step
' '
'Building file: ../src/COMMON.c'
'Invoking: ARM v7 gcc compiler'
arm-none-eabi-gcc -Wall -O0 -g3 -I../../AD128S_SPI_bsp/ps7_cortexa9_0/include -I"F:\ZYNQ_Project\ACZ702_Project\Debugging\AD128S_SPI\AD128S_SPI.sdk\AD128S_SPI\ACZ702_Lib\PS_GPIO" -I"F:\ZYNQ_Project\ACZ702_Project\Debugging\AD128S_SPI\AD128S_SPI.sdk\AD128S_SPI\ACZ702_Lib\PS_SPI" -I"F:\ZYNQ_Project\ACZ702_Project\Debugging\AD128S_SPI\AD128S_SPI.sdk\AD128S_SPI\ACZ702_Lib\SCU" -I"F:\ZYNQ_Project\ACZ702_Project\Debugging\AD128S_SPI\AD128S_SPI.sdk\AD128S_SPI\src" -c -fmessage-length=0 -MT"src/COMMON.o" -mcpu=cortex-a9 -mfpu=vfpv3 -mfloat-abi=hard -MMD -MP -MF"src/COMMON.d" -MT"src/COMMON.o" -o "src/COMMON.o" "../src/COMMON.c"
'Finished building: ../src/COMMON.c'
' '
'Building file: ../src/ISR.c'
'Invoking: ARM v7 gcc compiler'
arm-none-eabi-gcc -Wall -O0 -g3 -I../../AD128S_SPI_bsp/ps7_cortexa9_0/include -I"F:\ZYNQ_Project\ACZ702_Project\Debugging\AD128S_SPI\AD128S_SPI.sdk\AD128S_SPI\ACZ702_Lib\PS_GPIO" -I"F:\ZYNQ_Project\ACZ702_Project\Debugging\AD128S_SPI\AD128S_SPI.sdk\AD128S_SPI\ACZ702_Lib\PS_SPI" -I"F:\ZYNQ_Project\ACZ702_Project\Debugging\AD128S_SPI\AD128S_SPI.sdk\AD128S_SPI\ACZ702_Lib\SCU" -I"F:\ZYNQ_Project\ACZ702_Project\Debugging\AD128S_SPI\AD128S_SPI.sdk\AD128S_SPI\src" -c -fmessage-length=0 -MT"src/ISR.o" -mcpu=cortex-a9 -mfpu=vfpv3 -mfloat-abi=hard -MMD -MP -MF"src/ISR.d" -MT"src/ISR.o" -o "src/ISR.o" "../src/ISR.c"
'Finished building: ../src/ISR.c'
' '
'Building file: ../src/main.c'
'Invoking: ARM v7 gcc compiler'
arm-none-eabi-gcc -Wall -O0 -g3 -I../../AD128S_SPI_bsp/ps7_cortexa9_0/include -I"F:\ZYNQ_Project\ACZ702_Project\Debugging\AD128S_SPI\AD128S_SPI.sdk\AD128S_SPI\ACZ702_Lib\PS_GPIO" -I"F:\ZYNQ_Project\ACZ702_Project\Debugging\AD128S_SPI\AD128S_SPI.sdk\AD128S_SPI\ACZ702_Lib\PS_SPI" -I"F:\ZYNQ_Project\ACZ702_Project\Debugging\AD128S_SPI\AD128S_SPI.sdk\AD128S_SPI\ACZ702_Lib\SCU" -I"F:\ZYNQ_Project\ACZ702_Project\Debugging\AD128S_SPI\AD128S_SPI.sdk\AD128S_SPI\src" -c -fmessage-length=0 -MT"src/main.o" -mcpu=cortex-a9 -mfpu=vfpv3 -mfloat-abi=hard -MMD -MP -MF"src/main.d" -MT"src/main.o" -o "src/main.o" "../src/main.c"
'Finished building: ../src/main.c'
' '
'Building file: ../ACZ702_Lib/SCU/SCU_GIC.c'
'Invoking: ARM v7 gcc compiler'
arm-none-eabi-gcc -Wall -O0 -g3 -I../../AD128S_SPI_bsp/ps7_cortexa9_0/include -I"F:\ZYNQ_Project\ACZ702_Project\Debugging\AD128S_SPI\AD128S_SPI.sdk\AD128S_SPI\ACZ702_Lib\PS_GPIO" -I"F:\ZYNQ_Project\ACZ702_Project\Debugging\AD128S_SPI\AD128S_SPI.sdk\AD128S_SPI\ACZ702_Lib\PS_SPI" -I"F:\ZYNQ_Project\ACZ702_Project\Debugging\AD128S_SPI\AD128S_SPI.sdk\AD128S_SPI\ACZ702_Lib\SCU" -I"F:\ZYNQ_Project\ACZ702_Project\Debugging\AD128S_SPI\AD128S_SPI.sdk\AD128S_SPI\src" -c -fmessage-length=0 -MT"ACZ702_Lib/SCU/SCU_GIC.o" -mcpu=cortex-a9 -mfpu=vfpv3 -mfloat-abi=hard -MMD -MP -MF"ACZ702_Lib/SCU/SCU_GIC.d" -MT"ACZ702_Lib/SCU/SCU_GIC.o" -o "ACZ702_Lib/SCU/SCU_GIC.o" "../ACZ702_Lib/SCU/SCU_GIC.c"
'Finished building: ../ACZ702_Lib/SCU/SCU_GIC.c'
' '
'Building file: ../ACZ702_Lib/SCU/SCU_TIMER.c'
'Invoking: ARM v7 gcc compiler'
arm-none-eabi-gcc -Wall -O0 -g3 -I../../AD128S_SPI_bsp/ps7_cortexa9_0/include -I"F:\ZYNQ_Project\ACZ702_Project\Debugging\AD128S_SPI\AD128S_SPI.sdk\AD128S_SPI\ACZ702_Lib\PS_GPIO" -I"F:\ZYNQ_Project\ACZ702_Project\Debugging\AD128S_SPI\AD128S_SPI.sdk\AD128S_SPI\ACZ702_Lib\PS_SPI" -I"F:\ZYNQ_Project\ACZ702_Project\Debugging\AD128S_SPI\AD128S_SPI.sdk\AD128S_SPI\ACZ702_Lib\SCU" -I"F:\ZYNQ_Project\ACZ702_Project\Debugging\AD128S_SPI\AD128S_SPI.sdk\AD128S_SPI\src" -c -fmessage-length=0 -MT"ACZ702_Lib/SCU/SCU_TIMER.o" -mcpu=cortex-a9 -mfpu=vfpv3 -mfloat-abi=hard -MMD -MP -MF"ACZ702_Lib/SCU/SCU_TIMER.d" -MT"ACZ702_Lib/SCU/SCU_TIMER.o" -o "ACZ702_Lib/SCU/SCU_TIMER.o" "../ACZ702_Lib/SCU/SCU_TIMER.c"
'Finished building: ../ACZ702_Lib/SCU/SCU_TIMER.c'
' '
'Building file: ../ACZ702_Lib/PS_SPI/PS_SPI.c'
'Invoking: ARM v7 gcc compiler'
arm-none-eabi-gcc -Wall -O0 -g3 -I../../AD128S_SPI_bsp/ps7_cortexa9_0/include -I"F:\ZYNQ_Project\ACZ702_Project\Debugging\AD128S_SPI\AD128S_SPI.sdk\AD128S_SPI\ACZ702_Lib\PS_GPIO" -I"F:\ZYNQ_Project\ACZ702_Project\Debugging\AD128S_SPI\AD128S_SPI.sdk\AD128S_SPI\ACZ702_Lib\PS_SPI" -I"F:\ZYNQ_Project\ACZ702_Project\Debugging\AD128S_SPI\AD128S_SPI.sdk\AD128S_SPI\ACZ702_Lib\SCU" -I"F:\ZYNQ_Project\ACZ702_Project\Debugging\AD128S_SPI\AD128S_SPI.sdk\AD128S_SPI\src" -c -fmessage-length=0 -MT"ACZ702_Lib/PS_SPI/PS_SPI.o" -mcpu=cortex-a9 -mfpu=vfpv3 -mfloat-abi=hard -MMD -MP -MF"ACZ702_Lib/PS_SPI/PS_SPI.d" -MT"ACZ702_Lib/PS_SPI/PS_SPI.o" -o "ACZ702_Lib/PS_SPI/PS_SPI.o" "../ACZ702_Lib/PS_SPI/PS_SPI.c"
'Finished building: ../ACZ702_Lib/PS_SPI/PS_SPI.c'
' '
'Building file: ../ACZ702_Lib/PS_GPIO/PS_GPIO.c'
'Invoking: ARM v7 gcc compiler'
arm-none-eabi-gcc -Wall -O0 -g3 -I../../AD128S_SPI_bsp/ps7_cortexa9_0/include -I"F:\ZYNQ_Project\ACZ702_Project\Debugging\AD128S_SPI\AD128S_SPI.sdk\AD128S_SPI\ACZ702_Lib\PS_GPIO" -I"F:\ZYNQ_Project\ACZ702_Project\Debugging\AD128S_SPI\AD128S_SPI.sdk\AD128S_SPI\ACZ702_Lib\PS_SPI" -I"F:\ZYNQ_Project\ACZ702_Project\Debugging\AD128S_SPI\AD128S_SPI.sdk\AD128S_SPI\ACZ702_Lib\SCU" -I"F:\ZYNQ_Project\ACZ702_Project\Debugging\AD128S_SPI\AD128S_SPI.sdk\AD128S_SPI\src" -c -fmessage-length=0 -MT"ACZ702_Lib/PS_GPIO/PS_GPIO.o" -mcpu=cortex-a9 -mfpu=vfpv3 -mfloat-abi=hard -MMD -MP -MF"ACZ702_Lib/PS_GPIO/PS_GPIO.d" -MT"ACZ702_Lib/PS_GPIO/PS_GPIO.o" -o "ACZ702_Lib/PS_GPIO/PS_GPIO.o" "../ACZ702_Lib/PS_GPIO/PS_GPIO.c"
'Finished building: ../ACZ702_Lib/PS_GPIO/PS_GPIO.c'
' '
'Building target: AD128S_SPI.elf'
'Invoking: ARM v7 gcc linker'
arm-none-eabi-gcc -L../../AD128S_SPI_bsp/ps7_cortexa9_0/lib -mcpu=cortex-a9 -mfpu=vfpv3 -mfloat-abi=hard -Wl,-build-id=none -specs=Xilinx.spec -Wl,-T -Wl,../src/lscript.ld -o "AD128S_SPI.elf"  ./src/COMMON.o ./src/ISR.o ./src/main.o  ./ACZ702_Lib/SCU/SCU_GIC.o ./ACZ702_Lib/SCU/SCU_TIMER.o  ./ACZ702_Lib/PS_SPI/PS_SPI.o  ./ACZ702_Lib/PS_GPIO/PS_GPIO.o   -Wl,--start-group,-lxil,-lgcc,-lc,--end-group
'Finished building target: AD128S_SPI.elf'
' '
'Invoking: ARM v7 Print Size'
arm-none-eabi-size AD128S_SPI.elf  |tee "AD128S_SPI.elf.size"
   text	   data	    bss	    dec	    hex	filename
  36988	   1984	  22744	  61716	   f114	AD128S_SPI.elf
'Finished building: AD128S_SPI.elf.size'
' '
17:32:07 **** Auto Build of configuration Debug for project AD128S_SPI ****
make pre-build main-build 
a9-linaro-pre-build-step
' '
'Building file: ../src/main.c'
'Invoking: ARM v7 gcc compiler'
arm-none-eabi-gcc -Wall -O0 -g3 -I../../AD128S_SPI_bsp/ps7_cortexa9_0/include -I"F:\ZYNQ_Project\ACZ702_Project\Debugging\AD128S_SPI\AD128S_SPI.sdk\AD128S_SPI\ACZ702_Lib\PS_GPIO" -I"F:\ZYNQ_Project\ACZ702_Project\Debugging\AD128S_SPI\AD128S_SPI.sdk\AD128S_SPI\ACZ702_Lib\PS_SPI" -I"F:\ZYNQ_Project\ACZ702_Project\Debugging\AD128S_SPI\AD128S_SPI.sdk\AD128S_SPI\ACZ702_Lib\SCU" -I"F:\ZYNQ_Project\ACZ702_Project\Debugging\AD128S_SPI\AD128S_SPI.sdk\AD128S_SPI\src" -c -fmessage-length=0 -MT"src/main.o" -mcpu=cortex-a9 -mfpu=vfpv3 -mfloat-abi=hard -MMD -MP -MF"src/main.d" -MT"src/main.o" -o "src/main.o" "../src/main.c"
'Finished building: ../src/main.c'
' '
'Building target: AD128S_SPI.elf'
'Invoking: ARM v7 gcc linker'
arm-none-eabi-gcc -L../../AD128S_SPI_bsp/ps7_cortexa9_0/lib -mcpu=cortex-a9 -mfpu=vfpv3 -mfloat-abi=hard -Wl,-build-id=none -specs=Xilinx.spec -Wl,-T -Wl,../src/lscript.ld -o "AD128S_SPI.elf"  ./src/COMMON.o ./src/ISR.o ./src/main.o  ./ACZ702_Lib/SCU/SCU_GIC.o ./ACZ702_Lib/SCU/SCU_TIMER.o  ./ACZ702_Lib/PS_SPI/PS_SPI.o  ./ACZ702_Lib/PS_GPIO/PS_GPIO.o   -Wl,--start-group,-lxil,-lgcc,-lc,--end-group
'Finished building target: AD128S_SPI.elf'
' '
'Invoking: ARM v7 Print Size'
arm-none-eabi-size AD128S_SPI.elf  |tee "AD128S_SPI.elf.size"
   text	   data	    bss	    dec	    hex	filename
  36988	   1984	  22744	  61716	   f114	AD128S_SPI.elf
'Finished building: AD128S_SPI.elf.size'
' '
17:32:11 **** Incremental Build of configuration Debug for project AD128S_SPI ****
make pre-build main-build 
a9-linaro-pre-build-step
' '
make: Nothing to be done for 'main-build'.
17:32:29 **** Incremental Build of configuration Debug for project AD128S_SPI ****
make pre-build main-build 
a9-linaro-pre-build-step
' '
make: Nothing to be done for 'main-build'.
17:34:29 **** Auto Build of configuration Debug for project AD128S_SPI ****
make pre-build main-build 
a9-linaro-pre-build-step
' '
'Building file: ../src/ISR.c'
'Invoking: ARM v7 gcc compiler'
arm-none-eabi-gcc -Wall -O0 -g3 -I../../AD128S_SPI_bsp/ps7_cortexa9_0/include -I"F:\ZYNQ_Project\ACZ702_Project\Debugging\AD128S_SPI\AD128S_SPI.sdk\AD128S_SPI\ACZ702_Lib\PS_GPIO" -I"F:\ZYNQ_Project\ACZ702_Project\Debugging\AD128S_SPI\AD128S_SPI.sdk\AD128S_SPI\ACZ702_Lib\PS_SPI" -I"F:\ZYNQ_Project\ACZ702_Project\Debugging\AD128S_SPI\AD128S_SPI.sdk\AD128S_SPI\ACZ702_Lib\SCU" -I"F:\ZYNQ_Project\ACZ702_Project\Debugging\AD128S_SPI\AD128S_SPI.sdk\AD128S_SPI\src" -c -fmessage-length=0 -MT"src/ISR.o" -mcpu=cortex-a9 -mfpu=vfpv3 -mfloat-abi=hard -MMD -MP -MF"src/ISR.d" -MT"src/ISR.o" -o "src/ISR.o" "../src/ISR.c"
'Finished building: ../src/ISR.c'
' '
'Building target: AD128S_SPI.elf'
'Invoking: ARM v7 gcc linker'
arm-none-eabi-gcc -L../../AD128S_SPI_bsp/ps7_cortexa9_0/lib -mcpu=cortex-a9 -mfpu=vfpv3 -mfloat-abi=hard -Wl,-build-id=none -specs=Xilinx.spec -Wl,-T -Wl,../src/lscript.ld -o "AD128S_SPI.elf"  ./src/COMMON.o ./src/ISR.o ./src/main.o  ./ACZ702_Lib/SCU/SCU_GIC.o ./ACZ702_Lib/SCU/SCU_TIMER.o  ./ACZ702_Lib/PS_SPI/PS_SPI.o  ./ACZ702_Lib/PS_GPIO/PS_GPIO.o   -Wl,--start-group,-lxil,-lgcc,-lc,--end-group
'Finished building target: AD128S_SPI.elf'
' '
'Invoking: ARM v7 Print Size'
arm-none-eabi-size AD128S_SPI.elf  |tee "AD128S_SPI.elf.size"
   text	   data	    bss	    dec	    hex	filename
  36988	   1984	  22744	  61716	   f114	AD128S_SPI.elf
'Finished building: AD128S_SPI.elf.size'
' '
17:34:44 **** Auto Build of configuration Debug for project AD128S_SPI ****
make pre-build main-build 
a9-linaro-pre-build-step
' '
'Building file: ../src/main.c'
'Invoking: ARM v7 gcc compiler'
arm-none-eabi-gcc -Wall -O0 -g3 -I../../AD128S_SPI_bsp/ps7_cortexa9_0/include -I"F:\ZYNQ_Project\ACZ702_Project\Debugging\AD128S_SPI\AD128S_SPI.sdk\AD128S_SPI\ACZ702_Lib\PS_GPIO" -I"F:\ZYNQ_Project\ACZ702_Project\Debugging\AD128S_SPI\AD128S_SPI.sdk\AD128S_SPI\ACZ702_Lib\PS_SPI" -I"F:\ZYNQ_Project\ACZ702_Project\Debugging\AD128S_SPI\AD128S_SPI.sdk\AD128S_SPI\ACZ702_Lib\SCU" -I"F:\ZYNQ_Project\ACZ702_Project\Debugging\AD128S_SPI\AD128S_SPI.sdk\AD128S_SPI\src" -c -fmessage-length=0 -MT"src/main.o" -mcpu=cortex-a9 -mfpu=vfpv3 -mfloat-abi=hard -MMD -MP -MF"src/main.d" -MT"src/main.o" -o "src/main.o" "../src/main.c"
'Finished building: ../src/main.c'
' '
'Building target: AD128S_SPI.elf'
'Invoking: ARM v7 gcc linker'
arm-none-eabi-gcc -L../../AD128S_SPI_bsp/ps7_cortexa9_0/lib -mcpu=cortex-a9 -mfpu=vfpv3 -mfloat-abi=hard -Wl,-build-id=none -specs=Xilinx.spec -Wl,-T -Wl,../src/lscript.ld -o "AD128S_SPI.elf"  ./src/COMMON.o ./src/ISR.o ./src/main.o  ./ACZ702_Lib/SCU/SCU_GIC.o ./ACZ702_Lib/SCU/SCU_TIMER.o  ./ACZ702_Lib/PS_SPI/PS_SPI.o  ./ACZ702_Lib/PS_GPIO/PS_GPIO.o   -Wl,--start-group,-lxil,-lgcc,-lc,--end-group
'Finished building target: AD128S_SPI.elf'
' '
'Invoking: ARM v7 Print Size'
arm-none-eabi-size AD128S_SPI.elf  |tee "AD128S_SPI.elf.size"
   text	   data	    bss	    dec	    hex	filename
  36988	   1984	  22744	  61716	   f114	AD128S_SPI.elf
'Finished building: AD128S_SPI.elf.size'
' '
17:34:47 **** Incremental Build of configuration Debug for project AD128S_SPI ****
make pre-build main-build 
a9-linaro-pre-build-step
' '
make: Nothing to be done for 'main-build'.
17:35:13 **** Incremental Build of configuration Debug for project AD128S_SPI ****
make pre-build main-build 
a9-linaro-pre-build-step
' '
make: Nothing to be done for 'main-build'.
17:35:33 **** Auto Build of configuration Debug for project AD128S_SPI ****
make pre-build main-build 
a9-linaro-pre-build-step
' '
'Building file: ../src/main.c'
'Invoking: ARM v7 gcc compiler'
arm-none-eabi-gcc -Wall -O0 -g3 -I../../AD128S_SPI_bsp/ps7_cortexa9_0/include -I"F:\ZYNQ_Project\ACZ702_Project\Debugging\AD128S_SPI\AD128S_SPI.sdk\AD128S_SPI\ACZ702_Lib\PS_GPIO" -I"F:\ZYNQ_Project\ACZ702_Project\Debugging\AD128S_SPI\AD128S_SPI.sdk\AD128S_SPI\ACZ702_Lib\PS_SPI" -I"F:\ZYNQ_Project\ACZ702_Project\Debugging\AD128S_SPI\AD128S_SPI.sdk\AD128S_SPI\ACZ702_Lib\SCU" -I"F:\ZYNQ_Project\ACZ702_Project\Debugging\AD128S_SPI\AD128S_SPI.sdk\AD128S_SPI\src" -c -fmessage-length=0 -MT"src/main.o" -mcpu=cortex-a9 -mfpu=vfpv3 -mfloat-abi=hard -MMD -MP -MF"src/main.d" -MT"src/main.o" -o "src/main.o" "../src/main.c"
'Finished building: ../src/main.c'
' '
'Building target: AD128S_SPI.elf'
'Invoking: ARM v7 gcc linker'
arm-none-eabi-gcc -L../../AD128S_SPI_bsp/ps7_cortexa9_0/lib -mcpu=cortex-a9 -mfpu=vfpv3 -mfloat-abi=hard -Wl,-build-id=none -specs=Xilinx.spec -Wl,-T -Wl,../src/lscript.ld -o "AD128S_SPI.elf"  ./src/COMMON.o ./src/ISR.o ./src/main.o  ./ACZ702_Lib/SCU/SCU_GIC.o ./ACZ702_Lib/SCU/SCU_TIMER.o  ./ACZ702_Lib/PS_SPI/PS_SPI.o  ./ACZ702_Lib/PS_GPIO/PS_GPIO.o   -Wl,--start-group,-lxil,-lgcc,-lc,--end-group
'Finished building target: AD128S_SPI.elf'
' '
'Invoking: ARM v7 Print Size'
arm-none-eabi-size AD128S_SPI.elf  |tee "AD128S_SPI.elf.size"
   text	   data	    bss	    dec	    hex	filename
  37012	   1984	  22744	  61740	   f12c	AD128S_SPI.elf
'Finished building: AD128S_SPI.elf.size'
' '
17:35:37 **** Incremental Build of configuration Debug for project AD128S_SPI ****
make pre-build main-build 
a9-linaro-pre-build-step
' '
make: Nothing to be done for 'main-build'.
17:36:17 **** Auto Build of configuration Debug for project AD128S_SPI ****
make pre-build main-build 
a9-linaro-pre-build-step
' '
'Building file: ../src/main.c'
'Invoking: ARM v7 gcc compiler'
arm-none-eabi-gcc -Wall -O0 -g3 -I../../AD128S_SPI_bsp/ps7_cortexa9_0/include -I"F:\ZYNQ_Project\ACZ702_Project\Debugging\AD128S_SPI\AD128S_SPI.sdk\AD128S_SPI\ACZ702_Lib\PS_GPIO" -I"F:\ZYNQ_Project\ACZ702_Project\Debugging\AD128S_SPI\AD128S_SPI.sdk\AD128S_SPI\ACZ702_Lib\PS_SPI" -I"F:\ZYNQ_Project\ACZ702_Project\Debugging\AD128S_SPI\AD128S_SPI.sdk\AD128S_SPI\ACZ702_Lib\SCU" -I"F:\ZYNQ_Project\ACZ702_Project\Debugging\AD128S_SPI\AD128S_SPI.sdk\AD128S_SPI\src" -c -fmessage-length=0 -MT"src/main.o" -mcpu=cortex-a9 -mfpu=vfpv3 -mfloat-abi=hard -MMD -MP -MF"src/main.d" -MT"src/main.o" -o "src/main.o" "../src/main.c"
'Finished building: ../src/main.c'
' '
'Building target: AD128S_SPI.elf'
'Invoking: ARM v7 gcc linker'
arm-none-eabi-gcc -L../../AD128S_SPI_bsp/ps7_cortexa9_0/lib -mcpu=cortex-a9 -mfpu=vfpv3 -mfloat-abi=hard -Wl,-build-id=none -specs=Xilinx.spec -Wl,-T -Wl,../src/lscript.ld -o "AD128S_SPI.elf"  ./src/COMMON.o ./src/ISR.o ./src/main.o  ./ACZ702_Lib/SCU/SCU_GIC.o ./ACZ702_Lib/SCU/SCU_TIMER.o  ./ACZ702_Lib/PS_SPI/PS_SPI.o  ./ACZ702_Lib/PS_GPIO/PS_GPIO.o   -Wl,--start-group,-lxil,-lgcc,-lc,--end-group
'Finished building target: AD128S_SPI.elf'
' '
'Invoking: ARM v7 Print Size'
arm-none-eabi-size AD128S_SPI.elf  |tee "AD128S_SPI.elf.size"
   text	   data	    bss	    dec	    hex	filename
  36988	   1984	  22744	  61716	   f114	AD128S_SPI.elf
'Finished building: AD128S_SPI.elf.size'
' '
17:36:21 **** Incremental Build of configuration Debug for project AD128S_SPI ****
make pre-build main-build 
a9-linaro-pre-build-step
' '
make: Nothing to be done for 'main-build'.
17:51:10 **** Auto Build of configuration Debug for project AD128S_SPI ****
make pre-build main-build 
a9-linaro-pre-build-step
' '
'Building file: ../src/main.c'
'Invoking: ARM v7 gcc compiler'
arm-none-eabi-gcc -Wall -O0 -g3 -I../../AD128S_SPI_bsp/ps7_cortexa9_0/include -I"F:\ZYNQ_Project\ACZ702_Project\Debugging\AD128S_SPI\AD128S_SPI.sdk\AD128S_SPI\ACZ702_Lib\PS_GPIO" -I"F:\ZYNQ_Project\ACZ702_Project\Debugging\AD128S_SPI\AD128S_SPI.sdk\AD128S_SPI\ACZ702_Lib\PS_SPI" -I"F:\ZYNQ_Project\ACZ702_Project\Debugging\AD128S_SPI\AD128S_SPI.sdk\AD128S_SPI\ACZ702_Lib\SCU" -I"F:\ZYNQ_Project\ACZ702_Project\Debugging\AD128S_SPI\AD128S_SPI.sdk\AD128S_SPI\src" -c -fmessage-length=0 -MT"src/main.o" -mcpu=cortex-a9 -mfpu=vfpv3 -mfloat-abi=hard -MMD -MP -MF"src/main.d" -MT"src/main.o" -o "src/main.o" "../src/main.c"
'Finished building: ../src/main.c'
' '
'Building target: AD128S_SPI.elf'
'Invoking: ARM v7 gcc linker'
arm-none-eabi-gcc -L../../AD128S_SPI_bsp/ps7_cortexa9_0/lib -mcpu=cortex-a9 -mfpu=vfpv3 -mfloat-abi=hard -Wl,-build-id=none -specs=Xilinx.spec -Wl,-T -Wl,../src/lscript.ld -o "AD128S_SPI.elf"  ./src/COMMON.o ./src/ISR.o ./src/main.o  ./ACZ702_Lib/SCU/SCU_GIC.o ./ACZ702_Lib/SCU/SCU_TIMER.o  ./ACZ702_Lib/PS_SPI/PS_SPI.o  ./ACZ702_Lib/PS_GPIO/PS_GPIO.o   -Wl,--start-group,-lxil,-lgcc,-lc,--end-group
'Finished building target: AD128S_SPI.elf'
' '
'Invoking: ARM v7 Print Size'
arm-none-eabi-size AD128S_SPI.elf  |tee "AD128S_SPI.elf.size"
   text	   data	    bss	    dec	    hex	filename
  36988	   1984	  22744	  61716	   f114	AD128S_SPI.elf
'Finished building: AD128S_SPI.elf.size'
' '
17:51:12 **** Incremental Build of configuration Debug for project AD128S_SPI ****
make pre-build main-build 
a9-linaro-pre-build-step
' '
make: Nothing to be done for 'main-build'.
17:52:28 **** Auto Build of configuration Debug for project AD128S_SPI ****
make pre-build main-build 
a9-linaro-pre-build-step
' '
'Building file: ../src/main.c'
'Invoking: ARM v7 gcc compiler'
arm-none-eabi-gcc -Wall -O0 -g3 -I../../AD128S_SPI_bsp/ps7_cortexa9_0/include -I"F:\ZYNQ_Project\ACZ702_Project\Debugging\AD128S_SPI\AD128S_SPI.sdk\AD128S_SPI\ACZ702_Lib\PS_GPIO" -I"F:\ZYNQ_Project\ACZ702_Project\Debugging\AD128S_SPI\AD128S_SPI.sdk\AD128S_SPI\ACZ702_Lib\PS_SPI" -I"F:\ZYNQ_Project\ACZ702_Project\Debugging\AD128S_SPI\AD128S_SPI.sdk\AD128S_SPI\ACZ702_Lib\SCU" -I"F:\ZYNQ_Project\ACZ702_Project\Debugging\AD128S_SPI\AD128S_SPI.sdk\AD128S_SPI\src" -c -fmessage-length=0 -MT"src/main.o" -mcpu=cortex-a9 -mfpu=vfpv3 -mfloat-abi=hard -MMD -MP -MF"src/main.d" -MT"src/main.o" -o "src/main.o" "../src/main.c"
'Finished building: ../src/main.c'
' '
'Building target: AD128S_SPI.elf'
'Invoking: ARM v7 gcc linker'
arm-none-eabi-gcc -L../../AD128S_SPI_bsp/ps7_cortexa9_0/lib -mcpu=cortex-a9 -mfpu=vfpv3 -mfloat-abi=hard -Wl,-build-id=none -specs=Xilinx.spec -Wl,-T -Wl,../src/lscript.ld -o "AD128S_SPI.elf"  ./src/COMMON.o ./src/ISR.o ./src/main.o  ./ACZ702_Lib/SCU/SCU_GIC.o ./ACZ702_Lib/SCU/SCU_TIMER.o  ./ACZ702_Lib/PS_SPI/PS_SPI.o  ./ACZ702_Lib/PS_GPIO/PS_GPIO.o   -Wl,--start-group,-lxil,-lgcc,-lc,--end-group
'Finished building target: AD128S_SPI.elf'
' '
'Invoking: ARM v7 Print Size'
arm-none-eabi-size AD128S_SPI.elf  |tee "AD128S_SPI.elf.size"
   text	   data	    bss	    dec	    hex	filename
  36988	   1984	  22744	  61716	   f114	AD128S_SPI.elf
'Finished building: AD128S_SPI.elf.size'
' '
17:52:32 **** Incremental Build of configuration Debug for project AD128S_SPI ****
make pre-build main-build 
a9-linaro-pre-build-step
' '
make: Nothing to be done for 'main-build'.
17:55:58 **** Incremental Build of configuration Debug for project AD128S_SPI ****
make pre-build main-build 
a9-linaro-pre-build-step
' '
make: Nothing to be done for 'main-build'.
17:59:15 **** Auto Build of configuration Debug for project AD128S_SPI ****
make pre-build main-build 
a9-linaro-pre-build-step
' '
'Building file: ../src/main.c'
'Invoking: ARM v7 gcc compiler'
arm-none-eabi-gcc -Wall -O0 -g3 -I../../AD128S_SPI_bsp/ps7_cortexa9_0/include -I"F:\ZYNQ_Project\ACZ702_Project\Debugging\AD128S_SPI\AD128S_SPI.sdk\AD128S_SPI\ACZ702_Lib\PS_GPIO" -I"F:\ZYNQ_Project\ACZ702_Project\Debugging\AD128S_SPI\AD128S_SPI.sdk\AD128S_SPI\ACZ702_Lib\PS_SPI" -I"F:\ZYNQ_Project\ACZ702_Project\Debugging\AD128S_SPI\AD128S_SPI.sdk\AD128S_SPI\ACZ702_Lib\SCU" -I"F:\ZYNQ_Project\ACZ702_Project\Debugging\AD128S_SPI\AD128S_SPI.sdk\AD128S_SPI\src" -c -fmessage-length=0 -MT"src/main.o" -mcpu=cortex-a9 -mfpu=vfpv3 -mfloat-abi=hard -MMD -MP -MF"src/main.d" -MT"src/main.o" -o "src/main.o" "../src/main.c"
'Finished building: ../src/main.c'
' '
'Building target: AD128S_SPI.elf'
'Invoking: ARM v7 gcc linker'
arm-none-eabi-gcc -L../../AD128S_SPI_bsp/ps7_cortexa9_0/lib -mcpu=cortex-a9 -mfpu=vfpv3 -mfloat-abi=hard -Wl,-build-id=none -specs=Xilinx.spec -Wl,-T -Wl,../src/lscript.ld -o "AD128S_SPI.elf"  ./src/COMMON.o ./src/ISR.o ./src/main.o  ./ACZ702_Lib/SCU/SCU_GIC.o ./ACZ702_Lib/SCU/SCU_TIMER.o  ./ACZ702_Lib/PS_SPI/PS_SPI.o  ./ACZ702_Lib/PS_GPIO/PS_GPIO.o   -Wl,--start-group,-lxil,-lgcc,-lc,--end-group
'Finished building target: AD128S_SPI.elf'
' '
'Invoking: ARM v7 Print Size'
arm-none-eabi-size AD128S_SPI.elf  |tee "AD128S_SPI.elf.size"
   text	   data	    bss	    dec	    hex	filename
  36988	   1984	  22744	  61716	   f114	AD128S_SPI.elf
'Finished building: AD128S_SPI.elf.size'
' '
17:59:18 **** Incremental Build of configuration Debug for project AD128S_SPI ****
make pre-build main-build 
a9-linaro-pre-build-step
' '
make: Nothing to be done for 'main-build'.
18:00:08 **** Auto Build of configuration Debug for project AD128S_SPI ****
make pre-build main-build 
a9-linaro-pre-build-step
' '
'Building file: ../src/main.c'
'Invoking: ARM v7 gcc compiler'
arm-none-eabi-gcc -Wall -O0 -g3 -I../../AD128S_SPI_bsp/ps7_cortexa9_0/include -I"F:\ZYNQ_Project\ACZ702_Project\Debugging\AD128S_SPI\AD128S_SPI.sdk\AD128S_SPI\ACZ702_Lib\PS_GPIO" -I"F:\ZYNQ_Project\ACZ702_Project\Debugging\AD128S_SPI\AD128S_SPI.sdk\AD128S_SPI\ACZ702_Lib\PS_SPI" -I"F:\ZYNQ_Project\ACZ702_Project\Debugging\AD128S_SPI\AD128S_SPI.sdk\AD128S_SPI\ACZ702_Lib\SCU" -I"F:\ZYNQ_Project\ACZ702_Project\Debugging\AD128S_SPI\AD128S_SPI.sdk\AD128S_SPI\src" -c -fmessage-length=0 -MT"src/main.o" -mcpu=cortex-a9 -mfpu=vfpv3 -mfloat-abi=hard -MMD -MP -MF"src/main.d" -MT"src/main.o" -o "src/main.o" "../src/main.c"
'Finished building: ../src/main.c'
' '
'Building target: AD128S_SPI.elf'
'Invoking: ARM v7 gcc linker'
arm-none-eabi-gcc -L../../AD128S_SPI_bsp/ps7_cortexa9_0/lib -mcpu=cortex-a9 -mfpu=vfpv3 -mfloat-abi=hard -Wl,-build-id=none -specs=Xilinx.spec -Wl,-T -Wl,../src/lscript.ld -o "AD128S_SPI.elf"  ./src/COMMON.o ./src/ISR.o ./src/main.o  ./ACZ702_Lib/SCU/SCU_GIC.o ./ACZ702_Lib/SCU/SCU_TIMER.o  ./ACZ702_Lib/PS_SPI/PS_SPI.o  ./ACZ702_Lib/PS_GPIO/PS_GPIO.o   -Wl,--start-group,-lxil,-lgcc,-lc,--end-group
'Finished building target: AD128S_SPI.elf'
' '
'Invoking: ARM v7 Print Size'
arm-none-eabi-size AD128S_SPI.elf  |tee "AD128S_SPI.elf.size"
   text	   data	    bss	    dec	    hex	filename
  36988	   1984	  22744	  61716	   f114	AD128S_SPI.elf
'Finished building: AD128S_SPI.elf.size'
' '
18:00:11 **** Incremental Build of configuration Debug for project AD128S_SPI ****
make pre-build main-build 
a9-linaro-pre-build-step
' '
make: Nothing to be done for 'main-build'.
18:02:20 **** Auto Build of configuration Debug for project AD128S_SPI ****
make pre-build main-build 
a9-linaro-pre-build-step
' '
'Building file: ../src/main.c'
'Invoking: ARM v7 gcc compiler'
arm-none-eabi-gcc -Wall -O0 -g3 -I../../AD128S_SPI_bsp/ps7_cortexa9_0/include -I"F:\ZYNQ_Project\ACZ702_Project\Debugging\AD128S_SPI\AD128S_SPI.sdk\AD128S_SPI\ACZ702_Lib\PS_GPIO" -I"F:\ZYNQ_Project\ACZ702_Project\Debugging\AD128S_SPI\AD128S_SPI.sdk\AD128S_SPI\ACZ702_Lib\PS_SPI" -I"F:\ZYNQ_Project\ACZ702_Project\Debugging\AD128S_SPI\AD128S_SPI.sdk\AD128S_SPI\ACZ702_Lib\SCU" -I"F:\ZYNQ_Project\ACZ702_Project\Debugging\AD128S_SPI\AD128S_SPI.sdk\AD128S_SPI\src" -c -fmessage-length=0 -MT"src/main.o" -mcpu=cortex-a9 -mfpu=vfpv3 -mfloat-abi=hard -MMD -MP -MF"src/main.d" -MT"src/main.o" -o "src/main.o" "../src/main.c"
'Finished building: ../src/main.c'
' '
'Building target: AD128S_SPI.elf'
'Invoking: ARM v7 gcc linker'
arm-none-eabi-gcc -L../../AD128S_SPI_bsp/ps7_cortexa9_0/lib -mcpu=cortex-a9 -mfpu=vfpv3 -mfloat-abi=hard -Wl,-build-id=none -specs=Xilinx.spec -Wl,-T -Wl,../src/lscript.ld -o "AD128S_SPI.elf"  ./src/COMMON.o ./src/ISR.o ./src/main.o  ./ACZ702_Lib/SCU/SCU_GIC.o ./ACZ702_Lib/SCU/SCU_TIMER.o  ./ACZ702_Lib/PS_SPI/PS_SPI.o  ./ACZ702_Lib/PS_GPIO/PS_GPIO.o   -Wl,--start-group,-lxil,-lgcc,-lc,--end-group
'Finished building target: AD128S_SPI.elf'
' '
'Invoking: ARM v7 Print Size'
arm-none-eabi-size AD128S_SPI.elf  |tee "AD128S_SPI.elf.size"
   text	   data	    bss	    dec	    hex	filename
  36988	   1984	  22744	  61716	   f114	AD128S_SPI.elf
'Finished building: AD128S_SPI.elf.size'
' '
18:02:22 **** Incremental Build of configuration Debug for project AD128S_SPI ****
make pre-build main-build 
a9-linaro-pre-build-step
' '
make: Nothing to be done for 'main-build'.
18:02:50 **** Auto Build of configuration Debug for project AD128S_SPI ****
make pre-build main-build 
a9-linaro-pre-build-step
' '
'Building file: ../src/main.c'
'Invoking: ARM v7 gcc compiler'
arm-none-eabi-gcc -Wall -O0 -g3 -I../../AD128S_SPI_bsp/ps7_cortexa9_0/include -I"F:\ZYNQ_Project\ACZ702_Project\Debugging\AD128S_SPI\AD128S_SPI.sdk\AD128S_SPI\ACZ702_Lib\PS_GPIO" -I"F:\ZYNQ_Project\ACZ702_Project\Debugging\AD128S_SPI\AD128S_SPI.sdk\AD128S_SPI\ACZ702_Lib\PS_SPI" -I"F:\ZYNQ_Project\ACZ702_Project\Debugging\AD128S_SPI\AD128S_SPI.sdk\AD128S_SPI\ACZ702_Lib\SCU" -I"F:\ZYNQ_Project\ACZ702_Project\Debugging\AD128S_SPI\AD128S_SPI.sdk\AD128S_SPI\src" -c -fmessage-length=0 -MT"src/main.o" -mcpu=cortex-a9 -mfpu=vfpv3 -mfloat-abi=hard -MMD -MP -MF"src/main.d" -MT"src/main.o" -o "src/main.o" "../src/main.c"
'Finished building: ../src/main.c'
' '
'Building target: AD128S_SPI.elf'
'Invoking: ARM v7 gcc linker'
arm-none-eabi-gcc -L../../AD128S_SPI_bsp/ps7_cortexa9_0/lib -mcpu=cortex-a9 -mfpu=vfpv3 -mfloat-abi=hard -Wl,-build-id=none -specs=Xilinx.spec -Wl,-T -Wl,../src/lscript.ld -o "AD128S_SPI.elf"  ./src/COMMON.o ./src/ISR.o ./src/main.o  ./ACZ702_Lib/SCU/SCU_GIC.o ./ACZ702_Lib/SCU/SCU_TIMER.o  ./ACZ702_Lib/PS_SPI/PS_SPI.o  ./ACZ702_Lib/PS_GPIO/PS_GPIO.o   -Wl,--start-group,-lxil,-lgcc,-lc,--end-group
'Finished building target: AD128S_SPI.elf'
' '
'Invoking: ARM v7 Print Size'
arm-none-eabi-size AD128S_SPI.elf  |tee "AD128S_SPI.elf.size"
   text	   data	    bss	    dec	    hex	filename
  36988	   1984	  22744	  61716	   f114	AD128S_SPI.elf
'Finished building: AD128S_SPI.elf.size'
' '
18:02:53 **** Incremental Build of configuration Debug for project AD128S_SPI ****
make pre-build main-build 
a9-linaro-pre-build-step
' '
make: Nothing to be done for 'main-build'.
18:04:42 **** Auto Build of configuration Debug for project AD128S_SPI ****
make pre-build main-build 
a9-linaro-pre-build-step
' '
'Building file: ../src/main.c'
'Invoking: ARM v7 gcc compiler'
arm-none-eabi-gcc -Wall -O0 -g3 -I../../AD128S_SPI_bsp/ps7_cortexa9_0/include -I"F:\ZYNQ_Project\ACZ702_Project\Debugging\AD128S_SPI\AD128S_SPI.sdk\AD128S_SPI\ACZ702_Lib\PS_GPIO" -I"F:\ZYNQ_Project\ACZ702_Project\Debugging\AD128S_SPI\AD128S_SPI.sdk\AD128S_SPI\ACZ702_Lib\PS_SPI" -I"F:\ZYNQ_Project\ACZ702_Project\Debugging\AD128S_SPI\AD128S_SPI.sdk\AD128S_SPI\ACZ702_Lib\SCU" -I"F:\ZYNQ_Project\ACZ702_Project\Debugging\AD128S_SPI\AD128S_SPI.sdk\AD128S_SPI\src" -c -fmessage-length=0 -MT"src/main.o" -mcpu=cortex-a9 -mfpu=vfpv3 -mfloat-abi=hard -MMD -MP -MF"src/main.d" -MT"src/main.o" -o "src/main.o" "../src/main.c"
'Finished building: ../src/main.c'
' '
'Building target: AD128S_SPI.elf'
'Invoking: ARM v7 gcc linker'
arm-none-eabi-gcc -L../../AD128S_SPI_bsp/ps7_cortexa9_0/lib -mcpu=cortex-a9 -mfpu=vfpv3 -mfloat-abi=hard -Wl,-build-id=none -specs=Xilinx.spec -Wl,-T -Wl,../src/lscript.ld -o "AD128S_SPI.elf"  ./src/COMMON.o ./src/ISR.o ./src/main.o  ./ACZ702_Lib/SCU/SCU_GIC.o ./ACZ702_Lib/SCU/SCU_TIMER.o  ./ACZ702_Lib/PS_SPI/PS_SPI.o  ./ACZ702_Lib/PS_GPIO/PS_GPIO.o   -Wl,--start-group,-lxil,-lgcc,-lc,--end-group
'Finished building target: AD128S_SPI.elf'
' '
'Invoking: ARM v7 Print Size'
arm-none-eabi-size AD128S_SPI.elf  |tee "AD128S_SPI.elf.size"
   text	   data	    bss	    dec	    hex	filename
  36988	   1984	  22744	  61716	   f114	AD128S_SPI.elf
'Finished building: AD128S_SPI.elf.size'
' '
18:04:47 **** Auto Build of configuration Debug for project AD128S_SPI ****
make pre-build main-build 
a9-linaro-pre-build-step
' '
'Building file: ../src/main.c'
'Invoking: ARM v7 gcc compiler'
arm-none-eabi-gcc -Wall -O0 -g3 -I../../AD128S_SPI_bsp/ps7_cortexa9_0/include -I"F:\ZYNQ_Project\ACZ702_Project\Debugging\AD128S_SPI\AD128S_SPI.sdk\AD128S_SPI\ACZ702_Lib\PS_GPIO" -I"F:\ZYNQ_Project\ACZ702_Project\Debugging\AD128S_SPI\AD128S_SPI.sdk\AD128S_SPI\ACZ702_Lib\PS_SPI" -I"F:\ZYNQ_Project\ACZ702_Project\Debugging\AD128S_SPI\AD128S_SPI.sdk\AD128S_SPI\ACZ702_Lib\SCU" -I"F:\ZYNQ_Project\ACZ702_Project\Debugging\AD128S_SPI\AD128S_SPI.sdk\AD128S_SPI\src" -c -fmessage-length=0 -MT"src/main.o" -mcpu=cortex-a9 -mfpu=vfpv3 -mfloat-abi=hard -MMD -MP -MF"src/main.d" -MT"src/main.o" -o "src/main.o" "../src/main.c"
'Finished building: ../src/main.c'
' '
'Building target: AD128S_SPI.elf'
'Invoking: ARM v7 gcc linker'
arm-none-eabi-gcc -L../../AD128S_SPI_bsp/ps7_cortexa9_0/lib -mcpu=cortex-a9 -mfpu=vfpv3 -mfloat-abi=hard -Wl,-build-id=none -specs=Xilinx.spec -Wl,-T -Wl,../src/lscript.ld -o "AD128S_SPI.elf"  ./src/COMMON.o ./src/ISR.o ./src/main.o  ./ACZ702_Lib/SCU/SCU_GIC.o ./ACZ702_Lib/SCU/SCU_TIMER.o  ./ACZ702_Lib/PS_SPI/PS_SPI.o  ./ACZ702_Lib/PS_GPIO/PS_GPIO.o   -Wl,--start-group,-lxil,-lgcc,-lc,--end-group
'Finished building target: AD128S_SPI.elf'
' '
'Invoking: ARM v7 Print Size'
arm-none-eabi-size AD128S_SPI.elf  |tee "AD128S_SPI.elf.size"
   text	   data	    bss	    dec	    hex	filename
  36988	   1984	  22744	  61716	   f114	AD128S_SPI.elf
'Finished building: AD128S_SPI.elf.size'
' '
18:04:51 **** Incremental Build of configuration Debug for project AD128S_SPI ****
make pre-build main-build 
a9-linaro-pre-build-step
' '
make: Nothing to be done for 'main-build'.
18:05:15 **** Auto Build of configuration Debug for project AD128S_SPI ****
make pre-build main-build 
a9-linaro-pre-build-step
' '
'Building file: ../src/main.c'
'Invoking: ARM v7 gcc compiler'
arm-none-eabi-gcc -Wall -O0 -g3 -I../../AD128S_SPI_bsp/ps7_cortexa9_0/include -I"F:\ZYNQ_Project\ACZ702_Project\Debugging\AD128S_SPI\AD128S_SPI.sdk\AD128S_SPI\ACZ702_Lib\PS_GPIO" -I"F:\ZYNQ_Project\ACZ702_Project\Debugging\AD128S_SPI\AD128S_SPI.sdk\AD128S_SPI\ACZ702_Lib\PS_SPI" -I"F:\ZYNQ_Project\ACZ702_Project\Debugging\AD128S_SPI\AD128S_SPI.sdk\AD128S_SPI\ACZ702_Lib\SCU" -I"F:\ZYNQ_Project\ACZ702_Project\Debugging\AD128S_SPI\AD128S_SPI.sdk\AD128S_SPI\src" -c -fmessage-length=0 -MT"src/main.o" -mcpu=cortex-a9 -mfpu=vfpv3 -mfloat-abi=hard -MMD -MP -MF"src/main.d" -MT"src/main.o" -o "src/main.o" "../src/main.c"
'Finished building: ../src/main.c'
' '
'Building target: AD128S_SPI.elf'
'Invoking: ARM v7 gcc linker'
arm-none-eabi-gcc -L../../AD128S_SPI_bsp/ps7_cortexa9_0/lib -mcpu=cortex-a9 -mfpu=vfpv3 -mfloat-abi=hard -Wl,-build-id=none -specs=Xilinx.spec -Wl,-T -Wl,../src/lscript.ld -o "AD128S_SPI.elf"  ./src/COMMON.o ./src/ISR.o ./src/main.o  ./ACZ702_Lib/SCU/SCU_GIC.o ./ACZ702_Lib/SCU/SCU_TIMER.o  ./ACZ702_Lib/PS_SPI/PS_SPI.o  ./ACZ702_Lib/PS_GPIO/PS_GPIO.o   -Wl,--start-group,-lxil,-lgcc,-lc,--end-group
'Finished building target: AD128S_SPI.elf'
' '
'Invoking: ARM v7 Print Size'
arm-none-eabi-size AD128S_SPI.elf  |tee "AD128S_SPI.elf.size"
   text	   data	    bss	    dec	    hex	filename
  36988	   1984	  22744	  61716	   f114	AD128S_SPI.elf
'Finished building: AD128S_SPI.elf.size'
' '
18:05:20 **** Incremental Build of configuration Debug for project AD128S_SPI ****
make pre-build main-build 
a9-linaro-pre-build-step
' '
make: Nothing to be done for 'main-build'.
18:05:45 **** Auto Build of configuration Debug for project AD128S_SPI ****
make pre-build main-build 
a9-linaro-pre-build-step
' '
'Building file: ../src/main.c'
'Invoking: ARM v7 gcc compiler'
arm-none-eabi-gcc -Wall -O0 -g3 -I../../AD128S_SPI_bsp/ps7_cortexa9_0/include -I"F:\ZYNQ_Project\ACZ702_Project\Debugging\AD128S_SPI\AD128S_SPI.sdk\AD128S_SPI\ACZ702_Lib\PS_GPIO" -I"F:\ZYNQ_Project\ACZ702_Project\Debugging\AD128S_SPI\AD128S_SPI.sdk\AD128S_SPI\ACZ702_Lib\PS_SPI" -I"F:\ZYNQ_Project\ACZ702_Project\Debugging\AD128S_SPI\AD128S_SPI.sdk\AD128S_SPI\ACZ702_Lib\SCU" -I"F:\ZYNQ_Project\ACZ702_Project\Debugging\AD128S_SPI\AD128S_SPI.sdk\AD128S_SPI\src" -c -fmessage-length=0 -MT"src/main.o" -mcpu=cortex-a9 -mfpu=vfpv3 -mfloat-abi=hard -MMD -MP -MF"src/main.d" -MT"src/main.o" -o "src/main.o" "../src/main.c"
'Finished building: ../src/main.c'
' '
'Building target: AD128S_SPI.elf'
'Invoking: ARM v7 gcc linker'
arm-none-eabi-gcc -L../../AD128S_SPI_bsp/ps7_cortexa9_0/lib -mcpu=cortex-a9 -mfpu=vfpv3 -mfloat-abi=hard -Wl,-build-id=none -specs=Xilinx.spec -Wl,-T -Wl,../src/lscript.ld -o "AD128S_SPI.elf"  ./src/COMMON.o ./src/ISR.o ./src/main.o  ./ACZ702_Lib/SCU/SCU_GIC.o ./ACZ702_Lib/SCU/SCU_TIMER.o  ./ACZ702_Lib/PS_SPI/PS_SPI.o  ./ACZ702_Lib/PS_GPIO/PS_GPIO.o   -Wl,--start-group,-lxil,-lgcc,-lc,--end-group
'Finished building target: AD128S_SPI.elf'
' '
'Invoking: ARM v7 Print Size'
arm-none-eabi-size AD128S_SPI.elf  |tee "AD128S_SPI.elf.size"
   text	   data	    bss	    dec	    hex	filename
  36988	   1984	  22744	  61716	   f114	AD128S_SPI.elf
'Finished building: AD128S_SPI.elf.size'
' '
18:05:51 **** Incremental Build of configuration Debug for project AD128S_SPI ****
make pre-build main-build 
a9-linaro-pre-build-step
' '
make: Nothing to be done for 'main-build'.
18:06:15 **** Auto Build of configuration Debug for project AD128S_SPI ****
make pre-build main-build 
a9-linaro-pre-build-step
' '
'Building file: ../src/main.c'
'Invoking: ARM v7 gcc compiler'
arm-none-eabi-gcc -Wall -O0 -g3 -I../../AD128S_SPI_bsp/ps7_cortexa9_0/include -I"F:\ZYNQ_Project\ACZ702_Project\Debugging\AD128S_SPI\AD128S_SPI.sdk\AD128S_SPI\ACZ702_Lib\PS_GPIO" -I"F:\ZYNQ_Project\ACZ702_Project\Debugging\AD128S_SPI\AD128S_SPI.sdk\AD128S_SPI\ACZ702_Lib\PS_SPI" -I"F:\ZYNQ_Project\ACZ702_Project\Debugging\AD128S_SPI\AD128S_SPI.sdk\AD128S_SPI\ACZ702_Lib\SCU" -I"F:\ZYNQ_Project\ACZ702_Project\Debugging\AD128S_SPI\AD128S_SPI.sdk\AD128S_SPI\src" -c -fmessage-length=0 -MT"src/main.o" -mcpu=cortex-a9 -mfpu=vfpv3 -mfloat-abi=hard -MMD -MP -MF"src/main.d" -MT"src/main.o" -o "src/main.o" "../src/main.c"
'Finished building: ../src/main.c'
' '
'Building target: AD128S_SPI.elf'
'Invoking: ARM v7 gcc linker'
arm-none-eabi-gcc -L../../AD128S_SPI_bsp/ps7_cortexa9_0/lib -mcpu=cortex-a9 -mfpu=vfpv3 -mfloat-abi=hard -Wl,-build-id=none -specs=Xilinx.spec -Wl,-T -Wl,../src/lscript.ld -o "AD128S_SPI.elf"  ./src/COMMON.o ./src/ISR.o ./src/main.o  ./ACZ702_Lib/SCU/SCU_GIC.o ./ACZ702_Lib/SCU/SCU_TIMER.o  ./ACZ702_Lib/PS_SPI/PS_SPI.o  ./ACZ702_Lib/PS_GPIO/PS_GPIO.o   -Wl,--start-group,-lxil,-lgcc,-lc,--end-group
'Finished building target: AD128S_SPI.elf'
' '
'Invoking: ARM v7 Print Size'
arm-none-eabi-size AD128S_SPI.elf  |tee "AD128S_SPI.elf.size"
   text	   data	    bss	    dec	    hex	filename
  36988	   1984	  22744	  61716	   f114	AD128S_SPI.elf
'Finished building: AD128S_SPI.elf.size'
' '
18:06:19 **** Incremental Build of configuration Debug for project AD128S_SPI ****
make pre-build main-build 
a9-linaro-pre-build-step
' '
make: Nothing to be done for 'main-build'.
18:06:51 **** Auto Build of configuration Debug for project AD128S_SPI ****
make pre-build main-build 
a9-linaro-pre-build-step
' '
'Building file: ../src/main.c'
'Invoking: ARM v7 gcc compiler'
arm-none-eabi-gcc -Wall -O0 -g3 -I../../AD128S_SPI_bsp/ps7_cortexa9_0/include -I"F:\ZYNQ_Project\ACZ702_Project\Debugging\AD128S_SPI\AD128S_SPI.sdk\AD128S_SPI\ACZ702_Lib\PS_GPIO" -I"F:\ZYNQ_Project\ACZ702_Project\Debugging\AD128S_SPI\AD128S_SPI.sdk\AD128S_SPI\ACZ702_Lib\PS_SPI" -I"F:\ZYNQ_Project\ACZ702_Project\Debugging\AD128S_SPI\AD128S_SPI.sdk\AD128S_SPI\ACZ702_Lib\SCU" -I"F:\ZYNQ_Project\ACZ702_Project\Debugging\AD128S_SPI\AD128S_SPI.sdk\AD128S_SPI\src" -c -fmessage-length=0 -MT"src/main.o" -mcpu=cortex-a9 -mfpu=vfpv3 -mfloat-abi=hard -MMD -MP -MF"src/main.d" -MT"src/main.o" -o "src/main.o" "../src/main.c"
'Finished building: ../src/main.c'
' '
'Building target: AD128S_SPI.elf'
'Invoking: ARM v7 gcc linker'
arm-none-eabi-gcc -L../../AD128S_SPI_bsp/ps7_cortexa9_0/lib -mcpu=cortex-a9 -mfpu=vfpv3 -mfloat-abi=hard -Wl,-build-id=none -specs=Xilinx.spec -Wl,-T -Wl,../src/lscript.ld -o "AD128S_SPI.elf"  ./src/COMMON.o ./src/ISR.o ./src/main.o  ./ACZ702_Lib/SCU/SCU_GIC.o ./ACZ702_Lib/SCU/SCU_TIMER.o  ./ACZ702_Lib/PS_SPI/PS_SPI.o  ./ACZ702_Lib/PS_GPIO/PS_GPIO.o   -Wl,--start-group,-lxil,-lgcc,-lc,--end-group
'Finished building target: AD128S_SPI.elf'
' '
'Invoking: ARM v7 Print Size'
arm-none-eabi-size AD128S_SPI.elf  |tee "AD128S_SPI.elf.size"
   text	   data	    bss	    dec	    hex	filename
  36988	   1984	  22744	  61716	   f114	AD128S_SPI.elf
'Finished building: AD128S_SPI.elf.size'
' '
18:06:55 **** Incremental Build of configuration Debug for project AD128S_SPI ****
make pre-build main-build 
a9-linaro-pre-build-step
' '
make: Nothing to be done for 'main-build'.
18:07:24 **** Auto Build of configuration Debug for project AD128S_SPI ****
make pre-build main-build 
a9-linaro-pre-build-step
' '
'Building file: ../src/main.c'
'Invoking: ARM v7 gcc compiler'
arm-none-eabi-gcc -Wall -O0 -g3 -I../../AD128S_SPI_bsp/ps7_cortexa9_0/include -I"F:\ZYNQ_Project\ACZ702_Project\Debugging\AD128S_SPI\AD128S_SPI.sdk\AD128S_SPI\ACZ702_Lib\PS_GPIO" -I"F:\ZYNQ_Project\ACZ702_Project\Debugging\AD128S_SPI\AD128S_SPI.sdk\AD128S_SPI\ACZ702_Lib\PS_SPI" -I"F:\ZYNQ_Project\ACZ702_Project\Debugging\AD128S_SPI\AD128S_SPI.sdk\AD128S_SPI\ACZ702_Lib\SCU" -I"F:\ZYNQ_Project\ACZ702_Project\Debugging\AD128S_SPI\AD128S_SPI.sdk\AD128S_SPI\src" -c -fmessage-length=0 -MT"src/main.o" -mcpu=cortex-a9 -mfpu=vfpv3 -mfloat-abi=hard -MMD -MP -MF"src/main.d" -MT"src/main.o" -o "src/main.o" "../src/main.c"
'Finished building: ../src/main.c'
' '
'Building target: AD128S_SPI.elf'
'Invoking: ARM v7 gcc linker'
arm-none-eabi-gcc -L../../AD128S_SPI_bsp/ps7_cortexa9_0/lib -mcpu=cortex-a9 -mfpu=vfpv3 -mfloat-abi=hard -Wl,-build-id=none -specs=Xilinx.spec -Wl,-T -Wl,../src/lscript.ld -o "AD128S_SPI.elf"  ./src/COMMON.o ./src/ISR.o ./src/main.o  ./ACZ702_Lib/SCU/SCU_GIC.o ./ACZ702_Lib/SCU/SCU_TIMER.o  ./ACZ702_Lib/PS_SPI/PS_SPI.o  ./ACZ702_Lib/PS_GPIO/PS_GPIO.o   -Wl,--start-group,-lxil,-lgcc,-lc,--end-group
'Finished building target: AD128S_SPI.elf'
' '
'Invoking: ARM v7 Print Size'
arm-none-eabi-size AD128S_SPI.elf  |tee "AD128S_SPI.elf.size"
   text	   data	    bss	    dec	    hex	filename
  36988	   1984	  22744	  61716	   f114	AD128S_SPI.elf
'Finished building: AD128S_SPI.elf.size'
' '
18:07:27 **** Incremental Build of configuration Debug for project AD128S_SPI ****
make pre-build main-build 
a9-linaro-pre-build-step
' '
make: Nothing to be done for 'main-build'.
18:07:54 **** Auto Build of configuration Debug for project AD128S_SPI ****
make pre-build main-build 
a9-linaro-pre-build-step
' '
'Building file: ../src/main.c'
'Invoking: ARM v7 gcc compiler'
arm-none-eabi-gcc -Wall -O0 -g3 -I../../AD128S_SPI_bsp/ps7_cortexa9_0/include -I"F:\ZYNQ_Project\ACZ702_Project\Debugging\AD128S_SPI\AD128S_SPI.sdk\AD128S_SPI\ACZ702_Lib\PS_GPIO" -I"F:\ZYNQ_Project\ACZ702_Project\Debugging\AD128S_SPI\AD128S_SPI.sdk\AD128S_SPI\ACZ702_Lib\PS_SPI" -I"F:\ZYNQ_Project\ACZ702_Project\Debugging\AD128S_SPI\AD128S_SPI.sdk\AD128S_SPI\ACZ702_Lib\SCU" -I"F:\ZYNQ_Project\ACZ702_Project\Debugging\AD128S_SPI\AD128S_SPI.sdk\AD128S_SPI\src" -c -fmessage-length=0 -MT"src/main.o" -mcpu=cortex-a9 -mfpu=vfpv3 -mfloat-abi=hard -MMD -MP -MF"src/main.d" -MT"src/main.o" -o "src/main.o" "../src/main.c"
'Finished building: ../src/main.c'
' '
'Building target: AD128S_SPI.elf'
'Invoking: ARM v7 gcc linker'
arm-none-eabi-gcc -L../../AD128S_SPI_bsp/ps7_cortexa9_0/lib -mcpu=cortex-a9 -mfpu=vfpv3 -mfloat-abi=hard -Wl,-build-id=none -specs=Xilinx.spec -Wl,-T -Wl,../src/lscript.ld -o "AD128S_SPI.elf"  ./src/COMMON.o ./src/ISR.o ./src/main.o  ./ACZ702_Lib/SCU/SCU_GIC.o ./ACZ702_Lib/SCU/SCU_TIMER.o  ./ACZ702_Lib/PS_SPI/PS_SPI.o  ./ACZ702_Lib/PS_GPIO/PS_GPIO.o   -Wl,--start-group,-lxil,-lgcc,-lc,--end-group
'Finished building target: AD128S_SPI.elf'
' '
'Invoking: ARM v7 Print Size'
arm-none-eabi-size AD128S_SPI.elf  |tee "AD128S_SPI.elf.size"
   text	   data	    bss	    dec	    hex	filename
  36988	   1984	  22744	  61716	   f114	AD128S_SPI.elf
'Finished building: AD128S_SPI.elf.size'
' '
18:07:58 **** Incremental Build of configuration Debug for project AD128S_SPI ****
make pre-build main-build 
a9-linaro-pre-build-step
' '
make: Nothing to be done for 'main-build'.
18:14:56 **** Incremental Build of configuration Debug for project AD128S_SPI ****
make pre-build main-build 
a9-linaro-pre-build-step
' '
make: Nothing to be done for 'main-build'.
18:16:31 **** Incremental Build of configuration Debug for project AD128S_SPI ****
make pre-build main-build 
a9-linaro-pre-build-step
' '
make: Nothing to be done for 'main-build'.
18:17:11 **** Auto Build of configuration Debug for project AD128S_SPI ****
make pre-build main-build 
a9-linaro-pre-build-step
' '
'Building file: ../src/main.c'
'Invoking: ARM v7 gcc compiler'
arm-none-eabi-gcc -Wall -O0 -g3 -I../../AD128S_SPI_bsp/ps7_cortexa9_0/include -I"F:\ZYNQ_Project\ACZ702_Project\Debugging\AD128S_SPI\AD128S_SPI.sdk\AD128S_SPI\ACZ702_Lib\PS_GPIO" -I"F:\ZYNQ_Project\ACZ702_Project\Debugging\AD128S_SPI\AD128S_SPI.sdk\AD128S_SPI\ACZ702_Lib\PS_SPI" -I"F:\ZYNQ_Project\ACZ702_Project\Debugging\AD128S_SPI\AD128S_SPI.sdk\AD128S_SPI\ACZ702_Lib\SCU" -I"F:\ZYNQ_Project\ACZ702_Project\Debugging\AD128S_SPI\AD128S_SPI.sdk\AD128S_SPI\src" -c -fmessage-length=0 -MT"src/main.o" -mcpu=cortex-a9 -mfpu=vfpv3 -mfloat-abi=hard -MMD -MP -MF"src/main.d" -MT"src/main.o" -o "src/main.o" "../src/main.c"
'Finished building: ../src/main.c'
' '
'Building target: AD128S_SPI.elf'
'Invoking: ARM v7 gcc linker'
arm-none-eabi-gcc -L../../AD128S_SPI_bsp/ps7_cortexa9_0/lib -mcpu=cortex-a9 -mfpu=vfpv3 -mfloat-abi=hard -Wl,-build-id=none -specs=Xilinx.spec -Wl,-T -Wl,../src/lscript.ld -o "AD128S_SPI.elf"  ./src/COMMON.o ./src/ISR.o ./src/main.o  ./ACZ702_Lib/SCU/SCU_GIC.o ./ACZ702_Lib/SCU/SCU_TIMER.o  ./ACZ702_Lib/PS_SPI/PS_SPI.o  ./ACZ702_Lib/PS_GPIO/PS_GPIO.o   -Wl,--start-group,-lxil,-lgcc,-lc,--end-group
'Finished building target: AD128S_SPI.elf'
' '
'Invoking: ARM v7 Print Size'
arm-none-eabi-size AD128S_SPI.elf  |tee "AD128S_SPI.elf.size"
   text	   data	    bss	    dec	    hex	filename
  36988	   1984	  22744	  61716	   f114	AD128S_SPI.elf
'Finished building: AD128S_SPI.elf.size'
' '
18:17:16 **** Incremental Build of configuration Debug for project AD128S_SPI ****
make pre-build main-build 
a9-linaro-pre-build-step
' '
make: Nothing to be done for 'main-build'.
18:18:42 **** Incremental Build of configuration Debug for project AD128S_SPI ****
make pre-build main-build 
a9-linaro-pre-build-step
' '
make: Nothing to be done for 'main-build'.
18:21:29 **** Auto Build of configuration Debug for project AD128S_SPI ****
make pre-build main-build 
a9-linaro-pre-build-step
' '
'Building file: ../src/main.c'
'Invoking: ARM v7 gcc compiler'
arm-none-eabi-gcc -Wall -O0 -g3 -I../../AD128S_SPI_bsp/ps7_cortexa9_0/include -I"F:\ZYNQ_Project\ACZ702_Project\Debugging\AD128S_SPI\AD128S_SPI.sdk\AD128S_SPI\ACZ702_Lib\PS_GPIO" -I"F:\ZYNQ_Project\ACZ702_Project\Debugging\AD128S_SPI\AD128S_SPI.sdk\AD128S_SPI\ACZ702_Lib\PS_SPI" -I"F:\ZYNQ_Project\ACZ702_Project\Debugging\AD128S_SPI\AD128S_SPI.sdk\AD128S_SPI\ACZ702_Lib\SCU" -I"F:\ZYNQ_Project\ACZ702_Project\Debugging\AD128S_SPI\AD128S_SPI.sdk\AD128S_SPI\src" -c -fmessage-length=0 -MT"src/main.o" -mcpu=cortex-a9 -mfpu=vfpv3 -mfloat-abi=hard -MMD -MP -MF"src/main.d" -MT"src/main.o" -o "src/main.o" "../src/main.c"
'Finished building: ../src/main.c'
' '
'Building target: AD128S_SPI.elf'
'Invoking: ARM v7 gcc linker'
arm-none-eabi-gcc -L../../AD128S_SPI_bsp/ps7_cortexa9_0/lib -mcpu=cortex-a9 -mfpu=vfpv3 -mfloat-abi=hard -Wl,-build-id=none -specs=Xilinx.spec -Wl,-T -Wl,../src/lscript.ld -o "AD128S_SPI.elf"  ./src/COMMON.o ./src/ISR.o ./src/main.o  ./ACZ702_Lib/SCU/SCU_GIC.o ./ACZ702_Lib/SCU/SCU_TIMER.o  ./ACZ702_Lib/PS_SPI/PS_SPI.o  ./ACZ702_Lib/PS_GPIO/PS_GPIO.o   -Wl,--start-group,-lxil,-lgcc,-lc,--end-group
'Finished building target: AD128S_SPI.elf'
' '
'Invoking: ARM v7 Print Size'
arm-none-eabi-size AD128S_SPI.elf  |tee "AD128S_SPI.elf.size"
   text	   data	    bss	    dec	    hex	filename
  36988	   1984	  22744	  61716	   f114	AD128S_SPI.elf
'Finished building: AD128S_SPI.elf.size'
' '
18:21:35 **** Incremental Build of configuration Debug for project AD128S_SPI ****
make pre-build main-build 
a9-linaro-pre-build-step
' '
make: Nothing to be done for 'main-build'.
18:22:00 **** Incremental Build of configuration Debug for project AD128S_SPI ****
make pre-build main-build 
a9-linaro-pre-build-step
' '
make: Nothing to be done for 'main-build'.
18:22:40 **** Auto Build of configuration Debug for project AD128S_SPI ****
make pre-build main-build 
a9-linaro-pre-build-step
' '
'Building file: ../src/main.c'
'Invoking: ARM v7 gcc compiler'
arm-none-eabi-gcc -Wall -O0 -g3 -I../../AD128S_SPI_bsp/ps7_cortexa9_0/include -I"F:\ZYNQ_Project\ACZ702_Project\Debugging\AD128S_SPI\AD128S_SPI.sdk\AD128S_SPI\ACZ702_Lib\PS_GPIO" -I"F:\ZYNQ_Project\ACZ702_Project\Debugging\AD128S_SPI\AD128S_SPI.sdk\AD128S_SPI\ACZ702_Lib\PS_SPI" -I"F:\ZYNQ_Project\ACZ702_Project\Debugging\AD128S_SPI\AD128S_SPI.sdk\AD128S_SPI\ACZ702_Lib\SCU" -I"F:\ZYNQ_Project\ACZ702_Project\Debugging\AD128S_SPI\AD128S_SPI.sdk\AD128S_SPI\src" -c -fmessage-length=0 -MT"src/main.o" -mcpu=cortex-a9 -mfpu=vfpv3 -mfloat-abi=hard -MMD -MP -MF"src/main.d" -MT"src/main.o" -o "src/main.o" "../src/main.c"
'Finished building: ../src/main.c'
' '
'Building target: AD128S_SPI.elf'
'Invoking: ARM v7 gcc linker'
arm-none-eabi-gcc -L../../AD128S_SPI_bsp/ps7_cortexa9_0/lib -mcpu=cortex-a9 -mfpu=vfpv3 -mfloat-abi=hard -Wl,-build-id=none -specs=Xilinx.spec -Wl,-T -Wl,../src/lscript.ld -o "AD128S_SPI.elf"  ./src/COMMON.o ./src/ISR.o ./src/main.o  ./ACZ702_Lib/SCU/SCU_GIC.o ./ACZ702_Lib/SCU/SCU_TIMER.o  ./ACZ702_Lib/PS_SPI/PS_SPI.o  ./ACZ702_Lib/PS_GPIO/PS_GPIO.o   -Wl,--start-group,-lxil,-lgcc,-lc,--end-group
'Finished building target: AD128S_SPI.elf'
' '
'Invoking: ARM v7 Print Size'
arm-none-eabi-size AD128S_SPI.elf  |tee "AD128S_SPI.elf.size"
   text	   data	    bss	    dec	    hex	filename
  36988	   1984	  22744	  61716	   f114	AD128S_SPI.elf
'Finished building: AD128S_SPI.elf.size'
' '
18:22:43 **** Incremental Build of configuration Debug for project AD128S_SPI ****
make pre-build main-build 
a9-linaro-pre-build-step
' '
make: Nothing to be done for 'main-build'.
18:23:08 **** Auto Build of configuration Debug for project AD128S_SPI ****
make pre-build main-build 
a9-linaro-pre-build-step
' '
'Building file: ../src/main.c'
'Invoking: ARM v7 gcc compiler'
arm-none-eabi-gcc -Wall -O0 -g3 -I../../AD128S_SPI_bsp/ps7_cortexa9_0/include -I"F:\ZYNQ_Project\ACZ702_Project\Debugging\AD128S_SPI\AD128S_SPI.sdk\AD128S_SPI\ACZ702_Lib\PS_GPIO" -I"F:\ZYNQ_Project\ACZ702_Project\Debugging\AD128S_SPI\AD128S_SPI.sdk\AD128S_SPI\ACZ702_Lib\PS_SPI" -I"F:\ZYNQ_Project\ACZ702_Project\Debugging\AD128S_SPI\AD128S_SPI.sdk\AD128S_SPI\ACZ702_Lib\SCU" -I"F:\ZYNQ_Project\ACZ702_Project\Debugging\AD128S_SPI\AD128S_SPI.sdk\AD128S_SPI\src" -c -fmessage-length=0 -MT"src/main.o" -mcpu=cortex-a9 -mfpu=vfpv3 -mfloat-abi=hard -MMD -MP -MF"src/main.d" -MT"src/main.o" -o "src/main.o" "../src/main.c"
'Finished building: ../src/main.c'
' '
'Building target: AD128S_SPI.elf'
'Invoking: ARM v7 gcc linker'
arm-none-eabi-gcc -L../../AD128S_SPI_bsp/ps7_cortexa9_0/lib -mcpu=cortex-a9 -mfpu=vfpv3 -mfloat-abi=hard -Wl,-build-id=none -specs=Xilinx.spec -Wl,-T -Wl,../src/lscript.ld -o "AD128S_SPI.elf"  ./src/COMMON.o ./src/ISR.o ./src/main.o  ./ACZ702_Lib/SCU/SCU_GIC.o ./ACZ702_Lib/SCU/SCU_TIMER.o  ./ACZ702_Lib/PS_SPI/PS_SPI.o  ./ACZ702_Lib/PS_GPIO/PS_GPIO.o   -Wl,--start-group,-lxil,-lgcc,-lc,--end-group
'Finished building target: AD128S_SPI.elf'
' '
'Invoking: ARM v7 Print Size'
arm-none-eabi-size AD128S_SPI.elf  |tee "AD128S_SPI.elf.size"
   text	   data	    bss	    dec	    hex	filename
  36988	   1984	  22744	  61716	   f114	AD128S_SPI.elf
'Finished building: AD128S_SPI.elf.size'
' '
18:23:11 **** Incremental Build of configuration Debug for project AD128S_SPI ****
make pre-build main-build 
a9-linaro-pre-build-step
' '
make: Nothing to be done for 'main-build'.
18:25:20 **** Incremental Build of configuration Debug for project AD128S_SPI ****
make pre-build main-build 
a9-linaro-pre-build-step
' '
make: Nothing to be done for 'main-build'.
18:39:07 **** Incremental Build of configuration Debug for project AD128S_SPI ****
make pre-build main-build 
a9-linaro-pre-build-step
' '
make: Nothing to be done for 'main-build'.
09:39:36 **** Incremental Build of configuration Debug for project AD128S_SPI ****
make pre-build main-build 
a9-linaro-pre-build-step
' '
make: Nothing to be done for 'main-build'.
09:40:04 **** Incremental Build of configuration Debug for project AD128S_SPI ****
make pre-build main-build 
a9-linaro-pre-build-step
' '
make: Nothing to be done for 'main-build'.
10:05:32 **** Incremental Build of configuration Debug for project AD128S_SPI ****
make pre-build main-build 
a9-linaro-pre-build-step
' '
make: Nothing to be done for 'main-build'.
10:10:37 **** Auto Build of configuration Debug for project AD128S_SPI ****
make pre-build main-build 
a9-linaro-pre-build-step
' '
'Building file: ../ACZ702_Lib/PS_SPI/PS_SPI.c'
'Invoking: ARM v7 gcc compiler'
arm-none-eabi-gcc -Wall -O0 -g3 -I../../AD128S_SPI_bsp/ps7_cortexa9_0/include -I"F:\ZYNQ_Project\ACZ702_Project\Debugging\AD128S_SPI\AD128S_SPI.sdk\AD128S_SPI\ACZ702_Lib\PS_GPIO" -I"F:\ZYNQ_Project\ACZ702_Project\Debugging\AD128S_SPI\AD128S_SPI.sdk\AD128S_SPI\ACZ702_Lib\PS_SPI" -I"F:\ZYNQ_Project\ACZ702_Project\Debugging\AD128S_SPI\AD128S_SPI.sdk\AD128S_SPI\ACZ702_Lib\SCU" -I"F:\ZYNQ_Project\ACZ702_Project\Debugging\AD128S_SPI\AD128S_SPI.sdk\AD128S_SPI\src" -c -fmessage-length=0 -MT"ACZ702_Lib/PS_SPI/PS_SPI.o" -mcpu=cortex-a9 -mfpu=vfpv3 -mfloat-abi=hard -MMD -MP -MF"ACZ702_Lib/PS_SPI/PS_SPI.d" -MT"ACZ702_Lib/PS_SPI/PS_SPI.o" -o "ACZ702_Lib/PS_SPI/PS_SPI.o" "../ACZ702_Lib/PS_SPI/PS_SPI.c"
'Finished building: ../ACZ702_Lib/PS_SPI/PS_SPI.c'
' '
'Building target: AD128S_SPI.elf'
'Invoking: ARM v7 gcc linker'
arm-none-eabi-gcc -L../../AD128S_SPI_bsp/ps7_cortexa9_0/lib -mcpu=cortex-a9 -mfpu=vfpv3 -mfloat-abi=hard -Wl,-build-id=none -specs=Xilinx.spec -Wl,-T -Wl,../src/lscript.ld -o "AD128S_SPI.elf"  ./src/COMMON.o ./src/ISR.o ./src/main.o  ./ACZ702_Lib/SCU/SCU_GIC.o ./ACZ702_Lib/SCU/SCU_TIMER.o  ./ACZ702_Lib/PS_SPI/PS_SPI.o  ./ACZ702_Lib/PS_GPIO/PS_GPIO.o   -Wl,--start-group,-lxil,-lgcc,-lc,--end-group
./src/ISR.o: In function `ScuTimer_IRQ_Handler':
F:\ZYNQ_Project\ACZ702_Project\Debugging\AD128S_SPI\AD128S_SPI.sdk\AD128S_SPI\Debug/../src/ISR.c:44: undefined reference to `Spi1'
F:\ZYNQ_Project\ACZ702_Project\Debugging\AD128S_SPI\AD128S_SPI.sdk\AD128S_SPI\Debug/../src/ISR.c:44: undefined reference to `Spi1'
./src/main.o: In function `main':
F:\ZYNQ_Project\ACZ702_Project\Debugging\AD128S_SPI\AD128S_SPI.sdk\AD128S_SPI\Debug/../src/main.c:37: undefined reference to `Spi0'
F:\ZYNQ_Project\ACZ702_Project\Debugging\AD128S_SPI\AD128S_SPI.sdk\AD128S_SPI\Debug/../src/main.c:37: undefined reference to `Spi0'
F:\ZYNQ_Project\ACZ702_Project\Debugging\AD128S_SPI\AD128S_SPI.sdk\AD128S_SPI\Debug/../src/main.c:40: undefined reference to `Spi1'
F:\ZYNQ_Project\ACZ702_Project\Debugging\AD128S_SPI\AD128S_SPI.sdk\AD128S_SPI\Debug/../src/main.c:40: undefined reference to `Spi1'
F:\ZYNQ_Project\ACZ702_Project\Debugging\AD128S_SPI\AD128S_SPI.sdk\AD128S_SPI\Debug/../src/main.c:53: undefined reference to `Spi0'
F:\ZYNQ_Project\ACZ702_Project\Debugging\AD128S_SPI\AD128S_SPI.sdk\AD128S_SPI\Debug/../src/main.c:53: undefined reference to `Spi0'
collect2.exe: error: ld returned 1 exit status
make: *** [makefile:44: AD128S_SPI.elf] Error 1
10:10:47 **** Auto Build of configuration Debug for project AD128S_SPI ****
make pre-build main-build 
a9-linaro-pre-build-step
' '
'Building file: ../src/COMMON.c'
'Invoking: ARM v7 gcc compiler'
arm-none-eabi-gcc -Wall -O0 -g3 -I../../AD128S_SPI_bsp/ps7_cortexa9_0/include -I"F:\ZYNQ_Project\ACZ702_Project\Debugging\AD128S_SPI\AD128S_SPI.sdk\AD128S_SPI\ACZ702_Lib\PS_GPIO" -I"F:\ZYNQ_Project\ACZ702_Project\Debugging\AD128S_SPI\AD128S_SPI.sdk\AD128S_SPI\ACZ702_Lib\PS_SPI" -I"F:\ZYNQ_Project\ACZ702_Project\Debugging\AD128S_SPI\AD128S_SPI.sdk\AD128S_SPI\ACZ702_Lib\SCU" -I"F:\ZYNQ_Project\ACZ702_Project\Debugging\AD128S_SPI\AD128S_SPI.sdk\AD128S_SPI\src" -c -fmessage-length=0 -MT"src/COMMON.o" -mcpu=cortex-a9 -mfpu=vfpv3 -mfloat-abi=hard -MMD -MP -MF"src/COMMON.d" -MT"src/COMMON.o" -o "src/COMMON.o" "../src/COMMON.c"
'Finished building: ../src/COMMON.c'
' '
'Building file: ../src/ISR.c'
'Invoking: ARM v7 gcc compiler'
arm-none-eabi-gcc -Wall -O0 -g3 -I../../AD128S_SPI_bsp/ps7_cortexa9_0/include -I"F:\ZYNQ_Project\ACZ702_Project\Debugging\AD128S_SPI\AD128S_SPI.sdk\AD128S_SPI\ACZ702_Lib\PS_GPIO" -I"F:\ZYNQ_Project\ACZ702_Project\Debugging\AD128S_SPI\AD128S_SPI.sdk\AD128S_SPI\ACZ702_Lib\PS_SPI" -I"F:\ZYNQ_Project\ACZ702_Project\Debugging\AD128S_SPI\AD128S_SPI.sdk\AD128S_SPI\ACZ702_Lib\SCU" -I"F:\ZYNQ_Project\ACZ702_Project\Debugging\AD128S_SPI\AD128S_SPI.sdk\AD128S_SPI\src" -c -fmessage-length=0 -MT"src/ISR.o" -mcpu=cortex-a9 -mfpu=vfpv3 -mfloat-abi=hard -MMD -MP -MF"src/ISR.d" -MT"src/ISR.o" -o "src/ISR.o" "../src/ISR.c"
../src/ISR.c: In function 'ScuTimer_IRQ_Handler':
../src/ISR.c:44:19: error: 'Spi1' undeclared (first use in this function); did you mean 'SPI1'?
  PS_SPI_Transfer(&Spi1, 0, 0,Dig_Data[i], 2);
                   ^~~~
                   SPI1
../src/ISR.c:44:19: note: each undeclared identifier is reported only once for each function it appears in
make: *** [src/subdir.mk:29: src/ISR.o] Error 1
10:11:07 **** Auto Build of configuration Debug for project AD128S_SPI ****
make pre-build main-build 
a9-linaro-pre-build-step
' '
'Building file: ../src/ISR.c'
'Invoking: ARM v7 gcc compiler'
arm-none-eabi-gcc -Wall -O0 -g3 -I../../AD128S_SPI_bsp/ps7_cortexa9_0/include -I"F:\ZYNQ_Project\ACZ702_Project\Debugging\AD128S_SPI\AD128S_SPI.sdk\AD128S_SPI\ACZ702_Lib\PS_GPIO" -I"F:\ZYNQ_Project\ACZ702_Project\Debugging\AD128S_SPI\AD128S_SPI.sdk\AD128S_SPI\ACZ702_Lib\PS_SPI" -I"F:\ZYNQ_Project\ACZ702_Project\Debugging\AD128S_SPI\AD128S_SPI.sdk\AD128S_SPI\ACZ702_Lib\SCU" -I"F:\ZYNQ_Project\ACZ702_Project\Debugging\AD128S_SPI\AD128S_SPI.sdk\AD128S_SPI\src" -c -fmessage-length=0 -MT"src/ISR.o" -mcpu=cortex-a9 -mfpu=vfpv3 -mfloat-abi=hard -MMD -MP -MF"src/ISR.d" -MT"src/ISR.o" -o "src/ISR.o" "../src/ISR.c"
../src/ISR.c: In function 'ScuTimer_IRQ_Handler':
../src/ISR.c:44:19: error: 'Spi1' undeclared (first use in this function); did you mean 'SPI1'?
  PS_SPI_Transfer(&Spi1, 0, 0,Dig_Data[i], 2);
                   ^~~~
                   SPI1
../src/ISR.c:44:19: note: each undeclared identifier is reported only once for each function it appears in
make: *** [src/subdir.mk:29: src/ISR.o] Error 1
10:11:15 **** Auto Build of configuration Debug for project AD128S_SPI ****
make pre-build main-build 
a9-linaro-pre-build-step
' '
'Building file: ../src/ISR.c'
'Invoking: ARM v7 gcc compiler'
arm-none-eabi-gcc -Wall -O0 -g3 -I../../AD128S_SPI_bsp/ps7_cortexa9_0/include -I"F:\ZYNQ_Project\ACZ702_Project\Debugging\AD128S_SPI\AD128S_SPI.sdk\AD128S_SPI\ACZ702_Lib\PS_GPIO" -I"F:\ZYNQ_Project\ACZ702_Project\Debugging\AD128S_SPI\AD128S_SPI.sdk\AD128S_SPI\ACZ702_Lib\PS_SPI" -I"F:\ZYNQ_Project\ACZ702_Project\Debugging\AD128S_SPI\AD128S_SPI.sdk\AD128S_SPI\ACZ702_Lib\SCU" -I"F:\ZYNQ_Project\ACZ702_Project\Debugging\AD128S_SPI\AD128S_SPI.sdk\AD128S_SPI\src" -c -fmessage-length=0 -MT"src/ISR.o" -mcpu=cortex-a9 -mfpu=vfpv3 -mfloat-abi=hard -MMD -MP -MF"src/ISR.d" -MT"src/ISR.o" -o "src/ISR.o" "../src/ISR.c"
../src/ISR.c: In function 'ScuTimer_IRQ_Handler':
../src/ISR.c:44:19: error: 'Spi1' undeclared (first use in this function); did you mean 'SPI1'?
  PS_SPI_Transfer(&Spi1, 0, 0,Dig_Data[i], 2);
                   ^~~~
                   SPI1
../src/ISR.c:44:19: note: each undeclared identifier is reported only once for each function it appears in
make: *** [src/subdir.mk:29: src/ISR.o] Error 1
10:11:22 **** Auto Build of configuration Debug for project AD128S_SPI ****
make pre-build main-build 
a9-linaro-pre-build-step
' '
'Building file: ../src/ISR.c'
'Invoking: ARM v7 gcc compiler'
arm-none-eabi-gcc -Wall -O0 -g3 -I../../AD128S_SPI_bsp/ps7_cortexa9_0/include -I"F:\ZYNQ_Project\ACZ702_Project\Debugging\AD128S_SPI\AD128S_SPI.sdk\AD128S_SPI\ACZ702_Lib\PS_GPIO" -I"F:\ZYNQ_Project\ACZ702_Project\Debugging\AD128S_SPI\AD128S_SPI.sdk\AD128S_SPI\ACZ702_Lib\PS_SPI" -I"F:\ZYNQ_Project\ACZ702_Project\Debugging\AD128S_SPI\AD128S_SPI.sdk\AD128S_SPI\ACZ702_Lib\SCU" -I"F:\ZYNQ_Project\ACZ702_Project\Debugging\AD128S_SPI\AD128S_SPI.sdk\AD128S_SPI\src" -c -fmessage-length=0 -MT"src/ISR.o" -mcpu=cortex-a9 -mfpu=vfpv3 -mfloat-abi=hard -MMD -MP -MF"src/ISR.d" -MT"src/ISR.o" -o "src/ISR.o" "../src/ISR.c"
'Finished building: ../src/ISR.c'
' '
'Building file: ../src/main.c'
'Invoking: ARM v7 gcc compiler'
arm-none-eabi-gcc -Wall -O0 -g3 -I../../AD128S_SPI_bsp/ps7_cortexa9_0/include -I"F:\ZYNQ_Project\ACZ702_Project\Debugging\AD128S_SPI\AD128S_SPI.sdk\AD128S_SPI\ACZ702_Lib\PS_GPIO" -I"F:\ZYNQ_Project\ACZ702_Project\Debugging\AD128S_SPI\AD128S_SPI.sdk\AD128S_SPI\ACZ702_Lib\PS_SPI" -I"F:\ZYNQ_Project\ACZ702_Project\Debugging\AD128S_SPI\AD128S_SPI.sdk\AD128S_SPI\ACZ702_Lib\SCU" -I"F:\ZYNQ_Project\ACZ702_Project\Debugging\AD128S_SPI\AD128S_SPI.sdk\AD128S_SPI\src" -c -fmessage-length=0 -MT"src/main.o" -mcpu=cortex-a9 -mfpu=vfpv3 -mfloat-abi=hard -MMD -MP -MF"src/main.d" -MT"src/main.o" -o "src/main.o" "../src/main.c"
'Finished building: ../src/main.c'
' '
'Building file: ../ACZ702_Lib/SCU/SCU_GIC.c'
'Invoking: ARM v7 gcc compiler'
arm-none-eabi-gcc -Wall -O0 -g3 -I../../AD128S_SPI_bsp/ps7_cortexa9_0/include -I"F:\ZYNQ_Project\ACZ702_Project\Debugging\AD128S_SPI\AD128S_SPI.sdk\AD128S_SPI\ACZ702_Lib\PS_GPIO" -I"F:\ZYNQ_Project\ACZ702_Project\Debugging\AD128S_SPI\AD128S_SPI.sdk\AD128S_SPI\ACZ702_Lib\PS_SPI" -I"F:\ZYNQ_Project\ACZ702_Project\Debugging\AD128S_SPI\AD128S_SPI.sdk\AD128S_SPI\ACZ702_Lib\SCU" -I"F:\ZYNQ_Project\ACZ702_Project\Debugging\AD128S_SPI\AD128S_SPI.sdk\AD128S_SPI\src" -c -fmessage-length=0 -MT"ACZ702_Lib/SCU/SCU_GIC.o" -mcpu=cortex-a9 -mfpu=vfpv3 -mfloat-abi=hard -MMD -MP -MF"ACZ702_Lib/SCU/SCU_GIC.d" -MT"ACZ702_Lib/SCU/SCU_GIC.o" -o "ACZ702_Lib/SCU/SCU_GIC.o" "../ACZ702_Lib/SCU/SCU_GIC.c"
'Finished building: ../ACZ702_Lib/SCU/SCU_GIC.c'
' '
'Building file: ../ACZ702_Lib/SCU/SCU_TIMER.c'
'Invoking: ARM v7 gcc compiler'
arm-none-eabi-gcc -Wall -O0 -g3 -I../../AD128S_SPI_bsp/ps7_cortexa9_0/include -I"F:\ZYNQ_Project\ACZ702_Project\Debugging\AD128S_SPI\AD128S_SPI.sdk\AD128S_SPI\ACZ702_Lib\PS_GPIO" -I"F:\ZYNQ_Project\ACZ702_Project\Debugging\AD128S_SPI\AD128S_SPI.sdk\AD128S_SPI\ACZ702_Lib\PS_SPI" -I"F:\ZYNQ_Project\ACZ702_Project\Debugging\AD128S_SPI\AD128S_SPI.sdk\AD128S_SPI\ACZ702_Lib\SCU" -I"F:\ZYNQ_Project\ACZ702_Project\Debugging\AD128S_SPI\AD128S_SPI.sdk\AD128S_SPI\src" -c -fmessage-length=0 -MT"ACZ702_Lib/SCU/SCU_TIMER.o" -mcpu=cortex-a9 -mfpu=vfpv3 -mfloat-abi=hard -MMD -MP -MF"ACZ702_Lib/SCU/SCU_TIMER.d" -MT"ACZ702_Lib/SCU/SCU_TIMER.o" -o "ACZ702_Lib/SCU/SCU_TIMER.o" "../ACZ702_Lib/SCU/SCU_TIMER.c"
'Finished building: ../ACZ702_Lib/SCU/SCU_TIMER.c'
' '
'Building file: ../ACZ702_Lib/PS_SPI/PS_SPI.c'
'Invoking: ARM v7 gcc compiler'
arm-none-eabi-gcc -Wall -O0 -g3 -I../../AD128S_SPI_bsp/ps7_cortexa9_0/include -I"F:\ZYNQ_Project\ACZ702_Project\Debugging\AD128S_SPI\AD128S_SPI.sdk\AD128S_SPI\ACZ702_Lib\PS_GPIO" -I"F:\ZYNQ_Project\ACZ702_Project\Debugging\AD128S_SPI\AD128S_SPI.sdk\AD128S_SPI\ACZ702_Lib\PS_SPI" -I"F:\ZYNQ_Project\ACZ702_Project\Debugging\AD128S_SPI\AD128S_SPI.sdk\AD128S_SPI\ACZ702_Lib\SCU" -I"F:\ZYNQ_Project\ACZ702_Project\Debugging\AD128S_SPI\AD128S_SPI.sdk\AD128S_SPI\src" -c -fmessage-length=0 -MT"ACZ702_Lib/PS_SPI/PS_SPI.o" -mcpu=cortex-a9 -mfpu=vfpv3 -mfloat-abi=hard -MMD -MP -MF"ACZ702_Lib/PS_SPI/PS_SPI.d" -MT"ACZ702_Lib/PS_SPI/PS_SPI.o" -o "ACZ702_Lib/PS_SPI/PS_SPI.o" "../ACZ702_Lib/PS_SPI/PS_SPI.c"
'Finished building: ../ACZ702_Lib/PS_SPI/PS_SPI.c'
' '
'Building file: ../ACZ702_Lib/PS_GPIO/PS_GPIO.c'
'Invoking: ARM v7 gcc compiler'
arm-none-eabi-gcc -Wall -O0 -g3 -I../../AD128S_SPI_bsp/ps7_cortexa9_0/include -I"F:\ZYNQ_Project\ACZ702_Project\Debugging\AD128S_SPI\AD128S_SPI.sdk\AD128S_SPI\ACZ702_Lib\PS_GPIO" -I"F:\ZYNQ_Project\ACZ702_Project\Debugging\AD128S_SPI\AD128S_SPI.sdk\AD128S_SPI\ACZ702_Lib\PS_SPI" -I"F:\ZYNQ_Project\ACZ702_Project\Debugging\AD128S_SPI\AD128S_SPI.sdk\AD128S_SPI\ACZ702_Lib\SCU" -I"F:\ZYNQ_Project\ACZ702_Project\Debugging\AD128S_SPI\AD128S_SPI.sdk\AD128S_SPI\src" -c -fmessage-length=0 -MT"ACZ702_Lib/PS_GPIO/PS_GPIO.o" -mcpu=cortex-a9 -mfpu=vfpv3 -mfloat-abi=hard -MMD -MP -MF"ACZ702_Lib/PS_GPIO/PS_GPIO.d" -MT"ACZ702_Lib/PS_GPIO/PS_GPIO.o" -o "ACZ702_Lib/PS_GPIO/PS_GPIO.o" "../ACZ702_Lib/PS_GPIO/PS_GPIO.c"
'Finished building: ../ACZ702_Lib/PS_GPIO/PS_GPIO.c'
' '
'Building target: AD128S_SPI.elf'
'Invoking: ARM v7 gcc linker'
arm-none-eabi-gcc -L../../AD128S_SPI_bsp/ps7_cortexa9_0/lib -mcpu=cortex-a9 -mfpu=vfpv3 -mfloat-abi=hard -Wl,-build-id=none -specs=Xilinx.spec -Wl,-T -Wl,../src/lscript.ld -o "AD128S_SPI.elf"  ./src/COMMON.o ./src/ISR.o ./src/main.o  ./ACZ702_Lib/SCU/SCU_GIC.o ./ACZ702_Lib/SCU/SCU_TIMER.o  ./ACZ702_Lib/PS_SPI/PS_SPI.o  ./ACZ702_Lib/PS_GPIO/PS_GPIO.o   -Wl,--start-group,-lxil,-lgcc,-lc,--end-group
'Finished building target: AD128S_SPI.elf'
' '
'Invoking: ARM v7 Print Size'
arm-none-eabi-size AD128S_SPI.elf  |tee "AD128S_SPI.elf.size"
   text	   data	    bss	    dec	    hex	filename
  36988	   1984	  22744	  61716	   f114	AD128S_SPI.elf
'Finished building: AD128S_SPI.elf.size'
' '
10:13:33 **** Incremental Build of configuration Debug for project AD128S_SPI ****
make pre-build main-build 
a9-linaro-pre-build-step
' '
make: Nothing to be done for 'main-build'.
10:16:34 **** Auto Build of configuration Debug for project AD128S_SPI ****
make pre-build main-build 
a9-linaro-pre-build-step
' '
'Building file: ../src/main.c'
'Invoking: ARM v7 gcc compiler'
arm-none-eabi-gcc -Wall -O0 -g3 -I../../AD128S_SPI_bsp/ps7_cortexa9_0/include -I"F:\ZYNQ_Project\ACZ702_Project\Debugging\AD128S_SPI\AD128S_SPI.sdk\AD128S_SPI\ACZ702_Lib\PS_GPIO" -I"F:\ZYNQ_Project\ACZ702_Project\Debugging\AD128S_SPI\AD128S_SPI.sdk\AD128S_SPI\ACZ702_Lib\PS_SPI" -I"F:\ZYNQ_Project\ACZ702_Project\Debugging\AD128S_SPI\AD128S_SPI.sdk\AD128S_SPI\ACZ702_Lib\SCU" -I"F:\ZYNQ_Project\ACZ702_Project\Debugging\AD128S_SPI\AD128S_SPI.sdk\AD128S_SPI\src" -c -fmessage-length=0 -MT"src/main.o" -mcpu=cortex-a9 -mfpu=vfpv3 -mfloat-abi=hard -MMD -MP -MF"src/main.d" -MT"src/main.o" -o "src/main.o" "../src/main.c"
'Finished building: ../src/main.c'
' '
'Building target: AD128S_SPI.elf'
'Invoking: ARM v7 gcc linker'
arm-none-eabi-gcc -L../../AD128S_SPI_bsp/ps7_cortexa9_0/lib -mcpu=cortex-a9 -mfpu=vfpv3 -mfloat-abi=hard -Wl,-build-id=none -specs=Xilinx.spec -Wl,-T -Wl,../src/lscript.ld -o "AD128S_SPI.elf"  ./src/COMMON.o ./src/ISR.o ./src/main.o  ./ACZ702_Lib/SCU/SCU_GIC.o ./ACZ702_Lib/SCU/SCU_TIMER.o  ./ACZ702_Lib/PS_SPI/PS_SPI.o  ./ACZ702_Lib/PS_GPIO/PS_GPIO.o   -Wl,--start-group,-lxil,-lgcc,-lc,--end-group
'Finished building target: AD128S_SPI.elf'
' '
'Invoking: ARM v7 Print Size'
arm-none-eabi-size AD128S_SPI.elf  |tee "AD128S_SPI.elf.size"
   text	   data	    bss	    dec	    hex	filename
  36988	   1984	  22744	  61716	   f114	AD128S_SPI.elf
'Finished building: AD128S_SPI.elf.size'
' '
10:16:37 **** Incremental Build of configuration Debug for project AD128S_SPI ****
make pre-build main-build 
a9-linaro-pre-build-step
' '
make: Nothing to be done for 'main-build'.
10:17:16 **** Incremental Build of configuration Debug for project AD128S_SPI ****
make pre-build main-build 
a9-linaro-pre-build-step
' '
make: Nothing to be done for 'main-build'.
10:17:36 **** Auto Build of configuration Debug for project AD128S_SPI ****
make pre-build main-build 
a9-linaro-pre-build-step
' '
'Building file: ../src/main.c'
'Invoking: ARM v7 gcc compiler'
arm-none-eabi-gcc -Wall -O0 -g3 -I../../AD128S_SPI_bsp/ps7_cortexa9_0/include -I"F:\ZYNQ_Project\ACZ702_Project\Debugging\AD128S_SPI\AD128S_SPI.sdk\AD128S_SPI\ACZ702_Lib\PS_GPIO" -I"F:\ZYNQ_Project\ACZ702_Project\Debugging\AD128S_SPI\AD128S_SPI.sdk\AD128S_SPI\ACZ702_Lib\PS_SPI" -I"F:\ZYNQ_Project\ACZ702_Project\Debugging\AD128S_SPI\AD128S_SPI.sdk\AD128S_SPI\ACZ702_Lib\SCU" -I"F:\ZYNQ_Project\ACZ702_Project\Debugging\AD128S_SPI\AD128S_SPI.sdk\AD128S_SPI\src" -c -fmessage-length=0 -MT"src/main.o" -mcpu=cortex-a9 -mfpu=vfpv3 -mfloat-abi=hard -MMD -MP -MF"src/main.d" -MT"src/main.o" -o "src/main.o" "../src/main.c"
'Finished building: ../src/main.c'
' '
'Building target: AD128S_SPI.elf'
'Invoking: ARM v7 gcc linker'
arm-none-eabi-gcc -L../../AD128S_SPI_bsp/ps7_cortexa9_0/lib -mcpu=cortex-a9 -mfpu=vfpv3 -mfloat-abi=hard -Wl,-build-id=none -specs=Xilinx.spec -Wl,-T -Wl,../src/lscript.ld -o "AD128S_SPI.elf"  ./src/COMMON.o ./src/ISR.o ./src/main.o  ./ACZ702_Lib/SCU/SCU_GIC.o ./ACZ702_Lib/SCU/SCU_TIMER.o  ./ACZ702_Lib/PS_SPI/PS_SPI.o  ./ACZ702_Lib/PS_GPIO/PS_GPIO.o   -Wl,--start-group,-lxil,-lgcc,-lc,--end-group
'Finished building target: AD128S_SPI.elf'
' '
'Invoking: ARM v7 Print Size'
arm-none-eabi-size AD128S_SPI.elf  |tee "AD128S_SPI.elf.size"
   text	   data	    bss	    dec	    hex	filename
  36988	   1984	  22744	  61716	   f114	AD128S_SPI.elf
'Finished building: AD128S_SPI.elf.size'
' '
10:17:39 **** Incremental Build of configuration Debug for project AD128S_SPI ****
make pre-build main-build 
a9-linaro-pre-build-step
' '
make: Nothing to be done for 'main-build'.
10:17:59 **** Auto Build of configuration Debug for project AD128S_SPI ****
make pre-build main-build 
a9-linaro-pre-build-step
' '
'Building file: ../src/main.c'
'Invoking: ARM v7 gcc compiler'
arm-none-eabi-gcc -Wall -O0 -g3 -I../../AD128S_SPI_bsp/ps7_cortexa9_0/include -I"F:\ZYNQ_Project\ACZ702_Project\Debugging\AD128S_SPI\AD128S_SPI.sdk\AD128S_SPI\ACZ702_Lib\PS_GPIO" -I"F:\ZYNQ_Project\ACZ702_Project\Debugging\AD128S_SPI\AD128S_SPI.sdk\AD128S_SPI\ACZ702_Lib\PS_SPI" -I"F:\ZYNQ_Project\ACZ702_Project\Debugging\AD128S_SPI\AD128S_SPI.sdk\AD128S_SPI\ACZ702_Lib\SCU" -I"F:\ZYNQ_Project\ACZ702_Project\Debugging\AD128S_SPI\AD128S_SPI.sdk\AD128S_SPI\src" -c -fmessage-length=0 -MT"src/main.o" -mcpu=cortex-a9 -mfpu=vfpv3 -mfloat-abi=hard -MMD -MP -MF"src/main.d" -MT"src/main.o" -o "src/main.o" "../src/main.c"
'Finished building: ../src/main.c'
' '
'Building target: AD128S_SPI.elf'
'Invoking: ARM v7 gcc linker'
[...]
'Finished building: ../src/COMMON.c'
' '
'Building file: ../src/ISR.c'
'Invoking: ARM v7 gcc compiler'
arm-none-eabi-gcc -Wall -O0 -g3 -I../../AD128S_SPI_bsp/ps7_cortexa9_0/include -I"D:\work\waresoft\Vivado\workspace\AD128S_SPI\AD128S_SPI.sdk\AD128S_SPI\ACZ7015_Lib\PS_GPIO" -I"D:\work\waresoft\Vivado\workspace\AD128S_SPI\AD128S_SPI.sdk\AD128S_SPI\ACZ7015_Lib\PS_SPI" -I"D:\work\waresoft\Vivado\workspace\AD128S_SPI\AD128S_SPI.sdk\AD128S_SPI\ACZ7015_Lib\SCU" -I"D:\work\waresoft\Vivado\workspace\AD128S_SPI\AD128S_SPI.sdk\AD128S_SPI\src" -c -fmessage-length=0 -MT"src/ISR.o" -mcpu=cortex-a9 -mfpu=vfpv3 -mfloat-abi=hard -MMD -MP -MF"src/ISR.d" -MT"src/ISR.o" -o "src/ISR.o" "../src/ISR.c"
'Finished building: ../src/ISR.c'
' '
'Building file: ../src/main.c'
'Invoking: ARM v7 gcc compiler'
arm-none-eabi-gcc -Wall -O0 -g3 -I../../AD128S_SPI_bsp/ps7_cortexa9_0/include -I"D:\work\waresoft\Vivado\workspace\AD128S_SPI\AD128S_SPI.sdk\AD128S_SPI\ACZ7015_Lib\PS_GPIO" -I"D:\work\waresoft\Vivado\workspace\AD128S_SPI\AD128S_SPI.sdk\AD128S_SPI\ACZ7015_Lib\PS_SPI" -I"D:\work\waresoft\Vivado\workspace\AD128S_SPI\AD128S_SPI.sdk\AD128S_SPI\ACZ7015_Lib\SCU" -I"D:\work\waresoft\Vivado\workspace\AD128S_SPI\AD128S_SPI.sdk\AD128S_SPI\src" -c -fmessage-length=0 -MT"src/main.o" -mcpu=cortex-a9 -mfpu=vfpv3 -mfloat-abi=hard -MMD -MP -MF"src/main.d" -MT"src/main.o" -o "src/main.o" "../src/main.c"
'Finished building: ../src/main.c'
' '
'Building file: ../ACZ7015_Lib/SCU/SCU_GIC.c'
'Invoking: ARM v7 gcc compiler'
arm-none-eabi-gcc -Wall -O0 -g3 -I../../AD128S_SPI_bsp/ps7_cortexa9_0/include -I"D:\work\waresoft\Vivado\workspace\AD128S_SPI\AD128S_SPI.sdk\AD128S_SPI\ACZ7015_Lib\PS_GPIO" -I"D:\work\waresoft\Vivado\workspace\AD128S_SPI\AD128S_SPI.sdk\AD128S_SPI\ACZ7015_Lib\PS_SPI" -I"D:\work\waresoft\Vivado\workspace\AD128S_SPI\AD128S_SPI.sdk\AD128S_SPI\ACZ7015_Lib\SCU" -I"D:\work\waresoft\Vivado\workspace\AD128S_SPI\AD128S_SPI.sdk\AD128S_SPI\src" -c -fmessage-length=0 -MT"ACZ7015_Lib/SCU/SCU_GIC.o" -mcpu=cortex-a9 -mfpu=vfpv3 -mfloat-abi=hard -MMD -MP -MF"ACZ7015_Lib/SCU/SCU_GIC.d" -MT"ACZ7015_Lib/SCU/SCU_GIC.o" -o "ACZ7015_Lib/SCU/SCU_GIC.o" "../ACZ7015_Lib/SCU/SCU_GIC.c"
'Finished building: ../ACZ7015_Lib/SCU/SCU_GIC.c'
' '
'Building file: ../ACZ7015_Lib/SCU/SCU_TIMER.c'
'Invoking: ARM v7 gcc compiler'
arm-none-eabi-gcc -Wall -O0 -g3 -I../../AD128S_SPI_bsp/ps7_cortexa9_0/include -I"D:\work\waresoft\Vivado\workspace\AD128S_SPI\AD128S_SPI.sdk\AD128S_SPI\ACZ7015_Lib\PS_GPIO" -I"D:\work\waresoft\Vivado\workspace\AD128S_SPI\AD128S_SPI.sdk\AD128S_SPI\ACZ7015_Lib\PS_SPI" -I"D:\work\waresoft\Vivado\workspace\AD128S_SPI\AD128S_SPI.sdk\AD128S_SPI\ACZ7015_Lib\SCU" -I"D:\work\waresoft\Vivado\workspace\AD128S_SPI\AD128S_SPI.sdk\AD128S_SPI\src" -c -fmessage-length=0 -MT"ACZ7015_Lib/SCU/SCU_TIMER.o" -mcpu=cortex-a9 -mfpu=vfpv3 -mfloat-abi=hard -MMD -MP -MF"ACZ7015_Lib/SCU/SCU_TIMER.d" -MT"ACZ7015_Lib/SCU/SCU_TIMER.o" -o "ACZ7015_Lib/SCU/SCU_TIMER.o" "../ACZ7015_Lib/SCU/SCU_TIMER.c"
'Finished building: ../ACZ7015_Lib/SCU/SCU_TIMER.c'
' '
'Building file: ../ACZ7015_Lib/PS_SPI/PS_SPI.c'
'Invoking: ARM v7 gcc compiler'
arm-none-eabi-gcc -Wall -O0 -g3 -I../../AD128S_SPI_bsp/ps7_cortexa9_0/include -I"D:\work\waresoft\Vivado\workspace\AD128S_SPI\AD128S_SPI.sdk\AD128S_SPI\ACZ7015_Lib\PS_GPIO" -I"D:\work\waresoft\Vivado\workspace\AD128S_SPI\AD128S_SPI.sdk\AD128S_SPI\ACZ7015_Lib\PS_SPI" -I"D:\work\waresoft\Vivado\workspace\AD128S_SPI\AD128S_SPI.sdk\AD128S_SPI\ACZ7015_Lib\SCU" -I"D:\work\waresoft\Vivado\workspace\AD128S_SPI\AD128S_SPI.sdk\AD128S_SPI\src" -c -fmessage-length=0 -MT"ACZ7015_Lib/PS_SPI/PS_SPI.o" -mcpu=cortex-a9 -mfpu=vfpv3 -mfloat-abi=hard -MMD -MP -MF"ACZ7015_Lib/PS_SPI/PS_SPI.d" -MT"ACZ7015_Lib/PS_SPI/PS_SPI.o" -o "ACZ7015_Lib/PS_SPI/PS_SPI.o" "../ACZ7015_Lib/PS_SPI/PS_SPI.c"
'Finished building: ../ACZ7015_Lib/PS_SPI/PS_SPI.c'
' '
'Building file: ../ACZ7015_Lib/PS_GPIO/PS_GPIO.c'
'Invoking: ARM v7 gcc compiler'
arm-none-eabi-gcc -Wall -O0 -g3 -I../../AD128S_SPI_bsp/ps7_cortexa9_0/include -I"D:\work\waresoft\Vivado\workspace\AD128S_SPI\AD128S_SPI.sdk\AD128S_SPI\ACZ7015_Lib\PS_GPIO" -I"D:\work\waresoft\Vivado\workspace\AD128S_SPI\AD128S_SPI.sdk\AD128S_SPI\ACZ7015_Lib\PS_SPI" -I"D:\work\waresoft\Vivado\workspace\AD128S_SPI\AD128S_SPI.sdk\AD128S_SPI\ACZ7015_Lib\SCU" -I"D:\work\waresoft\Vivado\workspace\AD128S_SPI\AD128S_SPI.sdk\AD128S_SPI\src" -c -fmessage-length=0 -MT"ACZ7015_Lib/PS_GPIO/PS_GPIO.o" -mcpu=cortex-a9 -mfpu=vfpv3 -mfloat-abi=hard -MMD -MP -MF"ACZ7015_Lib/PS_GPIO/PS_GPIO.d" -MT"ACZ7015_Lib/PS_GPIO/PS_GPIO.o" -o "ACZ7015_Lib/PS_GPIO/PS_GPIO.o" "../ACZ7015_Lib/PS_GPIO/PS_GPIO.c"
'Finished building: ../ACZ7015_Lib/PS_GPIO/PS_GPIO.c'
' '
'Building target: AD128S_SPI.elf'
'Invoking: ARM v7 gcc linker'
arm-none-eabi-gcc -L../../AD128S_SPI_bsp/ps7_cortexa9_0/lib -mcpu=cortex-a9 -mfpu=vfpv3 -mfloat-abi=hard -Wl,-build-id=none -specs=Xilinx.spec -Wl,-T -Wl,../src/lscript.ld -o "AD128S_SPI.elf"  ./src/COMMON.o ./src/ISR.o ./src/main.o  ./ACZ7015_Lib/SCU/SCU_GIC.o ./ACZ7015_Lib/SCU/SCU_TIMER.o  ./ACZ7015_Lib/PS_SPI/PS_SPI.o  ./ACZ7015_Lib/PS_GPIO/PS_GPIO.o   -Wl,--start-group,-lxil,-lgcc,-lc,--end-group
'Finished building target: AD128S_SPI.elf'
' '
'Invoking: ARM v7 Print Size'
arm-none-eabi-size AD128S_SPI.elf  |tee "AD128S_SPI.elf.size"
   text	   data	    bss	    dec	    hex	filename
  36988	   1984	  22744	  61716	   f114	AD128S_SPI.elf
'Finished building: AD128S_SPI.elf.size'
' '
08:59:09 **** Auto Build of configuration Debug for project AD128S_SPI ****
make pre-build main-build 
a9-linaro-pre-build-step
' '
'Building file: ../src/COMMON.c'
'Invoking: ARM v7 gcc compiler'
arm-none-eabi-gcc -Wall -O0 -g3 -I../../AD128S_SPI_bsp/ps7_cortexa9_0/include -I"D:\work\waresoft\Vivado\workspace\AD128S_SPI\AD128S_SPI.sdk\AD128S_SPI\ACZ7015_Lib\PS_GPIO" -I"D:\work\waresoft\Vivado\workspace\AD128S_SPI\AD128S_SPI.sdk\AD128S_SPI\ACZ7015_Lib\PS_SPI" -I"D:\work\waresoft\Vivado\workspace\AD128S_SPI\AD128S_SPI.sdk\AD128S_SPI\ACZ7015_Lib\SCU" -I"D:\work\waresoft\Vivado\workspace\AD128S_SPI\AD128S_SPI.sdk\AD128S_SPI\src" -c -fmessage-length=0 -MT"src/COMMON.o" -mcpu=cortex-a9 -mfpu=vfpv3 -mfloat-abi=hard -MMD -MP -MF"src/COMMON.d" -MT"src/COMMON.o" -o "src/COMMON.o" "../src/COMMON.c"
'Finished building: ../src/COMMON.c'
' '
'Building file: ../src/ISR.c'
'Invoking: ARM v7 gcc compiler'
arm-none-eabi-gcc -Wall -O0 -g3 -I../../AD128S_SPI_bsp/ps7_cortexa9_0/include -I"D:\work\waresoft\Vivado\workspace\AD128S_SPI\AD128S_SPI.sdk\AD128S_SPI\ACZ7015_Lib\PS_GPIO" -I"D:\work\waresoft\Vivado\workspace\AD128S_SPI\AD128S_SPI.sdk\AD128S_SPI\ACZ7015_Lib\PS_SPI" -I"D:\work\waresoft\Vivado\workspace\AD128S_SPI\AD128S_SPI.sdk\AD128S_SPI\ACZ7015_Lib\SCU" -I"D:\work\waresoft\Vivado\workspace\AD128S_SPI\AD128S_SPI.sdk\AD128S_SPI\src" -c -fmessage-length=0 -MT"src/ISR.o" -mcpu=cortex-a9 -mfpu=vfpv3 -mfloat-abi=hard -MMD -MP -MF"src/ISR.d" -MT"src/ISR.o" -o "src/ISR.o" "../src/ISR.c"
'Finished building: ../src/ISR.c'
' '
'Building file: ../src/main.c'
'Invoking: ARM v7 gcc compiler'
arm-none-eabi-gcc -Wall -O0 -g3 -I../../AD128S_SPI_bsp/ps7_cortexa9_0/include -I"D:\work\waresoft\Vivado\workspace\AD128S_SPI\AD128S_SPI.sdk\AD128S_SPI\ACZ7015_Lib\PS_GPIO" -I"D:\work\waresoft\Vivado\workspace\AD128S_SPI\AD128S_SPI.sdk\AD128S_SPI\ACZ7015_Lib\PS_SPI" -I"D:\work\waresoft\Vivado\workspace\AD128S_SPI\AD128S_SPI.sdk\AD128S_SPI\ACZ7015_Lib\SCU" -I"D:\work\waresoft\Vivado\workspace\AD128S_SPI\AD128S_SPI.sdk\AD128S_SPI\src" -c -fmessage-length=0 -MT"src/main.o" -mcpu=cortex-a9 -mfpu=vfpv3 -mfloat-abi=hard -MMD -MP -MF"src/main.d" -MT"src/main.o" -o "src/main.o" "../src/main.c"
'Finished building: ../src/main.c'
' '
'Building file: ../ACZ7015_Lib/SCU/SCU_GIC.c'
'Invoking: ARM v7 gcc compiler'
arm-none-eabi-gcc -Wall -O0 -g3 -I../../AD128S_SPI_bsp/ps7_cortexa9_0/include -I"D:\work\waresoft\Vivado\workspace\AD128S_SPI\AD128S_SPI.sdk\AD128S_SPI\ACZ7015_Lib\PS_GPIO" -I"D:\work\waresoft\Vivado\workspace\AD128S_SPI\AD128S_SPI.sdk\AD128S_SPI\ACZ7015_Lib\PS_SPI" -I"D:\work\waresoft\Vivado\workspace\AD128S_SPI\AD128S_SPI.sdk\AD128S_SPI\ACZ7015_Lib\SCU" -I"D:\work\waresoft\Vivado\workspace\AD128S_SPI\AD128S_SPI.sdk\AD128S_SPI\src" -c -fmessage-length=0 -MT"ACZ7015_Lib/SCU/SCU_GIC.o" -mcpu=cortex-a9 -mfpu=vfpv3 -mfloat-abi=hard -MMD -MP -MF"ACZ7015_Lib/SCU/SCU_GIC.d" -MT"ACZ7015_Lib/SCU/SCU_GIC.o" -o "ACZ7015_Lib/SCU/SCU_GIC.o" "../ACZ7015_Lib/SCU/SCU_GIC.c"
'Finished building: ../ACZ7015_Lib/SCU/SCU_GIC.c'
' '
'Building file: ../ACZ7015_Lib/SCU/SCU_TIMER.c'
'Invoking: ARM v7 gcc compiler'
arm-none-eabi-gcc -Wall -O0 -g3 -I../../AD128S_SPI_bsp/ps7_cortexa9_0/include -I"D:\work\waresoft\Vivado\workspace\AD128S_SPI\AD128S_SPI.sdk\AD128S_SPI\ACZ7015_Lib\PS_GPIO" -I"D:\work\waresoft\Vivado\workspace\AD128S_SPI\AD128S_SPI.sdk\AD128S_SPI\ACZ7015_Lib\PS_SPI" -I"D:\work\waresoft\Vivado\workspace\AD128S_SPI\AD128S_SPI.sdk\AD128S_SPI\ACZ7015_Lib\SCU" -I"D:\work\waresoft\Vivado\workspace\AD128S_SPI\AD128S_SPI.sdk\AD128S_SPI\src" -c -fmessage-length=0 -MT"ACZ7015_Lib/SCU/SCU_TIMER.o" -mcpu=cortex-a9 -mfpu=vfpv3 -mfloat-abi=hard -MMD -MP -MF"ACZ7015_Lib/SCU/SCU_TIMER.d" -MT"ACZ7015_Lib/SCU/SCU_TIMER.o" -o "ACZ7015_Lib/SCU/SCU_TIMER.o" "../ACZ7015_Lib/SCU/SCU_TIMER.c"
'Finished building: ../ACZ7015_Lib/SCU/SCU_TIMER.c'
' '
'Building file: ../ACZ7015_Lib/PS_SPI/PS_SPI.c'
'Invoking: ARM v7 gcc compiler'
arm-none-eabi-gcc -Wall -O0 -g3 -I../../AD128S_SPI_bsp/ps7_cortexa9_0/include -I"D:\work\waresoft\Vivado\workspace\AD128S_SPI\AD128S_SPI.sdk\AD128S_SPI\ACZ7015_Lib\PS_GPIO" -I"D:\work\waresoft\Vivado\workspace\AD128S_SPI\AD128S_SPI.sdk\AD128S_SPI\ACZ7015_Lib\PS_SPI" -I"D:\work\waresoft\Vivado\workspace\AD128S_SPI\AD128S_SPI.sdk\AD128S_SPI\ACZ7015_Lib\SCU" -I"D:\work\waresoft\Vivado\workspace\AD128S_SPI\AD128S_SPI.sdk\AD128S_SPI\src" -c -fmessage-length=0 -MT"ACZ7015_Lib/PS_SPI/PS_SPI.o" -mcpu=cortex-a9 -mfpu=vfpv3 -mfloat-abi=hard -MMD -MP -MF"ACZ7015_Lib/PS_SPI/PS_SPI.d" -MT"ACZ7015_Lib/PS_SPI/PS_SPI.o" -o "ACZ7015_Lib/PS_SPI/PS_SPI.o" "../ACZ7015_Lib/PS_SPI/PS_SPI.c"
'Finished building: ../ACZ7015_Lib/PS_SPI/PS_SPI.c'
' '
'Building file: ../ACZ7015_Lib/PS_GPIO/PS_GPIO.c'
'Invoking: ARM v7 gcc compiler'
arm-none-eabi-gcc -Wall -O0 -g3 -I../../AD128S_SPI_bsp/ps7_cortexa9_0/include -I"D:\work\waresoft\Vivado\workspace\AD128S_SPI\AD128S_SPI.sdk\AD128S_SPI\ACZ7015_Lib\PS_GPIO" -I"D:\work\waresoft\Vivado\workspace\AD128S_SPI\AD128S_SPI.sdk\AD128S_SPI\ACZ7015_Lib\PS_SPI" -I"D:\work\waresoft\Vivado\workspace\AD128S_SPI\AD128S_SPI.sdk\AD128S_SPI\ACZ7015_Lib\SCU" -I"D:\work\waresoft\Vivado\workspace\AD128S_SPI\AD128S_SPI.sdk\AD128S_SPI\src" -c -fmessage-length=0 -MT"ACZ7015_Lib/PS_GPIO/PS_GPIO.o" -mcpu=cortex-a9 -mfpu=vfpv3 -mfloat-abi=hard -MMD -MP -MF"ACZ7015_Lib/PS_GPIO/PS_GPIO.d" -MT"ACZ7015_Lib/PS_GPIO/PS_GPIO.o" -o "ACZ7015_Lib/PS_GPIO/PS_GPIO.o" "../ACZ7015_Lib/PS_GPIO/PS_GPIO.c"
'Finished building: ../ACZ7015_Lib/PS_GPIO/PS_GPIO.c'
' '
'Building target: AD128S_SPI.elf'
'Invoking: ARM v7 gcc linker'
arm-none-eabi-gcc -L../../AD128S_SPI_bsp/ps7_cortexa9_0/lib -mcpu=cortex-a9 -mfpu=vfpv3 -mfloat-abi=hard -Wl,-build-id=none -specs=Xilinx.spec -Wl,-T -Wl,../src/lscript.ld -o "AD128S_SPI.elf"  ./src/COMMON.o ./src/ISR.o ./src/main.o  ./ACZ7015_Lib/SCU/SCU_GIC.o ./ACZ7015_Lib/SCU/SCU_TIMER.o  ./ACZ7015_Lib/PS_SPI/PS_SPI.o  ./ACZ7015_Lib/PS_GPIO/PS_GPIO.o   -Wl,--start-group,-lxil,-lgcc,-lc,--end-group
'Finished building target: AD128S_SPI.elf'
' '
'Invoking: ARM v7 Print Size'
arm-none-eabi-size AD128S_SPI.elf  |tee "AD128S_SPI.elf.size"
   text	   data	    bss	    dec	    hex	filename
  36988	   1984	  22744	  61716	   f114	AD128S_SPI.elf
'Finished building: AD128S_SPI.elf.size'
' '
08:59:22 **** Auto Build of configuration Debug for project AD128S_SPI ****
make pre-build main-build 
a9-linaro-pre-build-step
' '
'Building file: ../src/main.c'
'Invoking: ARM v7 gcc compiler'
arm-none-eabi-gcc -Wall -O0 -g3 -I../../AD128S_SPI_bsp/ps7_cortexa9_0/include -I"D:\work\waresoft\Vivado\workspace\AD128S_SPI\AD128S_SPI.sdk\AD128S_SPI\ACZ7015_Lib\PS_GPIO" -I"D:\work\waresoft\Vivado\workspace\AD128S_SPI\AD128S_SPI.sdk\AD128S_SPI\ACZ7015_Lib\PS_SPI" -I"D:\work\waresoft\Vivado\workspace\AD128S_SPI\AD128S_SPI.sdk\AD128S_SPI\ACZ7015_Lib\SCU" -I"D:\work\waresoft\Vivado\workspace\AD128S_SPI\AD128S_SPI.sdk\AD128S_SPI\src" -c -fmessage-length=0 -MT"src/main.o" -mcpu=cortex-a9 -mfpu=vfpv3 -mfloat-abi=hard -MMD -MP -MF"src/main.d" -MT"src/main.o" -o "src/main.o" "../src/main.c"
'Finished building: ../src/main.c'
' '
'Building target: AD128S_SPI.elf'
'Invoking: ARM v7 gcc linker'
arm-none-eabi-gcc -L../../AD128S_SPI_bsp/ps7_cortexa9_0/lib -mcpu=cortex-a9 -mfpu=vfpv3 -mfloat-abi=hard -Wl,-build-id=none -specs=Xilinx.spec -Wl,-T -Wl,../src/lscript.ld -o "AD128S_SPI.elf"  ./src/COMMON.o ./src/ISR.o ./src/main.o  ./ACZ7015_Lib/SCU/SCU_GIC.o ./ACZ7015_Lib/SCU/SCU_TIMER.o  ./ACZ7015_Lib/PS_SPI/PS_SPI.o  ./ACZ7015_Lib/PS_GPIO/PS_GPIO.o   -Wl,--start-group,-lxil,-lgcc,-lc,--end-group
'Finished building target: AD128S_SPI.elf'
' '
'Invoking: ARM v7 Print Size'
arm-none-eabi-size AD128S_SPI.elf  |tee "AD128S_SPI.elf.size"
   text	   data	    bss	    dec	    hex	filename
  36988	   1984	  22744	  61716	   f114	AD128S_SPI.elf
'Finished building: AD128S_SPI.elf.size'
' '
17:10:55 **** Auto Build of configuration Debug for project AD128S_SPI ****
make pre-build main-build 
a9-linaro-pre-build-step
' '
'Building file: ../src/COMMON.c'
'Invoking: ARM v7 gcc compiler'
arm-none-eabi-gcc -Wall -O0 -g3 -I../../AD128S_SPI_bsp/ps7_cortexa9_0/include -I"D:\work\waresoft\Vivado\workspace\ch22_ACZ7015AD128S_SPI\AD128S_SPI.sdk\AD128S_SPI\ACZ7015_Lib\PS_GPIO" -I"D:\work\waresoft\Vivado\workspace\ch22_ACZ7015AD128S_SPI\AD128S_SPI.sdk\AD128S_SPI\ACZ7015_Lib\PS_SPI" -I"D:\work\waresoft\Vivado\workspace\ch22_ACZ7015AD128S_SPI\AD128S_SPI.sdk\AD128S_SPI\ACZ7015_Lib\SCU" -I"D:\work\waresoft\Vivado\workspace\ch22_ACZ7015AD128S_SPI\AD128S_SPI.sdk\AD128S_SPI\src" -c -fmessage-length=0 -MT"src/COMMON.o" -mcpu=cortex-a9 -mfpu=vfpv3 -mfloat-abi=hard -MMD -MP -MF"src/COMMON.d" -MT"src/COMMON.o" -o "src/COMMON.o" "../src/COMMON.c"
'Finished building: ../src/COMMON.c'
' '
'Building file: ../src/ISR.c'
'Invoking: ARM v7 gcc compiler'
arm-none-eabi-gcc -Wall -O0 -g3 -I../../AD128S_SPI_bsp/ps7_cortexa9_0/include -I"D:\work\waresoft\Vivado\workspace\ch22_ACZ7015AD128S_SPI\AD128S_SPI.sdk\AD128S_SPI\ACZ7015_Lib\PS_GPIO" -I"D:\work\waresoft\Vivado\workspace\ch22_ACZ7015AD128S_SPI\AD128S_SPI.sdk\AD128S_SPI\ACZ7015_Lib\PS_SPI" -I"D:\work\waresoft\Vivado\workspace\ch22_ACZ7015AD128S_SPI\AD128S_SPI.sdk\AD128S_SPI\ACZ7015_Lib\SCU" -I"D:\work\waresoft\Vivado\workspace\ch22_ACZ7015AD128S_SPI\AD128S_SPI.sdk\AD128S_SPI\src" -c -fmessage-length=0 -MT"src/ISR.o" -mcpu=cortex-a9 -mfpu=vfpv3 -mfloat-abi=hard -MMD -MP -MF"src/ISR.d" -MT"src/ISR.o" -o "src/ISR.o" "../src/ISR.c"
'Finished building: ../src/ISR.c'
' '
'Building file: ../src/main.c'
'Invoking: ARM v7 gcc compiler'
arm-none-eabi-gcc -Wall -O0 -g3 -I../../AD128S_SPI_bsp/ps7_cortexa9_0/include -I"D:\work\waresoft\Vivado\workspace\ch22_ACZ7015AD128S_SPI\AD128S_SPI.sdk\AD128S_SPI\ACZ7015_Lib\PS_GPIO" -I"D:\work\waresoft\Vivado\workspace\ch22_ACZ7015AD128S_SPI\AD128S_SPI.sdk\AD128S_SPI\ACZ7015_Lib\PS_SPI" -I"D:\work\waresoft\Vivado\workspace\ch22_ACZ7015AD128S_SPI\AD128S_SPI.sdk\AD128S_SPI\ACZ7015_Lib\SCU" -I"D:\work\waresoft\Vivado\workspace\ch22_ACZ7015AD128S_SPI\AD128S_SPI.sdk\AD128S_SPI\src" -c -fmessage-length=0 -MT"src/main.o" -mcpu=cortex-a9 -mfpu=vfpv3 -mfloat-abi=hard -MMD -MP -MF"src/main.d" -MT"src/main.o" -o "src/main.o" "../src/main.c"
'Finished building: ../src/main.c'
' '
'Building file: ../ACZ7015_Lib/SCU/SCU_GIC.c'
'Invoking: ARM v7 gcc compiler'
arm-none-eabi-gcc -Wall -O0 -g3 -I../../AD128S_SPI_bsp/ps7_cortexa9_0/include -I"D:\work\waresoft\Vivado\workspace\ch22_ACZ7015AD128S_SPI\AD128S_SPI.sdk\AD128S_SPI\ACZ7015_Lib\PS_GPIO" -I"D:\work\waresoft\Vivado\workspace\ch22_ACZ7015AD128S_SPI\AD128S_SPI.sdk\AD128S_SPI\ACZ7015_Lib\PS_SPI" -I"D:\work\waresoft\Vivado\workspace\ch22_ACZ7015AD128S_SPI\AD128S_SPI.sdk\AD128S_SPI\ACZ7015_Lib\SCU" -I"D:\work\waresoft\Vivado\workspace\ch22_ACZ7015AD128S_SPI\AD128S_SPI.sdk\AD128S_SPI\src" -c -fmessage-length=0 -MT"ACZ7015_Lib/SCU/SCU_GIC.o" -mcpu=cortex-a9 -mfpu=vfpv3 -mfloat-abi=hard -MMD -MP -MF"ACZ7015_Lib/SCU/SCU_GIC.d" -MT"ACZ7015_Lib/SCU/SCU_GIC.o" -o "ACZ7015_Lib/SCU/SCU_GIC.o" "../ACZ7015_Lib/SCU/SCU_GIC.c"
'Finished building: ../ACZ7015_Lib/SCU/SCU_GIC.c'
' '
'Building file: ../ACZ7015_Lib/SCU/SCU_TIMER.c'
'Invoking: ARM v7 gcc compiler'
arm-none-eabi-gcc -Wall -O0 -g3 -I../../AD128S_SPI_bsp/ps7_cortexa9_0/include -I"D:\work\waresoft\Vivado\workspace\ch22_ACZ7015AD128S_SPI\AD128S_SPI.sdk\AD128S_SPI\ACZ7015_Lib\PS_GPIO" -I"D:\work\waresoft\Vivado\workspace\ch22_ACZ7015AD128S_SPI\AD128S_SPI.sdk\AD128S_SPI\ACZ7015_Lib\PS_SPI" -I"D:\work\waresoft\Vivado\workspace\ch22_ACZ7015AD128S_SPI\AD128S_SPI.sdk\AD128S_SPI\ACZ7015_Lib\SCU" -I"D:\work\waresoft\Vivado\workspace\ch22_ACZ7015AD128S_SPI\AD128S_SPI.sdk\AD128S_SPI\src" -c -fmessage-length=0 -MT"ACZ7015_Lib/SCU/SCU_TIMER.o" -mcpu=cortex-a9 -mfpu=vfpv3 -mfloat-abi=hard -MMD -MP -MF"ACZ7015_Lib/SCU/SCU_TIMER.d" -MT"ACZ7015_Lib/SCU/SCU_TIMER.o" -o "ACZ7015_Lib/SCU/SCU_TIMER.o" "../ACZ7015_Lib/SCU/SCU_TIMER.c"
'Finished building: ../ACZ7015_Lib/SCU/SCU_TIMER.c'
' '
'Building file: ../ACZ7015_Lib/PS_SPI/PS_SPI.c'
'Invoking: ARM v7 gcc compiler'
arm-none-eabi-gcc -Wall -O0 -g3 -I../../AD128S_SPI_bsp/ps7_cortexa9_0/include -I"D:\work\waresoft\Vivado\workspace\ch22_ACZ7015AD128S_SPI\AD128S_SPI.sdk\AD128S_SPI\ACZ7015_Lib\PS_GPIO" -I"D:\work\waresoft\Vivado\workspace\ch22_ACZ7015AD128S_SPI\AD128S_SPI.sdk\AD128S_SPI\ACZ7015_Lib\PS_SPI" -I"D:\work\waresoft\Vivado\workspace\ch22_ACZ7015AD128S_SPI\AD128S_SPI.sdk\AD128S_SPI\ACZ7015_Lib\SCU" -I"D:\work\waresoft\Vivado\workspace\ch22_ACZ7015AD128S_SPI\AD128S_SPI.sdk\AD128S_SPI\src" -c -fmessage-length=0 -MT"ACZ7015_Lib/PS_SPI/PS_SPI.o" -mcpu=cortex-a9 -mfpu=vfpv3 -mfloat-abi=hard -MMD -MP -MF"ACZ7015_Lib/PS_SPI/PS_SPI.d" -MT"ACZ7015_Lib/PS_SPI/PS_SPI.o" -o "ACZ7015_Lib/PS_SPI/PS_SPI.o" "../ACZ7015_Lib/PS_SPI/PS_SPI.c"
'Finished building: ../ACZ7015_Lib/PS_SPI/PS_SPI.c'
' '
'Building file: ../ACZ7015_Lib/PS_GPIO/PS_GPIO.c'
'Invoking: ARM v7 gcc compiler'
arm-none-eabi-gcc -Wall -O0 -g3 -I../../AD128S_SPI_bsp/ps7_cortexa9_0/include -I"D:\work\waresoft\Vivado\workspace\ch22_ACZ7015AD128S_SPI\AD128S_SPI.sdk\AD128S_SPI\ACZ7015_Lib\PS_GPIO" -I"D:\work\waresoft\Vivado\workspace\ch22_ACZ7015AD128S_SPI\AD128S_SPI.sdk\AD128S_SPI\ACZ7015_Lib\PS_SPI" -I"D:\work\waresoft\Vivado\workspace\ch22_ACZ7015AD128S_SPI\AD128S_SPI.sdk\AD128S_SPI\ACZ7015_Lib\SCU" -I"D:\work\waresoft\Vivado\workspace\ch22_ACZ7015AD128S_SPI\AD128S_SPI.sdk\AD128S_SPI\src" -c -fmessage-length=0 -MT"ACZ7015_Lib/PS_GPIO/PS_GPIO.o" -mcpu=cortex-a9 -mfpu=vfpv3 -mfloat-abi=hard -MMD -MP -MF"ACZ7015_Lib/PS_GPIO/PS_GPIO.d" -MT"ACZ7015_Lib/PS_GPIO/PS_GPIO.o" -o "ACZ7015_Lib/PS_GPIO/PS_GPIO.o" "../ACZ7015_Lib/PS_GPIO/PS_GPIO.c"
'Finished building: ../ACZ7015_Lib/PS_GPIO/PS_GPIO.c'
' '
'Building target: AD128S_SPI.elf'
'Invoking: ARM v7 gcc linker'
arm-none-eabi-gcc -L../../AD128S_SPI_bsp/ps7_cortexa9_0/lib -mcpu=cortex-a9 -mfpu=vfpv3 -mfloat-abi=hard -Wl,-build-id=none -specs=Xilinx.spec -Wl,-T -Wl,../src/lscript.ld -o "AD128S_SPI.elf"  ./src/COMMON.o ./src/ISR.o ./src/main.o  ./ACZ7015_Lib/SCU/SCU_GIC.o ./ACZ7015_Lib/SCU/SCU_TIMER.o  ./ACZ7015_Lib/PS_SPI/PS_SPI.o  ./ACZ7015_Lib/PS_GPIO/PS_GPIO.o   -Wl,--start-group,-lxil,-lgcc,-lc,--end-group
'Finished building target: AD128S_SPI.elf'
' '
'Invoking: ARM v7 Print Size'
arm-none-eabi-size AD128S_SPI.elf  |tee "AD128S_SPI.elf.size"
   text	   data	    bss	    dec	    hex	filename
  36988	   1984	  22744	  61716	   f114	AD128S_SPI.elf
'Finished building: AD128S_SPI.elf.size'
' '
