22:37:47 **** Build of project key_ctrl_led_bsp ****
make -k all 
"Running Make include in ps7_cortexa9_0/libsrc/coresightps_dcc_v1_4/src"
D:/NEW/TYUT/Vivado/Xilinx/SDK/2018.3/gnuwin/bin/make -C ps7_cortexa9_0/libsrc/coresightps_dcc_v1_4/src -s include  "SHELL=CMD" "COMPILER=arm-none-eabi-gcc" "ARCHIVER=arm-none-eabi-ar" "COMPILER_FLAGS=  -O2 -c" "EXTRA_COMPILER_FLAGS=-mcpu=cortex-a9 -mfpu=vfpv3 -mfloat-abi=hard -nostartfiles -g -Wall -Wextra"
"Running Make include in ps7_cortexa9_0/libsrc/cpu_cortexa9_v2_7/src"
D:/NEW/TYUT/Vivado/Xilinx/SDK/2018.3/gnuwin/bin/make -C ps7_cortexa9_0/libsrc/cpu_cortexa9_v2_7/src -s include  "SHELL=CMD" "COMPILER=arm-none-eabi-gcc" "ARCHIVER=arm-none-eabi-ar" "COMPILER_FLAGS=  -O2 -c" "EXTRA_COMPILER_FLAGS=-mcpu=cortex-a9 -mfpu=vfpv3 -mfloat-abi=hard -nostartfiles -g -Wall -Wextra"
"Running Make include in ps7_cortexa9_0/libsrc/ddrps_v1_0/src"
D:/NEW/TYUT/Vivado/Xilinx/SDK/2018.3/gnuwin/bin/make -C ps7_cortexa9_0/libsrc/ddrps_v1_0/src -s include  "SHELL=CMD" "COMPILER=arm-none-eabi-gcc" "ARCHIVER=arm-none-eabi-ar" "COMPILER_FLAGS=  -O2 -c" "EXTRA_COMPILER_FLAGS=-mcpu=cortex-a9 -mfpu=vfpv3 -mfloat-abi=hard -nostartfiles -g -Wall -Wextra"
"Running Make include in ps7_cortexa9_0/libsrc/devcfg_v3_5/src"
D:/NEW/TYUT/Vivado/Xilinx/SDK/2018.3/gnuwin/bin/make -C ps7_cortexa9_0/libsrc/devcfg_v3_5/src -s include  "SHELL=CMD" "COMPILER=arm-none-eabi-gcc" "ARCHIVER=arm-none-eabi-ar" "COMPILER_FLAGS=  -O2 -c" "EXTRA_COMPILER_FLAGS=-mcpu=cortex-a9 -mfpu=vfpv3 -mfloat-abi=hard -nostartfiles -g -Wall -Wextra"
"Running Make include in ps7_cortexa9_0/libsrc/dmaps_v2_4/src"
D:/NEW/TYUT/Vivado/Xilinx/SDK/2018.3/gnuwin/bin/make -C ps7_cortexa9_0/libsrc/dmaps_v2_4/src -s include  "SHELL=CMD" "COMPILER=arm-none-eabi-gcc" "ARCHIVER=arm-none-eabi-ar" "COMPILER_FLAGS=  -O2 -c" "EXTRA_COMPILER_FLAGS=-mcpu=cortex-a9 -mfpu=vfpv3 -mfloat-abi=hard -nostartfiles -g -Wall -Wextra"
"Running Make include in ps7_cortexa9_0/libsrc/gpiops_v3_4/src"
D:/NEW/TYUT/Vivado/Xilinx/SDK/2018.3/gnuwin/bin/make -C ps7_cortexa9_0/libsrc/gpiops_v3_4/src -s include  "SHELL=CMD" "COMPILER=arm-none-eabi-gcc" "ARCHIVER=arm-none-eabi-ar" "COMPILER_FLAGS=  -O2 -c" "EXTRA_COMPILER_FLAGS=-mcpu=cortex-a9 -mfpu=vfpv3 -mfloat-abi=hard -nostartfiles -g -Wall -Wextra"
"Running Make include in ps7_cortexa9_0/libsrc/scugic_v3_10/src"
D:/NEW/TYUT/Vivado/Xilinx/SDK/2018.3/gnuwin/bin/make -C ps7_cortexa9_0/libsrc/scugic_v3_10/src -s include  "SHELL=CMD" "COMPILER=arm-none-eabi-gcc" "ARCHIVER=arm-none-eabi-ar" "COMPILER_FLAGS=  -O2 -c" "EXTRA_COMPILER_FLAGS=-mcpu=cortex-a9 -mfpu=vfpv3 -mfloat-abi=hard -nostartfiles -g -Wall -Wextra"
"Running Make include in ps7_cortexa9_0/libsrc/scutimer_v2_1/src"
D:/NEW/TYUT/Vivado/Xilinx/SDK/2018.3/gnuwin/bin/make -C ps7_cortexa9_0/libsrc/scutimer_v2_1/src -s include  "SHELL=CMD" "COMPILER=arm-none-eabi-gcc" "ARCHIVER=arm-none-eabi-ar" "COMPILER_FLAGS=  -O2 -c" "EXTRA_COMPILER_FLAGS=-mcpu=cortex-a9 -mfpu=vfpv3 -mfloat-abi=hard -nostartfiles -g -Wall -Wextra"
"Running Make include in ps7_cortexa9_0/libsrc/scuwdt_v2_1/src"
D:/NEW/TYUT/Vivado/Xilinx/SDK/2018.3/gnuwin/bin/make -C ps7_cortexa9_0/libsrc/scuwdt_v2_1/src -s include  "SHELL=CMD" "COMPILER=arm-none-eabi-gcc" "ARCHIVER=arm-none-eabi-ar" "COMPILER_FLAGS=  -O2 -c" "EXTRA_COMPILER_FLAGS=-mcpu=cortex-a9 -mfpu=vfpv3 -mfloat-abi=hard -nostartfiles -g -Wall -Wextra"
"Running Make include in ps7_cortexa9_0/libsrc/standalone_v6_8/src"
D:/NEW/TYUT/Vivado/Xilinx/SDK/2018.3/gnuwin/bin/make -C ps7_cortexa9_0/libsrc/standalone_v6_8/src -s include  "SHELL=CMD" "COMPILER=arm-none-eabi-gcc" "ARCHIVER=arm-none-eabi-ar" "COMPILER_FLAGS=  -O2 -c" "EXTRA_COMPILER_FLAGS=-mcpu=cortex-a9 -mfpu=vfpv3 -mfloat-abi=hard -nostartfiles -g -Wall -Wextra"
"Running Make include in ps7_cortexa9_0/libsrc/xadcps_v2_3/src"
D:/NEW/TYUT/Vivado/Xilinx/SDK/2018.3/gnuwin/bin/make -C ps7_cortexa9_0/libsrc/xadcps_v2_3/src -s include  "SHELL=CMD" "COMPILER=arm-none-eabi-gcc" "ARCHIVER=arm-none-eabi-ar" "COMPILER_FLAGS=  -O2 -c" "EXTRA_COMPILER_FLAGS=-mcpu=cortex-a9 -mfpu=vfpv3 -mfloat-abi=hard -nostartfiles -g -Wall -Wextra"
"Running Make libs in ps7_cortexa9_0/libsrc/coresightps_dcc_v1_4/src"
D:/NEW/TYUT/Vivado/Xilinx/SDK/2018.3/gnuwin/bin/make -C ps7_cortexa9_0/libsrc/coresightps_dcc_v1_4/src -s libs  "SHELL=CMD" "COMPILER=arm-none-eabi-gcc" "ARCHIVER=arm-none-eabi-ar" "COMPILER_FLAGS=  -O2 -c" "EXTRA_COMPILER_FLAGS=-mcpu=cortex-a9 -mfpu=vfpv3 -mfloat-abi=hard -nostartfiles -g -Wall -Wextra"
"Compiling coresightps_dcc"
arm-none-eabi-ar: creating ../../../lib/libxil.a
"Running Make libs in ps7_cortexa9_0/libsrc/cpu_cortexa9_v2_7/src"
D:/NEW/TYUT/Vivado/Xilinx/SDK/2018.3/gnuwin/bin/make -C ps7_cortexa9_0/libsrc/cpu_cortexa9_v2_7/src -s libs  "SHELL=CMD" "COMPILER=arm-none-eabi-gcc" "ARCHIVER=arm-none-eabi-ar" "COMPILER_FLAGS=  -O2 -c" "EXTRA_COMPILER_FLAGS=-mcpu=cortex-a9 -mfpu=vfpv3 -mfloat-abi=hard -nostartfiles -g -Wall -Wextra"
"Compiling cpu_cortexa9"
"Running Make libs in ps7_cortexa9_0/libsrc/ddrps_v1_0/src"
D:/NEW/TYUT/Vivado/Xilinx/SDK/2018.3/gnuwin/bin/make -C ps7_cortexa9_0/libsrc/ddrps_v1_0/src -s libs  "SHELL=CMD" "COMPILER=arm-none-eabi-gcc" "ARCHIVER=arm-none-eabi-ar" "COMPILER_FLAGS=  -O2 -c" "EXTRA_COMPILER_FLAGS=-mcpu=cortex-a9 -mfpu=vfpv3 -mfloat-abi=hard -nostartfiles -g -Wall -Wextra"
"Compiling ddrps"
"Running Make libs in ps7_cortexa9_0/libsrc/devcfg_v3_5/src"
D:/NEW/TYUT/Vivado/Xilinx/SDK/2018.3/gnuwin/bin/make -C ps7_cortexa9_0/libsrc/devcfg_v3_5/src -s libs  "SHELL=CMD" "COMPILER=arm-none-eabi-gcc" "ARCHIVER=arm-none-eabi-ar" "COMPILER_FLAGS=  -O2 -c" "EXTRA_COMPILER_FLAGS=-mcpu=cortex-a9 -mfpu=vfpv3 -mfloat-abi=hard -nostartfiles -g -Wall -Wextra"
"Compiling devcfg"
"Running Make libs in ps7_cortexa9_0/libsrc/dmaps_v2_4/src"
D:/NEW/TYUT/Vivado/Xilinx/SDK/2018.3/gnuwin/bin/make -C ps7_cortexa9_0/libsrc/dmaps_v2_4/src -s libs  "SHELL=CMD" "COMPILER=arm-none-eabi-gcc" "ARCHIVER=arm-none-eabi-ar" "COMPILER_FLAGS=  -O2 -c" "EXTRA_COMPILER_FLAGS=-mcpu=cortex-a9 -mfpu=vfpv3 -mfloat-abi=hard -nostartfiles -g -Wall -Wextra"
"Compiling dmaps"
"Running Make libs in ps7_cortexa9_0/libsrc/gpiops_v3_4/src"
D:/NEW/TYUT/Vivado/Xilinx/SDK/2018.3/gnuwin/bin/make -C ps7_cortexa9_0/libsrc/gpiops_v3_4/src -s libs  "SHELL=CMD" "COMPILER=arm-none-eabi-gcc" "ARCHIVER=arm-none-eabi-ar" "COMPILER_FLAGS=  -O2 -c" "EXTRA_COMPILER_FLAGS=-mcpu=cortex-a9 -mfpu=vfpv3 -mfloat-abi=hard -nostartfiles -g -Wall -Wextra"
"Compiling gpiops"
"Running Make libs in ps7_cortexa9_0/libsrc/scugic_v3_10/src"
D:/NEW/TYUT/Vivado/Xilinx/SDK/2018.3/gnuwin/bin/make -C ps7_cortexa9_0/libsrc/scugic_v3_10/src -s libs  "SHELL=CMD" "COMPILER=arm-none-eabi-gcc" "ARCHIVER=arm-none-eabi-ar" "COMPILER_FLAGS=  -O2 -c" "EXTRA_COMPILER_FLAGS=-mcpu=cortex-a9 -mfpu=vfpv3 -mfloat-abi=hard -nostartfiles -g -Wall -Wextra"
"Compiling scugic"
"Running Make libs in ps7_cortexa9_0/libsrc/scutimer_v2_1/src"
D:/NEW/TYUT/Vivado/Xilinx/SDK/2018.3/gnuwin/bin/make -C ps7_cortexa9_0/libsrc/scutimer_v2_1/src -s libs  "SHELL=CMD" "COMPILER=arm-none-eabi-gcc" "ARCHIVER=arm-none-eabi-ar" "COMPILER_FLAGS=  -O2 -c" "EXTRA_COMPILER_FLAGS=-mcpu=cortex-a9 -mfpu=vfpv3 -mfloat-abi=hard -nostartfiles -g -Wall -Wextra"
"Compiling scutimer"
"Running Make libs in ps7_cortexa9_0/libsrc/scuwdt_v2_1/src"
D:/NEW/TYUT/Vivado/Xilinx/SDK/2018.3/gnuwin/bin/make -C ps7_cortexa9_0/libsrc/scuwdt_v2_1/src -s libs  "SHELL=CMD" "COMPILER=arm-none-eabi-gcc" "ARCHIVER=arm-none-eabi-ar" "COMPILER_FLAGS=  -O2 -c" "EXTRA_COMPILER_FLAGS=-mcpu=cortex-a9 -mfpu=vfpv3 -mfloat-abi=hard -nostartfiles -g -Wall -Wextra"
"Compiling scuwdt"
"Running Make libs in ps7_cortexa9_0/libsrc/standalone_v6_8/src"
D:/NEW/TYUT/Vivado/Xilinx/SDK/2018.3/gnuwin/bin/make -C ps7_cortexa9_0/libsrc/standalone_v6_8/src -s libs  "SHELL=CMD" "COMPILER=arm-none-eabi-gcc" "ARCHIVER=arm-none-eabi-ar" "COMPILER_FLAGS=  -O2 -c" "EXTRA_COMPILER_FLAGS=-mcpu=cortex-a9 -mfpu=vfpv3 -mfloat-abi=hard -nostartfiles -g -Wall -Wextra"
"Compiling standalone"
In file included from usleep.c:56:0:
xtime_l.h:87:9: note: #pragma message: For the sleep routines, Global timer is being used
 #pragma message ("For the sleep routines, Global timer is being used")
         ^~~~~~~
In file included from xil_sleeptimer.c:51:0:
xtime_l.h:87:9: note: #pragma message: For the sleep routines, Global timer is being used
 #pragma message ("For the sleep routines, Global timer is being used")
         ^~~~~~~
In file included from xtime_l.c:49:0:
xtime_l.h:87:9: note: #pragma message: For the sleep routines, Global timer is being used
 #pragma message ("For the sleep routines, Global timer is being used")
         ^~~~~~~
In file included from sleep.c:53:0:
xtime_l.h:87:9: note: #pragma message: For the sleep routines, Global timer is being used
 #pragma message ("For the sleep routines, Global timer is being used")
         ^~~~~~~
"Running Make libs in ps7_cortexa9_0/libsrc/xadcps_v2_3/src"
D:/NEW/TYUT/Vivado/Xilinx/SDK/2018.3/gnuwin/bin/make -C ps7_cortexa9_0/libsrc/xadcps_v2_3/src -s libs  "SHELL=CMD" "COMPILER=arm-none-eabi-gcc" "ARCHIVER=arm-none-eabi-ar" "COMPILER_FLAGS=  -O2 -c" "EXTRA_COMPILER_FLAGS=-mcpu=cortex-a9 -mfpu=vfpv3 -mfloat-abi=hard -nostartfiles -g -Wall -Wextra"
"Compiling xadcps"
'Finished building libraries'

**** Build of configuration Debug for project key_ctrl_led ****

Nothing to build for project key_ctrl_led
22:44:22 **** Auto Build of configuration Debug for project key_ctrl_led ****
make pre-build main-build 
a9-linaro-pre-build-step
' '
'Building file: ../src/COMMON.c'
'Invoking: ARM v7 gcc compiler'
arm-none-eabi-gcc -Wall -O0 -g3 -c -fmessage-length=0 -MT"src/COMMON.o" -mcpu=cortex-a9 -mfpu=vfpv3 -mfloat-abi=hard -I../../key_ctrl_led_bsp/ps7_cortexa9_0/include -MMD -MP -MF"src/COMMON.d" -MT"src/COMMON.o" -o "src/COMMON.o" "../src/COMMON.c"
In file included from ../src/COMMON.c:14:0:
../src/COMMON.h:25:10: fatal error: SCU_GIC.h: No such file or directory
 #include "SCU_GIC.h"
          ^~~~~~~~~~~
compilation terminated.
make: *** [src/subdir.mk:29: src/COMMON.o] Error 1
22:47:04 **** Auto Build of configuration Debug for project key_ctrl_led ****
make pre-build main-build 
a9-linaro-pre-build-step
' '
'Building file: ../src/COMMON.c'
'Invoking: ARM v7 gcc compiler'
arm-none-eabi-gcc -Wall -O0 -g3 -c -fmessage-length=0 -MT"src/COMMON.o" -mcpu=cortex-a9 -mfpu=vfpv3 -mfloat-abi=hard -I../../key_ctrl_led_bsp/ps7_cortexa9_0/include -MMD -MP -MF"src/COMMON.d" -MT"src/COMMON.o" -o "src/COMMON.o" "../src/COMMON.c"
In file included from ../src/COMMON.c:14:0:
../src/COMMON.h:25:10: fatal error: SCU_GIC.h: No such file or directory
 #include "SCU_GIC.h"
          ^~~~~~~~~~~
compilation terminated.
make: *** [src/subdir.mk:29: src/COMMON.o] Error 1
22:52:10 **** Clean-only build of configuration Debug for project key_ctrl_led ****
make clean 
rm -rf  ./src/COMMON.o ./src/ISR.o ./src/main.o  ./ACZ7015_Lib/SCU/SCU_GIC.o ./ACZ7015_Lib/SCU/SCU_TIMER.o  ./ACZ7015_Lib/PS_GPIO/PS_GPIO.o  ./src/COMMON.d ./src/ISR.d ./src/main.d  ./ACZ7015_Lib/SCU/SCU_GIC.d ./ACZ7015_Lib/SCU/SCU_TIMER.d  ./ACZ7015_Lib/PS_GPIO/PS_GPIO.d  key_ctrl_led.elf.size  key_ctrl_led.elf
' '
22:52:11 **** Auto Build of configuration Debug for project key_ctrl_led ****
make pre-build main-build 
a9-linaro-pre-build-step
' '
'Building file: ../src/COMMON.c'
'Invoking: ARM v7 gcc compiler'
arm-none-eabi-gcc -Wall -O0 -g3 -I../../key_ctrl_led_bsp/ps7_cortexa9_0/include -I/key_ctrl_led/ACZ7015_Lib/PS_GPIO -c -fmessage-length=0 -MT"src/COMMON.o" -mcpu=cortex-a9 -mfpu=vfpv3 -mfloat-abi=hard -MMD -MP -MF"src/COMMON.d" -MT"src/COMMON.o" -o "src/COMMON.o" "../src/COMMON.c"
In file included from ../src/COMMON.c:14:0:
../src/COMMON.h:25:10: fatal error: SCU_GIC.h: No such file or directory
 #include "SCU_GIC.h"
          ^~~~~~~~~~~
compilation terminated.
make: *** [src/subdir.mk:29: src/COMMON.o] Error 1
22:53:02 **** Clean-only build of configuration Debug for project key_ctrl_led ****
make clean 
rm -rf  ./src/COMMON.o ./src/ISR.o ./src/main.o  ./ACZ7015_Lib/SCU/SCU_GIC.o ./ACZ7015_Lib/SCU/SCU_TIMER.o  ./ACZ7015_Lib/PS_GPIO/PS_GPIO.o  ./src/COMMON.d ./src/ISR.d ./src/main.d  ./ACZ7015_Lib/SCU/SCU_GIC.d ./ACZ7015_Lib/SCU/SCU_TIMER.d  ./ACZ7015_Lib/PS_GPIO/PS_GPIO.d  key_ctrl_led.elf.size  key_ctrl_led.elf
' '
22:53:03 **** Auto Build of configuration Debug for project key_ctrl_led ****
make pre-build main-build 
a9-linaro-pre-build-step
' '
'Building file: ../src/COMMON.c'
'Invoking: ARM v7 gcc compiler'
arm-none-eabi-gcc -Wall -O0 -g3 -I../../key_ctrl_led_bsp/ps7_cortexa9_0/include -I/key_ctrl_led/ACZ7015_Lib/PS_GPIO -I/key_ctrl_led/ACZ7015_Lib/SCU -c -fmessage-length=0 -MT"src/COMMON.o" -mcpu=cortex-a9 -mfpu=vfpv3 -mfloat-abi=hard -MMD -MP -MF"src/COMMON.d" -MT"src/COMMON.o" -o "src/COMMON.o" "../src/COMMON.c"
In file included from ../src/COMMON.c:14:0:
../src/COMMON.h:25:10: fatal error: SCU_GIC.h: No such file or directory
 #include "SCU_GIC.h"
          ^~~~~~~~~~~
compilation terminated.
make: *** [src/subdir.mk:29: src/COMMON.o] Error 1
22:55:10 **** Auto Build of configuration Debug for project key_ctrl_led ****
make pre-build main-build 
a9-linaro-pre-build-step
' '
'Building file: ../src/COMMON.c'
'Invoking: ARM v7 gcc compiler'
arm-none-eabi-gcc -Wall -O0 -g3 -I../../key_ctrl_led_bsp/ps7_cortexa9_0/include -I/key_ctrl_led/ACZ7015_Lib/PS_GPIO -I/key_ctrl_led/ACZ7015_Lib/SCU -c -fmessage-length=0 -MT"src/COMMON.o" -mcpu=cortex-a9 -mfpu=vfpv3 -mfloat-abi=hard -MMD -MP -MF"src/COMMON.d" -MT"src/COMMON.o" -o "src/COMMON.o" "../src/COMMON.c"
In file included from ../src/COMMON.c:14:0:
../src/COMMON.h:24:10: fatal error: PS_GPIO.h: No such file or directory
 #include "PS_GPIO.h"
          ^~~~~~~~~~~
compilation terminated.
make: *** [src/subdir.mk:29: src/COMMON.o] Error 1
22:55:39 **** Auto Build of configuration Debug for project key_ctrl_led ****
make pre-build main-build 
a9-linaro-pre-build-step
' '
'Building file: ../src/COMMON.c'
'Invoking: ARM v7 gcc compiler'
arm-none-eabi-gcc -Wall -O0 -g3 -I../../key_ctrl_led_bsp/ps7_cortexa9_0/include -I/key_ctrl_led/ACZ7015_Lib/PS_GPIO -I/key_ctrl_led/ACZ7015_Lib/SCU -c -fmessage-length=0 -MT"src/COMMON.o" -mcpu=cortex-a9 -mfpu=vfpv3 -mfloat-abi=hard -MMD -MP -MF"src/COMMON.d" -MT"src/COMMON.o" -o "src/COMMON.o" "../src/COMMON.c"
In file included from ../src/COMMON.c:14:0:
../src/COMMON.h:24:10: fatal error: PS_GPIO.h: No such file or directory
 #include "PS_GPIO.h"
          ^~~~~~~~~~~
compilation terminated.
make: *** [src/subdir.mk:29: src/COMMON.o] Error 1
22:55:56 **** Auto Build of configuration Debug for project key_ctrl_led ****
make pre-build main-build 
a9-linaro-pre-build-step
' '
'Building file: ../src/COMMON.c'
'Invoking: ARM v7 gcc compiler'
arm-none-eabi-gcc -Wall -O0 -g3 -I../../key_ctrl_led_bsp/ps7_cortexa9_0/include -I/key_ctrl_led/ACZ7015_Lib/PS_GPIO -I/key_ctrl_led/ACZ7015_Lib/SCU -c -fmessage-length=0 -MT"src/COMMON.o" -mcpu=cortex-a9 -mfpu=vfpv3 -mfloat-abi=hard -MMD -MP -MF"src/COMMON.d" -MT"src/COMMON.o" -o "src/COMMON.o" "../src/COMMON.c"
In file included from ../src/COMMON.c:14:0:
../src/COMMON.h:22:10: fatal error: PS_GPIO.h: No such file or directory
 #include "PS_GPIO.h"
          ^~~~~~~~~~~
compilation terminated.
make: *** [src/subdir.mk:29: src/COMMON.o] Error 1
11:22:47 **** Auto Build of configuration Debug for project key_ctrl_led ****
make pre-build main-build 
a9-linaro-pre-build-step
' '
'Building file: ../src/COMMON.c'
'Invoking: ARM v7 gcc compiler'
arm-none-eabi-gcc -Wall -O0 -g3 -I../../key_ctrl_led_bsp/ps7_cortexa9_0/include -I/key_ctrl_led/ACZ7015_Lib/PS_GPIO -I/key_ctrl_led/ACZ7015_Lib/SCU -c -fmessage-length=0 -MT"src/COMMON.o" -mcpu=cortex-a9 -mfpu=vfpv3 -mfloat-abi=hard -MMD -MP -MF"src/COMMON.d" -MT"src/COMMON.o" -o "src/COMMON.o" "../src/COMMON.c"
In file included from ../src/COMMON.c:14:0:
../src/COMMON.h:22:10: fatal error: PS_GPIO.h: No such file or directory
 #include "PS_GPIO.h"
          ^~~~~~~~~~~
compilation terminated.
make: *** [src/subdir.mk:29: src/COMMON.o] Error 1
11:23:02 **** Auto Build of configuration Debug for project key_ctrl_led ****
make pre-build main-build 
a9-linaro-pre-build-step
' '
'Building file: ../src/COMMON.c'
'Invoking: ARM v7 gcc compiler'
arm-none-eabi-gcc -Wall -O0 -g3 -I../../key_ctrl_led_bsp/ps7_cortexa9_0/include -I/key_ctrl_led/ACZ7015_Lib/PS_GPIO -I/key_ctrl_led/ACZ7015_Lib/SCU -c -fmessage-length=0 -MT"src/COMMON.o" -mcpu=cortex-a9 -mfpu=vfpv3 -mfloat-abi=hard -MMD -MP -MF"src/COMMON.d" -MT"src/COMMON.o" -o "src/COMMON.o" "../src/COMMON.c"
In file included from ../src/COMMON.c:14:0:
../src/COMMON.h:22:10: fatal error: PS_GPIO.h: No such file or directory
 #include "PS_GPIO.h"
          ^~~~~~~~~~~
compilation terminated.
make: *** [src/subdir.mk:29: src/COMMON.o] Error 1
11:23:29 **** Auto Build of configuration Debug for project key_ctrl_led ****
make pre-build main-build 
a9-linaro-pre-build-step
' '
'Building file: ../src/COMMON.c'
'Invoking: ARM v7 gcc compiler'
arm-none-eabi-gcc -Wall -O0 -g3 -I../../key_ctrl_led_bsp/ps7_cortexa9_0/include -I/key_ctrl_led/ACZ7015_Lib/PS_GPIO -I/key_ctrl_led/ACZ7015_Lib/SCU -c -fmessage-length=0 -MT"src/COMMON.o" -mcpu=cortex-a9 -mfpu=vfpv3 -mfloat-abi=hard -MMD -MP -MF"src/COMMON.d" -MT"src/COMMON.o" -o "src/COMMON.o" "../src/COMMON.c"
In file included from ../src/COMMON.c:14:0:
../src/COMMON.h:22:10: fatal error: PS_GPIO.h: No such file or directory
 #include "PS_GPIO.h"
          ^~~~~~~~~~~
compilation terminated.
make: *** [src/subdir.mk:29: src/COMMON.o] Error 1
11:23:45 **** Auto Build of configuration Debug for project key_ctrl_led ****
make pre-build main-build 
a9-linaro-pre-build-step
' '
'Building file: ../src/COMMON.c'
'Invoking: ARM v7 gcc compiler'
arm-none-eabi-gcc -Wall -O0 -g3 -I../../key_ctrl_led_bsp/ps7_cortexa9_0/include -I/key_ctrl_led/ACZ7015_Lib/PS_GPIO -I/key_ctrl_led/ACZ7015_Lib/SCU -c -fmessage-length=0 -MT"src/COMMON.o" -mcpu=cortex-a9 -mfpu=vfpv3 -mfloat-abi=hard -MMD -MP -MF"src/COMMON.d" -MT"src/COMMON.o" -o "src/COMMON.o" "../src/COMMON.c"
In file included from ../src/COMMON.c:14:0:
../src/COMMON.h:22:10: fatal error: PS_GPIO.h: No such file or directory
 #include "PS_GPIO.h"
          ^~~~~~~~~~~
compilation terminated.
make: *** [src/subdir.mk:29: src/COMMON.o] Error 1
11:24:02 **** Auto Build of configuration Debug for project key_ctrl_led ****
make pre-build main-build 
a9-linaro-pre-build-step
' '
'Building file: ../src/COMMON.c'
'Invoking: ARM v7 gcc compiler'
arm-none-eabi-gcc -Wall -O0 -g3 -I../../key_ctrl_led_bsp/ps7_cortexa9_0/include -I/key_ctrl_led/ACZ7015_Lib/PS_GPIO -I/key_ctrl_led/ACZ7015_Lib/SCU -c -fmessage-length=0 -MT"src/COMMON.o" -mcpu=cortex-a9 -mfpu=vfpv3 -mfloat-abi=hard -MMD -MP -MF"src/COMMON.d" -MT"src/COMMON.o" -o "src/COMMON.o" "../src/COMMON.c"
In file included from ../src/COMMON.c:14:0:
../src/COMMON.h:22:10: fatal error: PS_GPIO.h: No such file or directory
 #include "PS_GPIO.h"
          ^~~~~~~~~~~
compilation terminated.
make: *** [src/subdir.mk:29: src/COMMON.o] Error 1
11:28:31 **** Auto Build of configuration Debug for project key_ctrl_led ****
make pre-build main-build 
a9-linaro-pre-build-step
' '
'Building file: ../src/COMMON.c'
'Invoking: ARM v7 gcc compiler'
arm-none-eabi-gcc -Wall -O0 -g3 -I../../key_ctrl_led_bsp/ps7_cortexa9_0/include -I/key_ctrl_led/ACZ7015_Lib/PS_GPIO -I/key_ctrl_led/ACZ7015_Lib/SCU -c -fmessage-length=0 -MT"src/COMMON.o" -mcpu=cortex-a9 -mfpu=vfpv3 -mfloat-abi=hard -MMD -MP -MF"src/COMMON.d" -MT"src/COMMON.o" -o "src/COMMON.o" "../src/COMMON.c"
In file included from ../src/COMMON.c:14:0:
../src/COMMON.h:22:10: fatal error: PS_GPIO.h: No such file or directory
 #include "PS_GPIO.h"
          ^~~~~~~~~~~
compilation terminated.
make: *** [src/subdir.mk:29: src/COMMON.o] Error 1
11:28:37 **** Auto Build of configuration Debug for project key_ctrl_led ****
make pre-build main-build 
a9-linaro-pre-build-step
' '
'Building file: ../src/COMMON.c'
'Invoking: ARM v7 gcc compiler'
arm-none-eabi-gcc -Wall -O0 -g3 -I../../key_ctrl_led_bsp/ps7_cortexa9_0/include -I/key_ctrl_led/ACZ7015_Lib/PS_GPIO -I/key_ctrl_led/ACZ7015_Lib/SCU -c -fmessage-length=0 -MT"src/COMMON.o" -mcpu=cortex-a9 -mfpu=vfpv3 -mfloat-abi=hard -MMD -MP -MF"src/COMMON.d" -MT"src/COMMON.o" -o "src/COMMON.o" "../src/COMMON.c"
In file included from ../src/COMMON.c:14:0:
../src/COMMON.h:22:10: fatal error: PS_GPIO.h: No such file or directory
 #include "PS_GPIO.h"
          ^~~~~~~~~~~
compilation terminated.
make: *** [src/subdir.mk:29: src/COMMON.o] Error 1
11:28:45 **** Auto Build of configuration Debug for project key_ctrl_led ****
make pre-build main-build 
a9-linaro-pre-build-step
' '
'Building file: ../src/COMMON.c'
'Invoking: ARM v7 gcc compiler'
arm-none-eabi-gcc -Wall -O0 -g3 -I../../key_ctrl_led_bsp/ps7_cortexa9_0/include -I/key_ctrl_led/ACZ7015_Lib/PS_GPIO -I/key_ctrl_led/ACZ7015_Lib/SCU -c -fmessage-length=0 -MT"src/COMMON.o" -mcpu=cortex-a9 -mfpu=vfpv3 -mfloat-abi=hard -MMD -MP -MF"src/COMMON.d" -MT"src/COMMON.o" -o "src/COMMON.o" "../src/COMMON.c"
In file included from ../src/COMMON.c:14:0:
../src/COMMON.h:22:10: fatal error: PS_GPIO.h: No such file or directory
 #include "PS_GPIO.h"
          ^~~~~~~~~~~
compilation terminated.
make: *** [src/subdir.mk:29: src/COMMON.o] Error 1
11:28:48 **** Auto Build of configuration Debug for project key_ctrl_led ****
make pre-build main-build 
a9-linaro-pre-build-step
' '
'Building file: ../src/COMMON.c'
'Invoking: ARM v7 gcc compiler'
arm-none-eabi-gcc -Wall -O0 -g3 -I../../key_ctrl_led_bsp/ps7_cortexa9_0/include -I/key_ctrl_led/ACZ7015_Lib/PS_GPIO -I/key_ctrl_led/ACZ7015_Lib/SCU -c -fmessage-length=0 -MT"src/COMMON.o" -mcpu=cortex-a9 -mfpu=vfpv3 -mfloat-abi=hard -MMD -MP -MF"src/COMMON.d" -MT"src/COMMON.o" -o "src/COMMON.o" "../src/COMMON.c"
In file included from ../src/COMMON.c:14:0:
../src/COMMON.h:22:10: fatal error: PS_GPIO.h: No such file or directory
 #include "PS_GPIO.h"
          ^~~~~~~~~~~
compilation terminated.
make: *** [src/subdir.mk:29: src/COMMON.o] Error 1
11:29:41 **** Auto Build of configuration Debug for project key_ctrl_led ****
make pre-build main-build 
a9-linaro-pre-build-step
' '
'Building file: ../src/COMMON.c'
'Invoking: ARM v7 gcc compiler'
arm-none-eabi-gcc -Wall -O0 -g3 -I../../key_ctrl_led_bsp/ps7_cortexa9_0/include -I/key_ctrl_led/ACZ7015_Lib/PS_GPIO -I/key_ctrl_led/ACZ7015_Lib/SCU -c -fmessage-length=0 -MT"src/COMMON.o" -mcpu=cortex-a9 -mfpu=vfpv3 -mfloat-abi=hard -MMD -MP -MF"src/COMMON.d" -MT"src/COMMON.o" -o "src/COMMON.o" "../src/COMMON.c"
In file included from ../src/COMMON.c:14:0:
../src/COMMON.h:23:10: fatal error: SCU_GIC.h: No such file or directory
 #include "SCU_GIC.h"
          ^~~~~~~~~~~
compilation terminated.
make: *** [src/subdir.mk:29: src/COMMON.o] Error 1
11:29:46 **** Auto Build of configuration Debug for project key_ctrl_led ****
make pre-build main-build 
a9-linaro-pre-build-step
' '
'Building file: ../src/COMMON.c'
'Invoking: ARM v7 gcc compiler'
arm-none-eabi-gcc -Wall -O0 -g3 -I../../key_ctrl_led_bsp/ps7_cortexa9_0/include -I/key_ctrl_led/ACZ7015_Lib/PS_GPIO -I/key_ctrl_led/ACZ7015_Lib/SCU -c -fmessage-length=0 -MT"src/COMMON.o" -mcpu=cortex-a9 -mfpu=vfpv3 -mfloat-abi=hard -MMD -MP -MF"src/COMMON.d" -MT"src/COMMON.o" -o "src/COMMON.o" "../src/COMMON.c"
In file included from ../src/COMMON.c:14:0:
../src/COMMON.h:22:10: fatal error: PS_GPIO.h: No such file or directory
 #include "PS_GPIO.h"
          ^~~~~~~~~~~
compilation terminated.
make: *** [src/subdir.mk:29: src/COMMON.o] Error 1
11:31:15 **** Clean-only build of configuration Debug for project key_ctrl_led ****
make clean 
rm -rf  ./src/COMMON.o ./src/ISR.o ./src/main.o  ./ACZ7015_Lib/SCU/SCU_GIC.o ./ACZ7015_Lib/SCU/SCU_TIMER.o  ./ACZ7015_Lib/PS_GPIO/PS_GPIO.o  ./src/COMMON.d ./src/ISR.d ./src/main.d  ./ACZ7015_Lib/SCU/SCU_GIC.d ./ACZ7015_Lib/SCU/SCU_TIMER.d  ./ACZ7015_Lib/PS_GPIO/PS_GPIO.d  key_ctrl_led.elf.size  key_ctrl_led.elf
' '
11:31:16 **** Auto Build of configuration Debug for project key_ctrl_led ****
make pre-build main-build 
a9-linaro-pre-build-step
' '
'Building file: ../src/COMMON.c'
'Invoking: ARM v7 gcc compiler'
arm-none-eabi-gcc -Wall -O0 -g3 -I../../key_ctrl_led_bsp/ps7_cortexa9_0/include -I/key_ctrl_led/ACZ7015_Lib/PS_GPIO -I/key_ctrl_led/ACZ7015_Lib/SCU -I/key_ctrl_led/src -c -fmessage-length=0 -MT"src/COMMON.o" -mcpu=cortex-a9 -mfpu=vfpv3 -mfloat-abi=hard -MMD -MP -MF"src/COMMON.d" -MT"src/COMMON.o" -o "src/COMMON.o" "../src/COMMON.c"
In file included from ../src/COMMON.c:14:0:
../src/COMMON.h:22:10: fatal error: PS_GPIO.h: No such file or directory
 #include "PS_GPIO.h"
          ^~~~~~~~~~~
compilation terminated.
make: *** [src/subdir.mk:29: src/COMMON.o] Error 1
11:31:18 **** Clean-only build of configuration Debug for project key_ctrl_led ****
make clean 
rm -rf  ./src/COMMON.o ./src/ISR.o ./src/main.o  ./ACZ7015_Lib/SCU/SCU_GIC.o ./ACZ7015_Lib/SCU/SCU_TIMER.o  ./ACZ7015_Lib/PS_GPIO/PS_GPIO.o  ./src/COMMON.d ./src/ISR.d ./src/main.d  ./ACZ7015_Lib/SCU/SCU_GIC.d ./ACZ7015_Lib/SCU/SCU_TIMER.d  ./ACZ7015_Lib/PS_GPIO/PS_GPIO.d  key_ctrl_led.elf.size  key_ctrl_led.elf
' '
11:31:19 **** Auto Build of configuration Debug for project key_ctrl_led ****
make pre-build main-build 
a9-linaro-pre-build-step
' '
'Building file: ../src/COMMON.c'
'Invoking: ARM v7 gcc compiler'
arm-none-eabi-gcc -Wall -O0 -g3 -I../../key_ctrl_led_bsp/ps7_cortexa9_0/include -I/key_ctrl_led/ACZ7015_Lib/PS_GPIO -I/key_ctrl_led/ACZ7015_Lib/SCU -I/key_ctrl_led/src -c -fmessage-length=0 -MT"src/COMMON.o" -mcpu=cortex-a9 -mfpu=vfpv3 -mfloat-abi=hard -MMD -MP -MF"src/COMMON.d" -MT"src/COMMON.o" -o "src/COMMON.o" "../src/COMMON.c"
In file included from ../src/COMMON.c:14:0:
../src/COMMON.h:22:10: fatal error: PS_GPIO.h: No such file or directory
 #include "PS_GPIO.h"
          ^~~~~~~~~~~
compilation terminated.
make: *** [src/subdir.mk:29: src/COMMON.o] Error 1
11:32:46 **** Auto Build of configuration Debug for project key_ctrl_led ****
make pre-build main-build 
a9-linaro-pre-build-step
' '
'Building file: ../src/COMMON.c'
'Invoking: ARM v7 gcc compiler'
arm-none-eabi-gcc -Wall -O0 -g3 -I../../key_ctrl_led_bsp/ps7_cortexa9_0/include -I/key_ctrl_led/ACZ7015_Lib/PS_GPIO -I/key_ctrl_led/ACZ7015_Lib/SCU -I/key_ctrl_led/src -c -fmessage-length=0 -MT"src/COMMON.o" -mcpu=cortex-a9 -mfpu=vfpv3 -mfloat-abi=hard -MMD -MP -MF"src/COMMON.d" -MT"src/COMMON.o" -o "src/COMMON.o" "../src/COMMON.c"
In file included from ../src/COMMON.c:14:0:
../src/COMMON.h:22:10: fatal error: PS_GPIO.h: No such file or directory
 #include "PS_GPIO.h"
          ^~~~~~~~~~~
compilation terminated.
make: *** [src/subdir.mk:29: src/COMMON.o] Error 1
11:32:50 **** Auto Build of configuration Debug for project key_ctrl_led ****
make pre-build main-build 
a9-linaro-pre-build-step
' '
'Building file: ../src/COMMON.c'
'Invoking: ARM v7 gcc compiler'
arm-none-eabi-gcc -Wall -O0 -g3 -I../../key_ctrl_led_bsp/ps7_cortexa9_0/include -I/key_ctrl_led/ACZ7015_Lib/PS_GPIO -I/key_ctrl_led/ACZ7015_Lib/SCU -I/key_ctrl_led/src -c -fmessage-length=0 -MT"src/COMMON.o" -mcpu=cortex-a9 -mfpu=vfpv3 -mfloat-abi=hard -MMD -MP -MF"src/COMMON.d" -MT"src/COMMON.o" -o "src/COMMON.o" "../src/COMMON.c"
In file included from ../src/COMMON.c:14:0:
../src/COMMON.h:22:10: fatal error: PS_GPIO.h: No such file or directory
 #include "PS_GPIO.h"
          ^~~~~~~~~~~
compilation terminated.
make: *** [src/subdir.mk:29: src/COMMON.o] Error 1
11:35:22 **** Clean-only build of configuration Debug for project key_ctrl_led ****
make clean 
rm -rf  ./src/COMMON.o ./src/ISR.o ./src/main.o  ./ACZ7015_Lib/SCU/SCU_GIC.o ./ACZ7015_Lib/SCU/SCU_TIMER.o  ./ACZ7015_Lib/PS_GPIO/PS_GPIO.o  ./src/COMMON.d ./src/ISR.d ./src/main.d  ./ACZ7015_Lib/SCU/SCU_GIC.d ./ACZ7015_Lib/SCU/SCU_TIMER.d  ./ACZ7015_Lib/PS_GPIO/PS_GPIO.d  key_ctrl_led.elf.size  key_ctrl_led.elf
' '
11:35:22 **** Auto Build of configuration Debug for project key_ctrl_led ****
make pre-build main-build 
a9-linaro-pre-build-step
' '
'Building file: ../src/COMMON.c'
'Invoking: ARM v7 gcc compiler'
arm-none-eabi-gcc -Wall -O0 -g3 -I../../key_ctrl_led_bsp/ps7_cortexa9_0/include -I"D:\NEW\TYUT\FPGA\Code\1_Learning\PS\1_BronzeDivision\key_ctrl_led\key_ctrl_led.sdk\key_ctrl_led\ACZ7015_Lib\PS_GPIO" -I"D:\NEW\TYUT\FPGA\Code\1_Learning\PS\1_BronzeDivision\key_ctrl_led\key_ctrl_led.sdk\key_ctrl_led\ACZ7015_Lib\SCU" -I"D:\NEW\TYUT\FPGA\Code\1_Learning\PS\1_BronzeDivision\key_ctrl_led\key_ctrl_led.sdk\key_ctrl_led\src" -c -fmessage-length=0 -MT"src/COMMON.o" -mcpu=cortex-a9 -mfpu=vfpv3 -mfloat-abi=hard -MMD -MP -MF"src/COMMON.d" -MT"src/COMMON.o" -o "src/COMMON.o" "../src/COMMON.c"
'Finished building: ../src/COMMON.c'
' '
'Building file: ../src/ISR.c'
'Invoking: ARM v7 gcc compiler'
arm-none-eabi-gcc -Wall -O0 -g3 -I../../key_ctrl_led_bsp/ps7_cortexa9_0/include -I"D:\NEW\TYUT\FPGA\Code\1_Learning\PS\1_BronzeDivision\key_ctrl_led\key_ctrl_led.sdk\key_ctrl_led\ACZ7015_Lib\PS_GPIO" -I"D:\NEW\TYUT\FPGA\Code\1_Learning\PS\1_BronzeDivision\key_ctrl_led\key_ctrl_led.sdk\key_ctrl_led\ACZ7015_Lib\SCU" -I"D:\NEW\TYUT\FPGA\Code\1_Learning\PS\1_BronzeDivision\key_ctrl_led\key_ctrl_led.sdk\key_ctrl_led\src" -c -fmessage-length=0 -MT"src/ISR.o" -mcpu=cortex-a9 -mfpu=vfpv3 -mfloat-abi=hard -MMD -MP -MF"src/ISR.d" -MT"src/ISR.o" -o "src/ISR.o" "../src/ISR.c"
'Finished building: ../src/ISR.c'
' '
'Building file: ../src/main.c'
'Invoking: ARM v7 gcc compiler'
arm-none-eabi-gcc -Wall -O0 -g3 -I../../key_ctrl_led_bsp/ps7_cortexa9_0/include -I"D:\NEW\TYUT\FPGA\Code\1_Learning\PS\1_BronzeDivision\key_ctrl_led\key_ctrl_led.sdk\key_ctrl_led\ACZ7015_Lib\PS_GPIO" -I"D:\NEW\TYUT\FPGA\Code\1_Learning\PS\1_BronzeDivision\key_ctrl_led\key_ctrl_led.sdk\key_ctrl_led\ACZ7015_Lib\SCU" -I"D:\NEW\TYUT\FPGA\Code\1_Learning\PS\1_BronzeDivision\key_ctrl_led\key_ctrl_led.sdk\key_ctrl_led\src" -c -fmessage-length=0 -MT"src/main.o" -mcpu=cortex-a9 -mfpu=vfpv3 -mfloat-abi=hard -MMD -MP -MF"src/main.d" -MT"src/main.o" -o "src/main.o" "../src/main.c"
'Finished building: ../src/main.c'
' '
'Building file: ../ACZ7015_Lib/SCU/SCU_GIC.c'
'Invoking: ARM v7 gcc compiler'
arm-none-eabi-gcc -Wall -O0 -g3 -I../../key_ctrl_led_bsp/ps7_cortexa9_0/include -I"D:\NEW\TYUT\FPGA\Code\1_Learning\PS\1_BronzeDivision\key_ctrl_led\key_ctrl_led.sdk\key_ctrl_led\ACZ7015_Lib\PS_GPIO" -I"D:\NEW\TYUT\FPGA\Code\1_Learning\PS\1_BronzeDivision\key_ctrl_led\key_ctrl_led.sdk\key_ctrl_led\ACZ7015_Lib\SCU" -I"D:\NEW\TYUT\FPGA\Code\1_Learning\PS\1_BronzeDivision\key_ctrl_led\key_ctrl_led.sdk\key_ctrl_led\src" -c -fmessage-length=0 -MT"ACZ7015_Lib/SCU/SCU_GIC.o" -mcpu=cortex-a9 -mfpu=vfpv3 -mfloat-abi=hard -MMD -MP -MF"ACZ7015_Lib/SCU/SCU_GIC.d" -MT"ACZ7015_Lib/SCU/SCU_GIC.o" -o "ACZ7015_Lib/SCU/SCU_GIC.o" "../ACZ7015_Lib/SCU/SCU_GIC.c"
'Finished building: ../ACZ7015_Lib/SCU/SCU_GIC.c'
' '
'Building file: ../ACZ7015_Lib/SCU/SCU_TIMER.c'
'Invoking: ARM v7 gcc compiler'
arm-none-eabi-gcc -Wall -O0 -g3 -I../../key_ctrl_led_bsp/ps7_cortexa9_0/include -I"D:\NEW\TYUT\FPGA\Code\1_Learning\PS\1_BronzeDivision\key_ctrl_led\key_ctrl_led.sdk\key_ctrl_led\ACZ7015_Lib\PS_GPIO" -I"D:\NEW\TYUT\FPGA\Code\1_Learning\PS\1_BronzeDivision\key_ctrl_led\key_ctrl_led.sdk\key_ctrl_led\ACZ7015_Lib\SCU" -I"D:\NEW\TYUT\FPGA\Code\1_Learning\PS\1_BronzeDivision\key_ctrl_led\key_ctrl_led.sdk\key_ctrl_led\src" -c -fmessage-length=0 -MT"ACZ7015_Lib/SCU/SCU_TIMER.o" -mcpu=cortex-a9 -mfpu=vfpv3 -mfloat-abi=hard -MMD -MP -MF"ACZ7015_Lib/SCU/SCU_TIMER.d" -MT"ACZ7015_Lib/SCU/SCU_TIMER.o" -o "ACZ7015_Lib/SCU/SCU_TIMER.o" "../ACZ7015_Lib/SCU/SCU_TIMER.c"
'Finished building: ../ACZ7015_Lib/SCU/SCU_TIMER.c'
' '
'Building file: ../ACZ7015_Lib/PS_GPIO/PS_GPIO.c'
'Invoking: ARM v7 gcc compiler'
arm-none-eabi-gcc -Wall -O0 -g3 -I../../key_ctrl_led_bsp/ps7_cortexa9_0/include -I"D:\NEW\TYUT\FPGA\Code\1_Learning\PS\1_BronzeDivision\key_ctrl_led\key_ctrl_led.sdk\key_ctrl_led\ACZ7015_Lib\PS_GPIO" -I"D:\NEW\TYUT\FPGA\Code\1_Learning\PS\1_BronzeDivision\key_ctrl_led\key_ctrl_led.sdk\key_ctrl_led\ACZ7015_Lib\SCU" -I"D:\NEW\TYUT\FPGA\Code\1_Learning\PS\1_BronzeDivision\key_ctrl_led\key_ctrl_led.sdk\key_ctrl_led\src" -c -fmessage-length=0 -MT"ACZ7015_Lib/PS_GPIO/PS_GPIO.o" -mcpu=cortex-a9 -mfpu=vfpv3 -mfloat-abi=hard -MMD -MP -MF"ACZ7015_Lib/PS_GPIO/PS_GPIO.d" -MT"ACZ7015_Lib/PS_GPIO/PS_GPIO.o" -o "ACZ7015_Lib/PS_GPIO/PS_GPIO.o" "../ACZ7015_Lib/PS_GPIO/PS_GPIO.c"
'Finished building: ../ACZ7015_Lib/PS_GPIO/PS_GPIO.c'
' '
'Building target: key_ctrl_led.elf'
'Invoking: ARM v7 gcc linker'
arm-none-eabi-gcc -mcpu=cortex-a9 -mfpu=vfpv3 -mfloat-abi=hard -Wl,-build-id=none -specs=Xilinx.spec -Wl,-T -Wl,../src/lscript.ld -L../../key_ctrl_led_bsp/ps7_cortexa9_0/lib -o "key_ctrl_led.elf"  ./src/COMMON.o ./src/ISR.o ./src/main.o  ./ACZ7015_Lib/SCU/SCU_GIC.o ./ACZ7015_Lib/SCU/SCU_TIMER.o  ./ACZ7015_Lib/PS_GPIO/PS_GPIO.o   -Wl,--start-group,-lxil,-lgcc,-lc,--end-group
'Finished building target: key_ctrl_led.elf'
' '
'Invoking: ARM v7 Print Size'
arm-none-eabi-size key_ctrl_led.elf  |tee "key_ctrl_led.elf.size"
   text	   data	    bss	    dec	    hex	filename
  31788	   1936	  22648	  56372	   dc34	key_ctrl_led.elf
'Finished building: key_ctrl_led.elf.size'
' '
